Archive member included to satisfy reference by file (symbol)

C:/ST/STM32CubeIDE_1.17.0/STM32CubeIDE/plugins/com.st.stm32cube.ide.mcu.externaltools.gnu-tools-for-stm32.12.3.rel1.win32_1.1.0.202410251130/tools/bin/../lib/gcc/arm-none-eabi/12.3.1/../../../../arm-none-eabi/lib/thumb/v7e-m+dp/hard\libc_nano.a(libc_a-exit.o)
                              C:/ST/STM32CubeIDE_1.17.0/STM32CubeIDE/plugins/com.st.stm32cube.ide.mcu.externaltools.gnu-tools-for-stm32.12.3.rel1.win32_1.1.0.202410251130/tools/bin/../lib/gcc/arm-none-eabi/12.3.1/../../../../arm-none-eabi/lib/thumb/v7e-m+dp/hard/crt0.o (exit)
C:/ST/STM32CubeIDE_1.17.0/STM32CubeIDE/plugins/com.st.stm32cube.ide.mcu.externaltools.gnu-tools-for-stm32.12.3.rel1.win32_1.1.0.202410251130/tools/bin/../lib/gcc/arm-none-eabi/12.3.1/../../../../arm-none-eabi/lib/thumb/v7e-m+dp/hard\libc_nano.a(libc_a-findfp.o)
                              ./Middlewares/Third_Party/FreeRTOS/Source/tasks.o (__sf)
C:/ST/STM32CubeIDE_1.17.0/STM32CubeIDE/plugins/com.st.stm32cube.ide.mcu.externaltools.gnu-tools-for-stm32.12.3.rel1.win32_1.1.0.202410251130/tools/bin/../lib/gcc/arm-none-eabi/12.3.1/../../../../arm-none-eabi/lib/thumb/v7e-m+dp/hard\libc_nano.a(libc_a-fwalk.o)
                              C:/ST/STM32CubeIDE_1.17.0/STM32CubeIDE/plugins/com.st.stm32cube.ide.mcu.externaltools.gnu-tools-for-stm32.12.3.rel1.win32_1.1.0.202410251130/tools/bin/../lib/gcc/arm-none-eabi/12.3.1/../../../../arm-none-eabi/lib/thumb/v7e-m+dp/hard\libc_nano.a(libc_a-findfp.o) (_fwalk_sglue)
C:/ST/STM32CubeIDE_1.17.0/STM32CubeIDE/plugins/com.st.stm32cube.ide.mcu.externaltools.gnu-tools-for-stm32.12.3.rel1.win32_1.1.0.202410251130/tools/bin/../lib/gcc/arm-none-eabi/12.3.1/../../../../arm-none-eabi/lib/thumb/v7e-m+dp/hard\libc_nano.a(libc_a-snprintf.o)
                              ./Core/Src/manchester_service.o (snprintf)
C:/ST/STM32CubeIDE_1.17.0/STM32CubeIDE/plugins/com.st.stm32cube.ide.mcu.externaltools.gnu-tools-for-stm32.12.3.rel1.win32_1.1.0.202410251130/tools/bin/../lib/gcc/arm-none-eabi/12.3.1/../../../../arm-none-eabi/lib/thumb/v7e-m+dp/hard\libc_nano.a(libc_a-stdio.o)
                              C:/ST/STM32CubeIDE_1.17.0/STM32CubeIDE/plugins/com.st.stm32cube.ide.mcu.externaltools.gnu-tools-for-stm32.12.3.rel1.win32_1.1.0.202410251130/tools/bin/../lib/gcc/arm-none-eabi/12.3.1/../../../../arm-none-eabi/lib/thumb/v7e-m+dp/hard\libc_nano.a(libc_a-findfp.o) (__sread)
C:/ST/STM32CubeIDE_1.17.0/STM32CubeIDE/plugins/com.st.stm32cube.ide.mcu.externaltools.gnu-tools-for-stm32.12.3.rel1.win32_1.1.0.202410251130/tools/bin/../lib/gcc/arm-none-eabi/12.3.1/../../../../arm-none-eabi/lib/thumb/v7e-m+dp/hard\libc_nano.a(libc_a-memset.o)
                              C:/ST/STM32CubeIDE_1.17.0/STM32CubeIDE/plugins/com.st.stm32cube.ide.mcu.externaltools.gnu-tools-for-stm32.12.3.rel1.win32_1.1.0.202410251130/tools/bin/../lib/gcc/arm-none-eabi/12.3.1/../../../../arm-none-eabi/lib/thumb/v7e-m+dp/hard/crt0.o (memset)
C:/ST/STM32CubeIDE_1.17.0/STM32CubeIDE/plugins/com.st.stm32cube.ide.mcu.externaltools.gnu-tools-for-stm32.12.3.rel1.win32_1.1.0.202410251130/tools/bin/../lib/gcc/arm-none-eabi/12.3.1/../../../../arm-none-eabi/lib/thumb/v7e-m+dp/hard\libc_nano.a(libc_a-closer.o)
                              C:/ST/STM32CubeIDE_1.17.0/STM32CubeIDE/plugins/com.st.stm32cube.ide.mcu.externaltools.gnu-tools-for-stm32.12.3.rel1.win32_1.1.0.202410251130/tools/bin/../lib/gcc/arm-none-eabi/12.3.1/../../../../arm-none-eabi/lib/thumb/v7e-m+dp/hard\libc_nano.a(libc_a-stdio.o) (_close_r)
C:/ST/STM32CubeIDE_1.17.0/STM32CubeIDE/plugins/com.st.stm32cube.ide.mcu.externaltools.gnu-tools-for-stm32.12.3.rel1.win32_1.1.0.202410251130/tools/bin/../lib/gcc/arm-none-eabi/12.3.1/../../../../arm-none-eabi/lib/thumb/v7e-m+dp/hard\libc_nano.a(libc_a-reent.o)
                              ./Middlewares/Third_Party/FreeRTOS/Source/tasks.o (_reclaim_reent)
C:/ST/STM32CubeIDE_1.17.0/STM32CubeIDE/plugins/com.st.stm32cube.ide.mcu.externaltools.gnu-tools-for-stm32.12.3.rel1.win32_1.1.0.202410251130/tools/bin/../lib/gcc/arm-none-eabi/12.3.1/../../../../arm-none-eabi/lib/thumb/v7e-m+dp/hard\libc_nano.a(libc_a-impure.o)
                              ./Middlewares/Third_Party/FreeRTOS/Source/tasks.o (_impure_ptr)
C:/ST/STM32CubeIDE_1.17.0/STM32CubeIDE/plugins/com.st.stm32cube.ide.mcu.externaltools.gnu-tools-for-stm32.12.3.rel1.win32_1.1.0.202410251130/tools/bin/../lib/gcc/arm-none-eabi/12.3.1/../../../../arm-none-eabi/lib/thumb/v7e-m+dp/hard\libc_nano.a(libc_a-lseekr.o)
                              C:/ST/STM32CubeIDE_1.17.0/STM32CubeIDE/plugins/com.st.stm32cube.ide.mcu.externaltools.gnu-tools-for-stm32.12.3.rel1.win32_1.1.0.202410251130/tools/bin/../lib/gcc/arm-none-eabi/12.3.1/../../../../arm-none-eabi/lib/thumb/v7e-m+dp/hard\libc_nano.a(libc_a-stdio.o) (_lseek_r)
[...]
Memory Configuration

Name             Origin             Length             Attributes
FLASH            0x08000000         0x00200000         xr
DTCMRAM          0x20000000         0x00020000         xrw
RAM              0x20020000         0x00060000         xrw
*default*        0x00000000         0xffffffff

Linker script and memory map

LOAD C:/ST/STM32CubeIDE_1.17.0/STM32CubeIDE/plugins/com.st.stm32cube.ide.mcu.externaltools.gnu-tools-for-stm32.12.3.rel1.win32_1.1.0.202410251130/tools/bin/../lib/gcc/arm-none-eabi/12.3.1/thumb/v7e-m+dp/hard/crti.o
LOAD C:/ST/STM32CubeIDE_1.17.0/STM32CubeIDE/plugins/com.st.stm32cube.ide.mcu.externaltools.gnu-tools-for-stm32.12.3.rel1.win32_1.1.0.202410251130/tools/bin/../lib/gcc/arm-none-eabi/12.3.1/thumb/v7e-m+dp/hard/crtbegin.o
LOAD C:/ST/STM32CubeIDE_1.17.0/STM32CubeIDE/plugins/com.st.stm32cube.ide.mcu.externaltools.gnu-tools-for-stm32.12.3.rel1.win32_1.1.0.202410251130/tools/bin/../lib/gcc/arm-none-eabi/12.3.1/../../../../arm-none-eabi/lib/thumb/v7e-m+dp/hard/crt0.o
LOAD ./Core/Src/freertos.o
LOAD ./Core/Src/main.o
LOAD ./Core/Src/manchester_bits.o
LOAD ./Core/Src/manchester_crc.o
LOAD ./Core/Src/manchester_fec.o
LOAD ./Core/Src/manchester_frame.o
LOAD ./Core/Src/manchester_hal_callbacks.o
LOAD ./Core/Src/manchester_line.o
LOAD ./Core/Src/manchester_rx_dsp.o
LOAD ./Core/Src/manchester_service.o
LOAD ./Core/Src/stm32f7xx_hal_msp.o
LOAD ./Core/Src/stm32f7xx_hal_timebase_tim.o
LOAD ./Core/Src/stm32f7xx_it.o
LOAD ./Core/Src/syscalls.o
LOAD ./Core/Src/sysmem.o
LOAD ./Core/Src/system_stm32f7xx.o
LOAD ./Core/Startup/startup_stm32f767zitx.o
LOAD ./Drivers/STM32F7xx_HAL_Driver/Src/stm32f7xx_hal.o
LOAD ./Drivers/STM32F7xx_HAL_Driver/Src/stm32f7xx_hal_cortex.o
LOAD ./Drivers/STM32F7xx_HAL_Driver/Src/stm32f7xx_hal_dma.o
LOAD ./Drivers/STM32F7xx_HAL_Driver/Src/stm32f7xx_hal_dma_ex.o
LOAD ./Drivers/STM32F7xx_HAL_Driver/Src/stm32f7xx_hal_exti.o
LOAD ./Drivers/STM32F7xx_HAL_Driver/Src/stm32f7xx_hal_flash.o
LOAD ./Drivers/STM32F7xx_HAL_Driver/Src/stm32f7xx_hal_flash_ex.o
LOAD ./Drivers/STM32F7xx_HAL_Driver/Src/stm32f7xx_hal_gpio.o
LOAD ./Drivers/STM32F7xx_HAL_Driver/Src/stm32f7xx_hal_i2c.o
LOAD ./Drivers/STM32F7xx_HAL_Driver/Src/stm32f7xx_hal_i2c_ex.o
LOAD ./Drivers/STM32F7xx_HAL_Driver/Src/stm32f7xx_hal_pwr.o
LOAD ./Drivers/STM32F7xx_HAL_Driver/Src/stm32f7xx_hal_pwr_ex.o
LOAD ./Drivers/STM32F7xx_HAL_Driver/Src/stm32f7xx_hal_rcc.o
LOAD ./Drivers/STM32F7xx_HAL_Driver/Src/stm32f7xx_hal_rcc_ex.o
LOAD ./Drivers/STM32F7xx_HAL_Driver/Src/stm32f7xx_hal_spi.o
LOAD ./Drivers/STM32F7xx_HAL_Driver/Src/stm32f7xx_hal_spi_ex.o
LOAD ./Drivers/STM32F7xx_HAL_Driver/Src/stm32f7xx_hal_tim.o
LOAD ./Drivers/STM32F7xx_HAL_Driver/Src/stm32f7xx_hal_tim_ex.o
LOAD ./Drivers/STM32F7xx_HAL_Driver/Src/stm32f7xx_hal_uart.o
LOAD ./Drivers/STM32F7xx_HAL_Driver/Src/stm32f7xx_hal_uart_ex.o
LOAD ./Middlewares/Third_Party/FreeRTOS/Source/CMSIS_RTOS_V2/cmsis_os2.o
LOAD ./Middlewares/Third_Party/FreeRTOS/Source/croutine.o
LOAD ./Middlewares/Third_Party/FreeRTOS/Source/event_groups.o
LOAD ./Middlewares/Third_Party/FreeRTOS/Source/list.o
LOAD ./Middlewares/Third_Party/FreeRTOS/Source/queue.o
LOAD ./Middlewares/Third_Party/FreeRTOS/Source/stream_buffer.o
LOAD ./Middlewares/Third_Party/FreeRTOS/Source/tasks.o
LOAD ./Middlewares/Third_Party/FreeRTOS/Source/timers.o
LOAD ./Middlewares/Third_Party/FreeRTOS/Source/portable/GCC/ARM_CM7/r0p1/port.o
LOAD ./Middlewares/Third_Party/FreeRTOS/Source/portable/MemMang/heap_4.o
START GROUP
LOAD C:/ST/STM32CubeIDE_1.17.0/STM32CubeIDE/plugins/com.st.stm32cube.ide.mcu.externaltools.gnu-tools-for-stm32.12.3.rel1.win32_1.1.0.202410251130/tools/bin/../lib/gcc/arm-none-eabi/12.3.1/../../../../arm-none-eabi/lib/thumb/v7e-m+dp/hard\libc_nano.a
LOAD C:/ST/STM32CubeIDE_1.17.0/STM32CubeIDE/plugins/com.st.stm32cube.ide.mcu.externaltools.gnu-tools-for-stm32.12.3.rel1.win32_1.1.0.202410251130/tools/bin/../lib/gcc/arm-none-eabi/12.3.1/../../../../arm-none-eabi/lib/thumb/v7e-m+dp/hard\libm.a
END GROUP
START GROUP
LOAD C:/ST/STM32CubeIDE_1.17.0/STM32CubeIDE/plugins/com.st.stm32cube.ide.mcu.externaltools.gnu-tools-for-stm32.12.3.rel1.win32_1.1.0.202410251130/tools/bin/../lib/gcc/arm-none-eabi/12.3.1/thumb/v7e-m+dp/hard\libgcc.a
LOAD C:/ST/STM32CubeIDE_1.17.0/STM32CubeIDE/plugins/com.st.stm32cube.ide.mcu.externaltools.gnu-tools-for-stm32.12.3.rel1.win32_1.1.0.202410251130/tools/bin/../lib/gcc/arm-none-eabi/12.3.1/../../../../arm-none-eabi/lib/thumb/v7e-m+dp/hard\libc_nano.a
END GROUP
START GROUP
LOAD C:/ST/STM32CubeIDE_1.17.0/STM32CubeIDE/plugins/com.st.stm32cube.ide.mcu.externaltools.gnu-tools-for-stm32.12.3.rel1.win32_1.1.0.202410251130/tools/bin/../lib/gcc/arm-none-eabi/12.3.1/thumb/v7e-m+dp/hard\libgcc.a
LOAD C:/ST/STM32CubeIDE_1.17.0/STM32CubeIDE/plugins/com.st.stm32cube.ide.mcu.externaltools.gnu-tools-for-stm32.12.3.rel1.win32_1.1.0.202410251130/tools/bin/../lib/gcc/arm-none-eabi/12.3.1/../../../../arm-none-eabi/lib/thumb/v7e-m+dp/hard\libc_nano.a
LOAD C:/ST/STM32CubeIDE_1.17.0/STM32CubeIDE/plugins/com.st.stm32cube.ide.mcu.externaltools.gnu-tools-for-stm32.12.3.rel1.win32_1.1.0.202410251130/tools/bin/../lib/gcc/arm-none-eabi/12.3.1/../../../../arm-none-eabi/lib/thumb/v7e-m+dp/hard\libnosys.a
END GROUP
START GROUP
LOAD C:/ST/STM32CubeIDE_1.17.0/STM32CubeIDE/plugins/com.st.stm32cube.ide.mcu.externaltools.gnu-tools-for-stm32.12.3.rel1.win32_1.1.0.202410251130/tools/bin/../lib/gcc/arm-none-eabi/12.3.1/thumb/v7e-m+dp/hard\libgcc.a
LOAD C:/ST/STM32CubeIDE_1.17.0/STM32CubeIDE/plugins/com.st.stm32cube.ide.mcu.externaltools.gnu-tools-for-stm32.12.3.rel1.win32_1.1.0.202410251130/tools/bin/../lib/gcc/arm-none-eabi/12.3.1/../../../../arm-none-eabi/lib/thumb/v7e-m+dp/hard\libc_nano.a
LOAD C:/ST/STM32CubeIDE_1.17.0/STM32CubeIDE/plugins/com.st.stm32cube.ide.mcu.externaltools.gnu-tools-for-stm32.12.3.rel1.win32_1.1.0.202410251130/tools/bin/../lib/gcc/arm-none-eabi/12.3.1/../../../../arm-none-eabi/lib/thumb/v7e-m+dp/hard\libnosys.a
END GROUP
LOAD C:/ST/STM32CubeIDE_1.17.0/STM32CubeIDE/plugins/com.st.stm32cube.ide.mcu.externaltools.gnu-tools-for-stm32.12.3.rel1.win32_1.1.0.202410251130/tools/bin/../lib/gcc/arm-none-eabi/12.3.1/thumb/v7e-m+dp/hard/crtend.o
LOAD C:/ST/STM32CubeIDE_1.17.0/STM32CubeIDE/plugins/com.st.stm32cube.ide.mcu.externaltools.gnu-tools-for-stm32.12.3.rel1.win32_1.1.0.202410251130/tools/bin/../lib/gcc/arm-none-eabi/12.3.1/thumb/v7e-m+dp/hard/crtn.o
                0x20080000                        _estack = (ORIGIN (RAM) + LENGTH (RAM))
                0x00000200                        _Min_Heap_Size = 0x200
                0x00000400                        _Min_Stack_Size = 0x400

.isr_vector     0x08000000      0x1f8
                0x08000000                        . = ALIGN (0x4)
 *(.isr_vector)
 .isr_vector    0x08000000      0x1f8 ./Core/Startup/startup_stm32f767zitx.o
                0x08000000                g_pfnVectors
                0x080001f8                        . = ALIGN (0x4)

.text           0x08000200     0xa210
                0x08000200                        . = ALIGN (0x4)
 *(.text)
 .text          0x08000200       0x40 C:/ST/STM32CubeIDE_1.17.0/STM32CubeIDE/plugins/com.st.stm32cube.ide.mcu.externaltools.gnu-tools-for-stm32.12.3.rel1.win32_1.1.0.202410251130/tools/bin/../lib/gcc/arm-none-eabi/12.3.1/thumb/v7e-m+dp/hard/crtbegin.o
 .text          0x08000240       0xa0 C:/ST/STM32CubeIDE_1.17.0/STM32CubeIDE/plugins/com.st.stm32cube.ide.mcu.externaltools.gnu-tools-for-stm32.12.3.rel1.win32_1.1.0.202410251130/tools/bin/../lib/gcc/arm-none-eabi/12.3.1/../../../../arm-none-eabi/lib/thumb/v7e-m+dp/hard\libc_nano.a(libc_a-memchr.o)
                0x08000240                memchr
 .text          0x080002e0       0x30 C:/ST/STM32CubeIDE_1.17.0/STM32CubeIDE/plugins/com.st.stm32cube.ide.mcu.externaltools.gnu-tools-for-stm32.12.3.rel1.win32_1.1.0.202410251130/tools/bin/../lib/gcc/arm-none-eabi/12.3.1/thumb/v7e-m+dp/hard\libgcc.a(_aeabi_uldivmod.o)
                0x080002e0                __aeabi_uldivmod
 .text          0x08000310      0x2bc C:/ST/STM32CubeIDE_1.17.0/STM32CubeIDE/plugins/com.st.stm32cube.ide.mcu.externaltools.gnu-tools-for-stm32.12.3.rel1.win32_1.1.0.202410251130/tools/bin/../lib/gcc/arm-none-eabi/12.3.1/thumb/v7e-m+dp/hard\libgcc.a(_udivmoddi4.o)
                0x08000310                __udivmoddi4
 .text          0x080005cc        0x4 C:/ST/STM32CubeIDE_1.17.0/STM32CubeIDE/plugins/com.st.stm32cube.ide.mcu.externaltools.gnu-tools-for-stm32.12.3.rel1.win32_1.1.0.202410251130/tools/bin/../lib/gcc/arm-none-eabi/12.3.1/thumb/v7e-m+dp/hard\libgcc.a(_dvmd_tls.o)
                0x080005cc                __aeabi_idiv0
                0x080005cc                __aeabi_ldiv0
 *(.text*)
 .text.StartDefaultTask
                0x080005d0        0xc ./Core/Src/main.o
                0x080005d0                StartDefaultTask
 *fill*         0x080005dc        0x4 
 .text.SystemClock_Config
                0x080005e0       0xe4 ./Core/Src/main.o
                0x080005e0                SystemClock_Config
 .text.startup.main
                0x080006c4      0x3d4 ./Core/Src/main.o
                0x080006c4                main
 .text.HAL_TIM_PeriodElapsedCallback
                0x08000a98       0x14 ./Core/Src/main.o
                0x08000a98                HAL_TIM_PeriodElapsedCallback
 .text.Error_Handler
                0x08000aac       0x10 ./Core/Src/main.o
                0x08000aac                Error_Handler
 .text.man_bit_writer_init
                0x08000abc       0x1c ./Core/Src/manchester_bits.o
                0x08000abc                man_bit_writer_init
 .text.man_bit_writer_put_byte
                0x08000ad8      0x150 ./Core/Src/manchester_bits.o
                0x08000ad8                man_bit_writer_put_byte
 .text.man_bit_get
                0x08000c28       0x14 ./Core/Src/manchester_bits.o
                0x08000c28                man_bit_get
 .text.man_crc16_ccitt_false
                0x08000c3c       0x8c ./Core/Src/manchester_crc.o
                0x08000c3c                man_crc16_ccitt_false
 .text.identity_reset
                0x08000cc8        0x8 ./Core/Src/manchester_fec.o
 .text.identity_push_rx_bit
                0x08000cd0       0x40 ./Core/Src/manchester_fec.o
 .text.identity_encoded_bits
                0x08000d10        0x4 ./Core/Src/manchester_fec.o
 .text.identity_encode
                0x08000d14       0x2c ./Core/Src/manchester_fec.o
 .text.man_fec_identity_codec
                0x08000d40        0x8 ./Core/Src/manchester_fec.o
                0x08000d40                man_fec_identity_codec
 .text.man_fec_hamming74_codec
                0x08000d48        0x4 ./Core/Src/manchester_fec.o
                0x08000d48                man_fec_hamming74_codec
 .text.man_frame_build_wire_bits
                0x08000d4c      0x108 ./Core/Src/manchester_frame.o
                0x08000d4c                man_frame_build_wire_bits
 .text.HAL_SPI_TxRxHalfCpltCallback
                0x08000e54        0x4 ./Core/Src/manchester_hal_callbacks.o
                0x08000e54                HAL_SPI_TxRxHalfCpltCallback
 .text.HAL_SPI_TxRxCpltCallback
                0x08000e58        0x4 ./Core/Src/manchester_hal_callbacks.o
                0x08000e58                HAL_SPI_TxRxCpltCallback
 .text.HAL_SPI_ErrorCallback
                0x08000e5c        0x4 ./Core/Src/manchester_hal_callbacks.o
                0x08000e5c                HAL_SPI_ErrorCallback
 .text.HAL_UARTEx_RxEventCallback
                0x08000e60        0x4 ./Core/Src/manchester_hal_callbacks.o
                0x08000e60                HAL_UARTEx_RxEventCallback
 .text.HAL_UART_TxCpltCallback
                0x08000e64        0x4 ./Core/Src/manchester_hal_callbacks.o
                0x08000e64                HAL_UART_TxCpltCallback
 .text.HAL_UART_ErrorCallback
                0x08000e68        0x4 ./Core/Src/manchester_hal_callbacks.o
                0x08000e68                HAL_UART_ErrorCallback
 .text.man_line_encode_bsrr
                0x08000e6c       0xf0 ./Core/Src/manchester_line.o
                0x08000e6c                man_line_encode_bsrr
 .text.path_finish_body
                0x08000f5c      0x114 ./Core/Src/manchester_rx_dsp.o
 .text.path_push_chip.part.0
                0x08001070      0x26c ./Core/Src/manchester_rx_dsp.o
 .text.man_rx_decoder_init
                0x080012dc      0x66c ./Core/Src/manchester_rx_dsp.o
                0x080012dc                man_rx_decoder_init
 .text.man_rx_decoder_reset
                0x08001948       0x98 ./Core/Src/manchester_rx_dsp.o
                0x08001948                man_rx_decoder_reset
 .text.man_rx_decoder_feed_packed
                0x080019e0      0x9b4 ./Core/Src/manchester_rx_dsp.o
                0x080019e0                man_rx_decoder_feed_packed
 .text.DiagnosticsTask
                0x08002394       0x54 ./Core/Src/manchester_service.o
 .text.service_uart_tx
                0x080023e8       0x88 ./Core/Src/manchester_service.o
 .text.tx_dma_error
                0x08002470       0x4c ./Core/Src/manchester_service.o
 .text.tx_dma_done
                0x080024bc       0x4c ./Core/Src/manchester_service.o
 .text.tx_dma_half
                0x08002508       0x14 ./Core/Src/manchester_service.o
 .text.queue_stats
                0x0800251c       0xb8 ./Core/Src/manchester_service.o
 .text.queue_tx_packet
                0x080025d4       0x98 ./Core/Src/manchester_service.o
 .text.rx_frame_to_queue
                0x0800266c       0x40 ./Core/Src/manchester_service.o
 .text.consume_uart_block.constprop.0
                0x080026ac       0xbc ./Core/Src/manchester_service.o
 .text.UartTask
                0x08002768      0x410 ./Core/Src/manchester_service.o
 .text.ManchesterRxTask
                0x08002b78      0x208 ./Core/Src/manchester_service.o
 .text.ApplicationTask
                0x08002d80      0x104 ./Core/Src/manchester_service.o
 .text.Manchester_TestHookMutateWireBits
                0x08002e84        0x4 ./Core/Src/manchester_service.o
                0x08002e84                Manchester_TestHookMutateWireBits
 .text.ManchesterTxTask
                0x08002e88      0x170 ./Core/Src/manchester_service.o
 .text.Manchester_ServiceInit
                0x08002ff8      0x398 ./Core/Src/manchester_service.o
                0x08002ff8                Manchester_ServiceInit
 .text.Manchester_CreateRtosObjects
                0x08003390      0x188 ./Core/Src/manchester_service.o
                0x08003390                Manchester_CreateRtosObjects
 .text.Manchester_OnSpiTxRxHalfComplete
                0x08003518       0x40 ./Core/Src/manchester_service.o
                0x08003518                Manchester_OnSpiTxRxHalfComplete
 .text.Manchester_OnSpiTxRxComplete
                0x08003558       0x40 ./Core/Src/manchester_service.o
                0x08003558                Manchester_OnSpiTxRxComplete
 .text.Manchester_OnSpiError
                0x08003598       0x40 ./Core/Src/manchester_service.o
                0x08003598                Manchester_OnSpiError
 .text.Manchester_OnUartRxEvent
                0x080035d8       0x90 ./Core/Src/manchester_service.o
                0x080035d8                Manchester_OnUartRxEvent
 .text.Manchester_OnUartTxComplete
                0x08003668       0x2c ./Core/Src/manchester_service.o
                0x08003668                Manchester_OnUartTxComplete
 .text.Manchester_OnUartError
                0x08003694       0x2c ./Core/Src/manchester_service.o
                0x08003694                Manchester_OnUartError
 .text.HAL_MspInit
                0x080036c0       0x40 ./Core/Src/stm32f7xx_hal_msp.o
                0x080036c0                HAL_MspInit
 .text.HAL_SPI_MspInit
                0x08003700       0xf4 ./Core/Src/stm32f7xx_hal_msp.o
                0x08003700                HAL_SPI_MspInit
 .text.HAL_SPI_MspDeInit
                0x080037f4       0x3c ./Core/Src/stm32f7xx_hal_msp.o
                0x080037f4                HAL_SPI_MspDeInit
 .text.HAL_TIM_Base_MspInit
                0x08003830       0x78 ./Core/Src/stm32f7xx_hal_msp.o
                0x08003830                HAL_TIM_Base_MspInit
 .text.HAL_UART_MspInit
                0x080038a8      0x120 ./Core/Src/stm32f7xx_hal_msp.o
                0x080038a8                HAL_UART_MspInit
 .text.HAL_InitTick
                0x080039c8       0xa4 ./Core/Src/stm32f7xx_hal_timebase_tim.o
                0x080039c8                HAL_InitTick
 .text.NMI_Handler
                0x08003a6c        0x4 ./Core/Src/stm32f7xx_it.o
                0x08003a6c                NMI_Handler
 .text.HardFault_Handler
                0x08003a70        0x4 ./Core/Src/stm32f7xx_it.o
                0x08003a70                HardFault_Handler
 .text.MemManage_Handler
                0x08003a74        0x4 ./Core/Src/stm32f7xx_it.o
                0x08003a74                MemManage_Handler
 .text.BusFault_Handler
                0x08003a78        0x4 ./Core/Src/stm32f7xx_it.o
                0x08003a78                BusFault_Handler
 .text.UsageFault_Handler
                0x08003a7c        0x4 ./Core/Src/stm32f7xx_it.o
                0x08003a7c                UsageFault_Handler
 .text.DebugMon_Handler
                0x08003a80        0x4 ./Core/Src/stm32f7xx_it.o
                0x08003a80                DebugMon_Handler
 .text.DMA1_Stream1_IRQHandler
                0x08003a84        0xc ./Core/Src/stm32f7xx_it.o
                0x08003a84                DMA1_Stream1_IRQHandler
 .text.DMA1_Stream3_IRQHandler
                0x08003a90        0xc ./Core/Src/stm32f7xx_it.o
                0x08003a90                DMA1_Stream3_IRQHandler
 .text.USART3_IRQHandler
                0x08003a9c        0xc ./Core/Src/stm32f7xx_it.o
                0x08003a9c                USART3_IRQHandler
 .text.TIM6_DAC_IRQHandler
                0x08003aa8        0xc ./Core/Src/stm32f7xx_it.o
                0x08003aa8                TIM6_DAC_IRQHandler
 .text.DMA2_Stream0_IRQHandler
                0x08003ab4        0xc ./Core/Src/stm32f7xx_it.o
                0x08003ab4                DMA2_Stream0_IRQHandler
 .text.DMA2_Stream3_IRQHandler
                0x08003ac0        0xc ./Core/Src/stm32f7xx_it.o
                0x08003ac0                DMA2_Stream3_IRQHandler
 .text.DMA2_Stream5_IRQHandler
                0x08003acc        0xc ./Core/Src/stm32f7xx_it.o
                0x08003acc                DMA2_Stream5_IRQHandler
 .text._sbrk    0x08003ad8       0x48 ./Core/Src/sysmem.o
                0x08003ad8                _sbrk
 .text.SystemInit
                0x08003b20       0x14 ./Core/Src/system_stm32f7xx.o
                0x08003b20                SystemInit
 .text.Reset_Handler
                0x08003b34       0x50 ./Core/Startup/startup_stm32f767zitx.o
                0x08003b34                Reset_Handler
 .text.Default_Handler
                0x08003b84        0x2 ./Core/Startup/startup_stm32f767zitx.o
                0x08003b84                RTC_Alarm_IRQHandler
                0x08003b84                EXTI2_IRQHandler
                0x08003b84                TIM8_CC_IRQHandler
                0x08003b84                UART8_IRQHandler
                0x08003b84                SPI4_IRQHandler
                0x08003b84                TIM1_CC_IRQHandler
                0x08003b84                JPEG_IRQHandler
                0x08003b84                DMA1_Stream5_IRQHandler
                0x08003b84                CAN3_RX1_IRQHandler
                0x08003b84                PVD_IRQHandler
                0x08003b84                TAMP_STAMP_IRQHandler
                0x08003b84                CAN2_RX1_IRQHandler
                0x08003b84                EXTI3_IRQHandler
                0x08003b84                TIM8_TRG_COM_TIM14_IRQHandler
                0x08003b84                DFSDM1_FLT1_IRQHandler
                0x08003b84                TIM1_UP_TIM10_IRQHandler
                0x08003b84                TIM8_UP_TIM13_IRQHandler
                0x08003b84                I2C3_ER_IRQHandler
                0x08003b84                DFSDM1_FLT2_IRQHandler
                0x08003b84                EXTI0_IRQHandler
                0x08003b84                I2C2_EV_IRQHandler
                0x08003b84                DMA1_Stream2_IRQHandler
                0x08003b84                CAN1_RX0_IRQHandler
                0x08003b84                FPU_IRQHandler
                0x08003b84                OTG_HS_WKUP_IRQHandler
                0x08003b84                CAN3_SCE_IRQHandler
                0x08003b84                LTDC_ER_IRQHandler
                0x08003b84                CAN2_SCE_IRQHandler
                0x08003b84                DMA2_Stream2_IRQHandler
                0x08003b84                SPI1_IRQHandler
                0x08003b84                TIM1_BRK_TIM9_IRQHandler
                0x08003b84                DCMI_IRQHandler
                0x08003b84                CAN2_RX0_IRQHandler
                0x08003b84                SAI2_IRQHandler
                0x08003b84                DFSDM1_FLT3_IRQHandler
                0x08003b84                USART6_IRQHandler
                0x08003b84                CAN3_RX0_IRQHandler
                0x08003b84                CAN1_RX1_IRQHandler
                0x08003b84                UART5_IRQHandler
                0x08003b84                TIM4_IRQHandler
                0x08003b84                QUADSPI_IRQHandler
                0x08003b84                I2C1_EV_IRQHandler
                0x08003b84                DMA1_Stream6_IRQHandler
                0x08003b84                UART4_IRQHandler
                0x08003b84                TIM3_IRQHandler
                0x08003b84                RCC_IRQHandler
                0x08003b84                TIM8_BRK_TIM12_IRQHandler
                0x08003b84                Default_Handler
                0x08003b84                CEC_IRQHandler
                0x08003b84                EXTI15_10_IRQHandler
                0x08003b84                ADC_IRQHandler
                0x08003b84                DMA1_Stream7_IRQHandler
                0x08003b84                SPI5_IRQHandler
                0x08003b84                TIM7_IRQHandler
                0x08003b84                SDMMC1_IRQHandler
                0x08003b84                CAN2_TX_IRQHandler
                0x08003b84                TIM5_IRQHandler
                0x08003b84                DMA2_Stream7_IRQHandler
                0x08003b84                I2C3_EV_IRQHandler
                0x08003b84                EXTI9_5_IRQHandler
                0x08003b84                RTC_WKUP_IRQHandler
                0x08003b84                LTDC_IRQHandler
                0x08003b84                ETH_WKUP_IRQHandler
                0x08003b84                SPDIF_RX_IRQHandler
                0x08003b84                SPI2_IRQHandler
                0x08003b84                OTG_HS_EP1_IN_IRQHandler
                0x08003b84                DMA1_Stream0_IRQHandler
                0x08003b84                CAN1_TX_IRQHandler
                0x08003b84                EXTI4_IRQHandler
                0x08003b84                RNG_IRQHandler
                0x08003b84                ETH_IRQHandler
                0x08003b84                OTG_HS_EP1_OUT_IRQHandler
                0x08003b84                WWDG_IRQHandler
                0x08003b84                SPI6_IRQHandler
                0x08003b84                MDIOS_IRQHandler
                0x08003b84                I2C4_EV_IRQHandler
                0x08003b84                CAN3_TX_IRQHandler
                0x08003b84                TIM2_IRQHandler
                0x08003b84                OTG_FS_WKUP_IRQHandler
                0x08003b84                TIM1_TRG_COM_TIM11_IRQHandler
                0x08003b84                OTG_HS_IRQHandler
                0x08003b84                DMA2D_IRQHandler
                0x08003b84                EXTI1_IRQHandler
                0x08003b84                SDMMC2_IRQHandler
                0x08003b84                UART7_IRQHandler
                0x08003b84                USART2_IRQHandler
                0x08003b84                DFSDM1_FLT0_IRQHandler
                0x08003b84                I2C2_ER_IRQHandler
                0x08003b84                DMA2_Stream1_IRQHandler
                0x08003b84                CAN1_SCE_IRQHandler
                0x08003b84                FLASH_IRQHandler
                0x08003b84                DMA2_Stream4_IRQHandler
                0x08003b84                USART1_IRQHandler
                0x08003b84                OTG_FS_IRQHandler
                0x08003b84                SPI3_IRQHandler
                0x08003b84                DMA1_Stream4_IRQHandler
                0x08003b84                I2C1_ER_IRQHandler
                0x08003b84                FMC_IRQHandler
                0x08003b84                LPTIM1_IRQHandler
                0x08003b84                I2C4_ER_IRQHandler
                0x08003b84                DMA2_Stream6_IRQHandler
                0x08003b84                SAI1_IRQHandler
 *fill*         0x08003b86        0x2 
 .text.HAL_Init
                0x08003b88       0x18 ./Drivers/STM32F7xx_HAL_Driver/Src/stm32f7xx_hal.o
                0x08003b88                HAL_Init
 .text.HAL_IncTick
                0x08003ba0       0x18 ./Drivers/STM32F7xx_HAL_Driver/Src/stm32f7xx_hal.o
                0x08003ba0                HAL_IncTick
 .text.HAL_GetTick
                0x08003bb8        0xc ./Drivers/STM32F7xx_HAL_Driver/Src/stm32f7xx_hal.o
                0x08003bb8                HAL_GetTick
 .text.HAL_NVIC_SetPriorityGrouping
                0x08003bc4       0x24 ./Drivers/STM32F7xx_HAL_Driver/Src/stm32f7xx_hal_cortex.o
                0x08003bc4                HAL_NVIC_SetPriorityGrouping
 .text.HAL_NVIC_SetPriority
                0x08003be8       0x78 ./Drivers/STM32F7xx_HAL_Driver/Src/stm32f7xx_hal_cortex.o
                0x08003be8                HAL_NVIC_SetPriority
 .text.HAL_NVIC_EnableIRQ
                0x08003c60       0x1c ./Drivers/STM32F7xx_HAL_Driver/Src/stm32f7xx_hal_cortex.o
                0x08003c60                HAL_NVIC_EnableIRQ
 .text.HAL_DMA_Init
                0x08003c7c      0x138 ./Drivers/STM32F7xx_HAL_Driver/Src/stm32f7xx_hal_dma.o
                0x08003c7c                HAL_DMA_Init
 .text.HAL_DMA_DeInit
                0x08003db4       0x8c ./Drivers/STM32F7xx_HAL_Driver/Src/stm32f7xx_hal_dma.o
                0x08003db4                HAL_DMA_DeInit
 .text.HAL_DMA_Start_IT
                0x08003e40       0x80 ./Drivers/STM32F7xx_HAL_Driver/Src/stm32f7xx_hal_dma.o
                0x08003e40                HAL_DMA_Start_IT
 .text.HAL_DMA_Abort
                0x08003ec0       0x94 ./Drivers/STM32F7xx_HAL_Driver/Src/stm32f7xx_hal_dma.o
                0x08003ec0                HAL_DMA_Abort
 .text.HAL_DMA_Abort_IT
                0x08003f54       0x28 ./Drivers/STM32F7xx_HAL_Driver/Src/stm32f7xx_hal_dma.o
                0x08003f54                HAL_DMA_Abort_IT
 .text.HAL_DMA_IRQHandler
                0x08003f7c      0x1a8 ./Drivers/STM32F7xx_HAL_Driver/Src/stm32f7xx_hal_dma.o
                0x08003f7c                HAL_DMA_IRQHandler
 .text.HAL_DMA_GetError
                0x08004124        0x4 ./Drivers/STM32F7xx_HAL_Driver/Src/stm32f7xx_hal_dma.o
                0x08004124                HAL_DMA_GetError
 .text.HAL_GPIO_Init
                0x08004128      0x274 ./Drivers/STM32F7xx_HAL_Driver/Src/stm32f7xx_hal_gpio.o
                0x08004128                HAL_GPIO_Init
 .text.HAL_GPIO_DeInit
                0x0800439c      0x194 ./Drivers/STM32F7xx_HAL_Driver/Src/stm32f7xx_hal_gpio.o
                0x0800439c                HAL_GPIO_DeInit
 .text.HAL_GPIO_WritePin
                0x08004530        0x8 ./Drivers/STM32F7xx_HAL_Driver/Src/stm32f7xx_hal_gpio.o
                0x08004530                HAL_GPIO_WritePin
 .text.HAL_GPIO_TogglePin
                0x08004538       0x14 ./Drivers/STM32F7xx_HAL_Driver/Src/stm32f7xx_hal_gpio.o
                0x08004538                HAL_GPIO_TogglePin
 .text.HAL_PWR_EnableBkUpAccess
                0x0800454c       0x10 ./Drivers/STM32F7xx_HAL_Driver/Src/stm32f7xx_hal_pwr.o
                0x0800454c                HAL_PWR_EnableBkUpAccess
 .text.HAL_PWREx_EnableOverDrive
                0x0800455c       0x74 ./Drivers/STM32F7xx_HAL_Driver/Src/stm32f7xx_hal_pwr_ex.o
                0x0800455c                HAL_PWREx_EnableOverDrive
 .text.HAL_RCC_OscConfig
                0x080045d0      0x3ec ./Drivers/STM32F7xx_HAL_Driver/Src/stm32f7xx_hal_rcc.o
                0x080045d0                HAL_RCC_OscConfig
 .text.HAL_RCC_ClockConfig
                0x080049bc      0x1a8 ./Drivers/STM32F7xx_HAL_Driver/Src/stm32f7xx_hal_rcc.o
                0x080049bc                HAL_RCC_ClockConfig
 .text.HAL_RCC_GetSysClockFreq
                0x08004b64       0x68 ./Drivers/STM32F7xx_HAL_Driver/Src/stm32f7xx_hal_rcc.o
                0x08004b64                HAL_RCC_GetSysClockFreq
 .text.HAL_RCC_GetPCLK1Freq
                0x08004bcc       0x20 ./Drivers/STM32F7xx_HAL_Driver/Src/stm32f7xx_hal_rcc.o
                0x08004bcc                HAL_RCC_GetPCLK1Freq
 .text.HAL_RCC_GetPCLK2Freq
                0x08004bec       0x20 ./Drivers/STM32F7xx_HAL_Driver/Src/stm32f7xx_hal_rcc.o
                0x08004bec                HAL_RCC_GetPCLK2Freq
 .text.HAL_RCC_GetClockConfig
                0x08004c0c       0x44 ./Drivers/STM32F7xx_HAL_Driver/Src/stm32f7xx_hal_rcc.o
                0x08004c0c                HAL_RCC_GetClockConfig
 .text.HAL_RCCEx_PeriphCLKConfig
                0x08004c50      0x574 ./Drivers/STM32F7xx_HAL_Driver/Src/stm32f7xx_hal_rcc_ex.o
                0x08004c50                HAL_RCCEx_PeriphCLKConfig
 .text.SPI_WaitFifoStateUntilTimeout.constprop.0
                0x080051c4       0xe8 ./Drivers/STM32F7xx_HAL_Driver/Src/stm32f7xx_hal_spi.o
 .text.SPI_WaitFlagStateUntilTimeout.constprop.0
                0x080052ac       0xa8 ./Drivers/STM32F7xx_HAL_Driver/Src/stm32f7xx_hal_spi.o
 .text.SPI_EndRxTxTransaction.constprop.0
                0x08005354      0x11c ./Drivers/STM32F7xx_HAL_Driver/Src/stm32f7xx_hal_spi.o
 .text.SPI_AbortTx_ISR
                0x08005470       0xd4 ./Drivers/STM32F7xx_HAL_Driver/Src/stm32f7xx_hal_spi.o
 .text.SPI_EndRxTransaction
                0x08005544      0x140 ./Drivers/STM32F7xx_HAL_Driver/Src/stm32f7xx_hal_spi.o
 .text.SPI_AbortRx_ISR
                0x08005684      0x128 ./Drivers/STM32F7xx_HAL_Driver/Src/stm32f7xx_hal_spi.o
 .text.HAL_SPI_Init
                0x080057ac       0xec ./Drivers/STM32F7xx_HAL_Driver/Src/stm32f7xx_hal_spi.o
                0x080057ac                HAL_SPI_Init
 .text.HAL_SPI_DeInit
                0x08005898       0x30 ./Drivers/STM32F7xx_HAL_Driver/Src/stm32f7xx_hal_spi.o
                0x08005898                HAL_SPI_DeInit
 .text.HAL_SPI_TransmitReceive_DMA
                0x080058c8      0x1bc ./Drivers/STM32F7xx_HAL_Driver/Src/stm32f7xx_hal_spi.o
                0x080058c8                HAL_SPI_TransmitReceive_DMA
 .text.HAL_SPI_Abort
                0x08005a84      0x174 ./Drivers/STM32F7xx_HAL_Driver/Src/stm32f7xx_hal_spi.o
                0x08005a84                HAL_SPI_Abort
 .text.HAL_SPI_RxCpltCallback
                0x08005bf8        0x4 ./Drivers/STM32F7xx_HAL_Driver/Src/stm32f7xx_hal_spi.o
                0x08005bf8                HAL_SPI_RxCpltCallback
 .text.HAL_SPI_RxHalfCpltCallback
                0x08005bfc        0x4 ./Drivers/STM32F7xx_HAL_Driver/Src/stm32f7xx_hal_spi.o
                0x08005bfc                HAL_SPI_RxHalfCpltCallback
 .text.SPI_DMAHalfReceiveCplt
                0x08005c00        0xc ./Drivers/STM32F7xx_HAL_Driver/Src/stm32f7xx_hal_spi.o
 .text.SPI_DMAHalfTransmitReceiveCplt
                0x08005c0c        0xc ./Drivers/STM32F7xx_HAL_Driver/Src/stm32f7xx_hal_spi.o
 .text.SPI_DMAError
                0x08005c18       0x24 ./Drivers/STM32F7xx_HAL_Driver/Src/stm32f7xx_hal_spi.o
 .text.SPI_DMAReceiveCplt
                0x08005c3c       0x6c ./Drivers/STM32F7xx_HAL_Driver/Src/stm32f7xx_hal_spi.o
 .text.SPI_DMATransmitReceiveCplt
                0x08005ca8       0x5c ./Drivers/STM32F7xx_HAL_Driver/Src/stm32f7xx_hal_spi.o
 .text.HAL_TIM_Base_Init
                0x08005d04      0x144 ./Drivers/STM32F7xx_HAL_Driver/Src/stm32f7xx_hal_tim.o
                0x08005d04                HAL_TIM_Base_Init
 .text.HAL_TIM_Base_Start_IT
                0x08005e48       0xa4 ./Drivers/STM32F7xx_HAL_Driver/Src/stm32f7xx_hal_tim.o
                0x08005e48                HAL_TIM_Base_Start_IT
 .text.HAL_TIM_ConfigClockSource
                0x08005eec      0x154 ./Drivers/STM32F7xx_HAL_Driver/Src/stm32f7xx_hal_tim.o
                0x08005eec                HAL_TIM_ConfigClockSource
 .text.HAL_TIM_OC_DelayElapsedCallback
                0x08006040        0x4 ./Drivers/STM32F7xx_HAL_Driver/Src/stm32f7xx_hal_tim.o
                0x08006040                HAL_TIM_OC_DelayElapsedCallback
 .text.HAL_TIM_IC_CaptureCallback
                0x08006044        0x4 ./Drivers/STM32F7xx_HAL_Driver/Src/stm32f7xx_hal_tim.o
                0x08006044                HAL_TIM_IC_CaptureCallback
 .text.HAL_TIM_PWM_PulseFinishedCallback
                0x08006048        0x4 ./Drivers/STM32F7xx_HAL_Driver/Src/stm32f7xx_hal_tim.o
                0x08006048                HAL_TIM_PWM_PulseFinishedCallback
 .text.HAL_TIM_TriggerCallback
                0x0800604c        0x4 ./Drivers/STM32F7xx_HAL_Driver/Src/stm32f7xx_hal_tim.o
                0x0800604c                HAL_TIM_TriggerCallback
 .text.HAL_TIM_IRQHandler
                0x08006050      0x158 ./Drivers/STM32F7xx_HAL_Driver/Src/stm32f7xx_hal_tim.o
                0x08006050                HAL_TIM_IRQHandler
 .text.HAL_TIMEx_MasterConfigSynchronization
                0x080061a8       0xb4 ./Drivers/STM32F7xx_HAL_Driver/Src/stm32f7xx_hal_tim_ex.o
                0x080061a8                HAL_TIMEx_MasterConfigSynchronization
 .text.HAL_TIMEx_CommutCallback
                0x0800625c        0x4 ./Drivers/STM32F7xx_HAL_Driver/Src/stm32f7xx_hal_tim_ex.o
                0x0800625c                HAL_TIMEx_CommutCallback
 .text.HAL_TIMEx_BreakCallback
                0x08006260        0x4 ./Drivers/STM32F7xx_HAL_Driver/Src/stm32f7xx_hal_tim_ex.o
                0x08006260                HAL_TIMEx_BreakCallback
 .text.HAL_TIMEx_Break2Callback
                0x08006264        0x4 ./Drivers/STM32F7xx_HAL_Driver/Src/stm32f7xx_hal_tim_ex.o
                0x08006264                HAL_TIMEx_Break2Callback
 .text.HAL_UART_Transmit_DMA
                0x08006268       0x84 ./Drivers/STM32F7xx_HAL_Driver/Src/stm32f7xx_hal_uart.o
                0x08006268                HAL_UART_Transmit_DMA
 .text.HAL_UART_AbortReceive
                0x080062ec       0xc0 ./Drivers/STM32F7xx_HAL_Driver/Src/stm32f7xx_hal_uart.o
                0x080062ec                HAL_UART_AbortReceive
 .text.UART_DMATransmitCplt
                0x080063ac       0x44 ./Drivers/STM32F7xx_HAL_Driver/Src/stm32f7xx_hal_uart.o
 .text.HAL_UART_TxHalfCpltCallback
                0x080063f0        0x4 ./Drivers/STM32F7xx_HAL_Driver/Src/stm32f7xx_hal_uart.o
                0x080063f0                HAL_UART_TxHalfCpltCallback
 .text.UART_DMATxHalfCplt
                0x080063f4        0xc ./Drivers/STM32F7xx_HAL_Driver/Src/stm32f7xx_hal_uart.o
 .text.HAL_UART_RxCpltCallback
                0x08006400        0x4 ./Drivers/STM32F7xx_HAL_Driver/Src/stm32f7xx_hal_uart.o
                0x08006400                HAL_UART_RxCpltCallback
 .text.HAL_UART_RxHalfCpltCallback
                0x08006404        0x4 ./Drivers/STM32F7xx_HAL_Driver/Src/stm32f7xx_hal_uart.o
                0x08006404                HAL_UART_RxHalfCpltCallback
 .text.UART_DMAError
                0x08006408       0xb4 ./Drivers/STM32F7xx_HAL_Driver/Src/stm32f7xx_hal_uart.o
 .text.UART_DMAAbortOnError
                0x080064bc       0x10 ./Drivers/STM32F7xx_HAL_Driver/Src/stm32f7xx_hal_uart.o
 .text.UART_DMARxHalfCplt
                0x080064cc       0x3c ./Drivers/STM32F7xx_HAL_Driver/Src/stm32f7xx_hal_uart.o
 .text.UART_DMAReceiveCplt
                0x08006508       0xbc ./Drivers/STM32F7xx_HAL_Driver/Src/stm32f7xx_hal_uart.o
 .text.HAL_UARTEx_WakeupCallback
                0x080065c4        0x4 ./Drivers/STM32F7xx_HAL_Driver/Src/stm32f7xx_hal_uart.o
                0x080065c4                HAL_UARTEx_WakeupCallback
 .text.HAL_UART_IRQHandler
                0x080065c8      0x370 ./Drivers/STM32F7xx_HAL_Driver/Src/stm32f7xx_hal_uart.o
                0x080065c8                HAL_UART_IRQHandler
 .text.UART_SetConfig
                0x08006938      0x2a0 ./Drivers/STM32F7xx_HAL_Driver/Src/stm32f7xx_hal_uart.o
                0x08006938                UART_SetConfig
 .text.UART_AdvFeatureConfig
                0x08006bd8       0xb0 ./Drivers/STM32F7xx_HAL_Driver/Src/stm32f7xx_hal_uart.o
                0x08006bd8                UART_AdvFeatureConfig
 .text.UART_CheckIdleState
                0x08006c88      0x250 ./Drivers/STM32F7xx_HAL_Driver/Src/stm32f7xx_hal_uart.o
                0x08006c88                UART_CheckIdleState
 .text.HAL_UART_Init
                0x08006ed8       0x64 ./Drivers/STM32F7xx_HAL_Driver/Src/stm32f7xx_hal_uart.o
                0x08006ed8                HAL_UART_Init
 .text.UART_Start_Receive_DMA
                0x08006f3c       0x9c ./Drivers/STM32F7xx_HAL_Driver/Src/stm32f7xx_hal_uart.o
                0x08006f3c                UART_Start_Receive_DMA
 .text.HAL_UARTEx_ReceiveToIdle_DMA
                0x08006fd8       0x48 ./Drivers/STM32F7xx_HAL_Driver/Src/stm32f7xx_hal_uart_ex.o
                0x08006fd8                HAL_UARTEx_ReceiveToIdle_DMA
 .text.HAL_UARTEx_GetRxEventType
                0x08007020        0x4 ./Drivers/STM32F7xx_HAL_Driver/Src/stm32f7xx_hal_uart_ex.o
                0x08007020                HAL_UARTEx_GetRxEventType
 .text.osKernelInitialize
                0x08007024       0x38 ./Middlewares/Third_Party/FreeRTOS/Source/CMSIS_RTOS_V2/cmsis_os2.o
                0x08007024                osKernelInitialize
 .text.osKernelStart
                0x0800705c       0x44 ./Middlewares/Third_Party/FreeRTOS/Source/CMSIS_RTOS_V2/cmsis_os2.o
                0x0800705c                osKernelStart
 .text.osKernelGetTickCount
                0x080070a0       0x34 ./Middlewares/Third_Party/FreeRTOS/Source/CMSIS_RTOS_V2/cmsis_os2.o
                0x080070a0                osKernelGetTickCount
 .text.osThreadNew
                0x080070d4       0xa0 ./Middlewares/Third_Party/FreeRTOS/Source/CMSIS_RTOS_V2/cmsis_os2.o
                0x080070d4                osThreadNew
 .text.osThreadFlagsSet
                0x08007174       0x98 ./Middlewares/Third_Party/FreeRTOS/Source/CMSIS_RTOS_V2/cmsis_os2.o
                0x08007174                osThreadFlagsSet
 .text.osThreadFlagsWait
                0x0800720c      0x144 ./Middlewares/Third_Party/FreeRTOS/Source/CMSIS_RTOS_V2/cmsis_os2.o
                0x0800720c                osThreadFlagsWait
 .text.osDelay  0x08007350       0x40 ./Middlewares/Third_Party/FreeRTOS/Source/CMSIS_RTOS_V2/cmsis_os2.o
                0x08007350                osDelay
 .text.osMessageQueueNew
                0x08007390       0x90 ./Middlewares/Third_Party/FreeRTOS/Source/CMSIS_RTOS_V2/cmsis_os2.o
                0x08007390                osMessageQueueNew
 .text.osMessageQueuePut
                0x08007420       0xa8 ./Middlewares/Third_Party/FreeRTOS/Source/CMSIS_RTOS_V2/cmsis_os2.o
                0x08007420                osMessageQueuePut
 .text.osMessageQueueGet
                0x080074c8       0xa0 ./Middlewares/Third_Party/FreeRTOS/Source/CMSIS_RTOS_V2/cmsis_os2.o
                0x080074c8                osMessageQueueGet
 .text.vApplicationGetIdleTaskMemory
                0x08007568       0x1c ./Middlewares/Third_Party/FreeRTOS/Source/CMSIS_RTOS_V2/cmsis_os2.o
                0x08007568                vApplicationGetIdleTaskMemory
 .text.vApplicationGetTimerTaskMemory
                0x08007584       0x20 ./Middlewares/Third_Party/FreeRTOS/Source/CMSIS_RTOS_V2/cmsis_os2.o
                0x08007584                vApplicationGetTimerTaskMemory
 .text.vListInitialise
                0x080075a4       0x18 ./Middlewares/Third_Party/FreeRTOS/Source/list.o
                0x080075a4                vListInitialise
 .text.vListInitialiseItem
                0x080075bc        0x8 ./Middlewares/Third_Party/FreeRTOS/Source/list.o
                0x080075bc                vListInitialiseItem
 .text.vListInsertEnd
                0x080075c4       0x1c ./Middlewares/Third_Party/FreeRTOS/Source/list.o
                0x080075c4                vListInsertEnd
 .text.vListInsert
                0x080075e0       0x30 ./Middlewares/Third_Party/FreeRTOS/Source/list.o
                0x080075e0                vListInsert
 .text.uxListRemove
                0x08007610       0x28 ./Middlewares/Third_Party/FreeRTOS/Source/list.o
                0x08007610                uxListRemove
 .text.prvCopyDataToQueue
                0x08007638       0x70 ./Middlewares/Third_Party/FreeRTOS/Source/queue.o
 .text.xQueueGenericCreateStatic
                0x080076a8       0xec ./Middlewares/Third_Party/FreeRTOS/Source/queue.o
                0x080076a8                xQueueGenericCreateStatic
 .text.xQueueGenericCreate
                0x08007794       0x88 ./Middlewares/Third_Party/FreeRTOS/Source/queue.o
                0x08007794                xQueueGenericCreate
 .text.xQueueGenericSend
                0x0800781c      0x314 ./Middlewares/Third_Party/FreeRTOS/Source/queue.o
                0x0800781c                xQueueGenericSend
 .text.xQueueGenericSendFromISR
                0x08007b30       0xd8 ./Middlewares/Third_Party/FreeRTOS/Source/queue.o
                0x08007b30                xQueueGenericSendFromISR
 .text.xQueueReceive
                0x08007c08      0x31c ./Middlewares/Third_Party/FreeRTOS/Source/queue.o
                0x08007c08                xQueueReceive
 .text.xQueueReceiveFromISR
                0x08007f24       0xc4 ./Middlewares/Third_Party/FreeRTOS/Source/queue.o
                0x08007f24                xQueueReceiveFromISR
 .text.vQueueAddToRegistry
                0x08007fe8       0x50 ./Middlewares/Third_Party/FreeRTOS/Source/queue.o
                0x08007fe8                vQueueAddToRegistry
 .text.vQueueWaitForMessageRestricted
                0x08008038       0xc8 ./Middlewares/Third_Party/FreeRTOS/Source/queue.o
                0x08008038                vQueueWaitForMessageRestricted
 .text.prvAddNewTaskToReadyList
                0x08008100      0x110 ./Middlewares/Third_Party/FreeRTOS/Source/tasks.o
 .text.prvInitialiseNewTask.constprop.0
                0x08008210      0x11c ./Middlewares/Third_Party/FreeRTOS/Source/tasks.o
 .text.prvIdleTask
                0x0800832c       0xa4 ./Middlewares/Third_Party/FreeRTOS/Source/tasks.o
 .text.xTaskCreateStatic
                0x080083d0       0x80 ./Middlewares/Third_Party/FreeRTOS/Source/tasks.o
                0x080083d0                xTaskCreateStatic
 .text.xTaskCreate
                0x08008450       0x60 ./Middlewares/Third_Party/FreeRTOS/Source/tasks.o
                0x08008450                xTaskCreate
 .text.vTaskStartScheduler
                0x080084b0      0x10c ./Middlewares/Third_Party/FreeRTOS/Source/tasks.o
                0x080084b0                vTaskStartScheduler
 .text.vTaskSuspendAll
                0x080085bc       0x10 ./Middlewares/Third_Party/FreeRTOS/Source/tasks.o
                0x080085bc                vTaskSuspendAll
 .text.xTaskGetTickCount
                0x080085cc        0xc ./Middlewares/Third_Party/FreeRTOS/Source/tasks.o
                0x080085cc                xTaskGetTickCount
 .text.xTaskGetTickCountFromISR
                0x080085d8       0x10 ./Middlewares/Third_Party/FreeRTOS/Source/tasks.o
                0x080085d8                xTaskGetTickCountFromISR
 .text.xTaskIncrementTick
                0x080085e8      0x16c ./Middlewares/Third_Party/FreeRTOS/Source/tasks.o
                0x080085e8                xTaskIncrementTick
 .text.xTaskResumeAll.part.0
                0x08008754      0x120 ./Middlewares/Third_Party/FreeRTOS/Source/tasks.o
 .text.xTaskResumeAll
                0x08008874       0x24 ./Middlewares/Third_Party/FreeRTOS/Source/tasks.o
                0x08008874                xTaskResumeAll
 .text.vTaskDelay
                0x08008898       0xb4 ./Middlewares/Third_Party/FreeRTOS/Source/tasks.o
                0x08008898                vTaskDelay
 .text.vTaskSwitchContext
                0x0800894c       0x9c ./Middlewares/Third_Party/FreeRTOS/Source/tasks.o
                0x0800894c                vTaskSwitchContext
 .text.vTaskPlaceOnEventList
                0x080089e8       0x8c ./Middlewares/Third_Party/FreeRTOS/Source/tasks.o
                0x080089e8                vTaskPlaceOnEventList
 .text.vTaskPlaceOnEventListRestricted
                0x08008a74       0x98 ./Middlewares/Third_Party/FreeRTOS/Source/tasks.o
                0x08008a74                vTaskPlaceOnEventListRestricted
 .text.xTaskRemoveFromEventList
                0x08008b0c       0x90 ./Middlewares/Third_Party/FreeRTOS/Source/tasks.o
                0x08008b0c                xTaskRemoveFromEventList
 .text.vTaskInternalSetTimeOutState
                0x08008b9c       0x18 ./Middlewares/Third_Party/FreeRTOS/Source/tasks.o
                0x08008b9c                vTaskInternalSetTimeOutState
 .text.xTaskCheckForTimeOut
                0x08008bb4       0x8c ./Middlewares/Third_Party/FreeRTOS/Source/tasks.o
                0x08008bb4                xTaskCheckForTimeOut
 .text.vTaskMissedYield
                0x08008c40        0xc ./Middlewares/Third_Party/FreeRTOS/Source/tasks.o
                0x08008c40                vTaskMissedYield
 .text.xTaskGetSchedulerState
                0x08008c4c       0x20 ./Middlewares/Third_Party/FreeRTOS/Source/tasks.o
                0x08008c4c                xTaskGetSchedulerState
 .text.xTaskPriorityDisinherit
                0x08008c6c       0x90 ./Middlewares/Third_Party/FreeRTOS/Source/tasks.o
                0x08008c6c                xTaskPriorityDisinherit
 .text.xTaskNotifyWait
                0x08008cfc       0xec ./Middlewares/Third_Party/FreeRTOS/Source/tasks.o
                0x08008cfc                xTaskNotifyWait
 .text.xTaskGenericNotify
                0x08008de8      0x108 ./Middlewares/Third_Party/FreeRTOS/Source/tasks.o
                0x08008de8                xTaskGenericNotify
 .text.xTaskGenericNotifyFromISR
                0x08008ef0      0x138 ./Middlewares/Third_Party/FreeRTOS/Source/tasks.o
                0x08008ef0                xTaskGenericNotifyFromISR
 .text.prvSwitchTimerLists
                0x08009028       0x9c ./Middlewares/Third_Party/FreeRTOS/Source/timers.o
 .text.prvTimerTask
                0x080090c4      0x2a0 ./Middlewares/Third_Party/FreeRTOS/Source/timers.o
 .text.xTimerCreateTimerTask
                0x08009364       0xc0 ./Middlewares/Third_Party/FreeRTOS/Source/timers.o
                0x08009364                xTimerCreateTimerTask
 .text.prvPortStartFirstTask
                0x08009424       0x28 ./Middlewares/Third_Party/FreeRTOS/Source/portable/GCC/ARM_CM7/r0p1/port.o
 .text.vPortEnableVFP
                0x0800944c       0x14 ./Middlewares/Third_Party/FreeRTOS/Source/portable/GCC/ARM_CM7/r0p1/port.o
 .text.prvTaskExitError
                0x08009460       0x48 ./Middlewares/Third_Party/FreeRTOS/Source/portable/GCC/ARM_CM7/r0p1/port.o
 .text.pxPortInitialiseStack
                0x080094a8       0x30 ./Middlewares/Third_Party/FreeRTOS/Source/portable/GCC/ARM_CM7/r0p1/port.o
                0x080094a8                pxPortInitialiseStack
 *fill*         0x080094d8        0x8 
 .text.SVC_Handler
                0x080094e0       0x24 ./Middlewares/Third_Party/FreeRTOS/Source/portable/GCC/ARM_CM7/r0p1/port.o
                0x080094e0                SVC_Handler
 .text.vPortEnterCritical
                0x08009504       0x4c ./Middlewares/Third_Party/FreeRTOS/Source/portable/GCC/ARM_CM7/r0p1/port.o
                0x08009504                vPortEnterCritical
 .text.vPortExitCritical
                0x08009550       0x2c ./Middlewares/Third_Party/FreeRTOS/Source/portable/GCC/ARM_CM7/r0p1/port.o
                0x08009550                vPortExitCritical
 *fill*         0x0800957c        0x4 
 .text.PendSV_Handler
                0x08009580       0x64 ./Middlewares/Third_Party/FreeRTOS/Source/portable/GCC/ARM_CM7/r0p1/port.o
                0x08009580                PendSV_Handler
 .text.SysTick_Handler
                0x080095e4       0x30 ./Middlewares/Third_Party/FreeRTOS/Source/portable/GCC/ARM_CM7/r0p1/port.o
                0x080095e4                SysTick_Handler
 .text.vPortSetupTimerInterrupt
                0x08009614       0x28 ./Middlewares/Third_Party/FreeRTOS/Source/portable/GCC/ARM_CM7/r0p1/port.o
                0x08009614                vPortSetupTimerInterrupt
 .text.xPortStartScheduler
                0x0800963c      0x108 ./Middlewares/Third_Party/FreeRTOS/Source/portable/GCC/ARM_CM7/r0p1/port.o
                0x0800963c                xPortStartScheduler
 .text.vPortValidateInterruptPriority
                0x08009744       0x64 ./Middlewares/Third_Party/FreeRTOS/Source/portable/GCC/ARM_CM7/r0p1/port.o
                0x08009744                vPortValidateInterruptPriority
 .text.pvPortMalloc
                0x080097a8      0x174 ./Middlewares/Third_Party/FreeRTOS/Source/portable/MemMang/heap_4.o
                0x080097a8                pvPortMalloc
 .text.vPortFree
                0x0800991c       0xc8 ./Middlewares/Third_Party/FreeRTOS/Source/portable/MemMang/heap_4.o
                0x0800991c                vPortFree
 .text.snprintf
                0x080099e4       0x68 C:/ST/STM32CubeIDE_1.17.0/STM32CubeIDE/plugins/com.st.stm32cube.ide.mcu.externaltools.gnu-tools-for-stm32.12.3.rel1.win32_1.1.0.202410251130/tools/bin/../lib/gcc/arm-none-eabi/12.3.1/../../../../arm-none-eabi/lib/thumb/v7e-m+dp/hard\libc_nano.a(libc_a-snprintf.o)
                0x080099e4                sniprintf
                0x080099e4                snprintf
 .text.memset   0x08009a4c       0x10 C:/ST/STM32CubeIDE_1.17.0/STM32CubeIDE/plugins/com.st.stm32cube.ide.mcu.externaltools.gnu-tools-for-stm32.12.3.rel1.win32_1.1.0.202410251130/tools/bin/../lib/gcc/arm-none-eabi/12.3.1/../../../../arm-none-eabi/lib/thumb/v7e-m+dp/hard\libc_nano.a(libc_a-memset.o)
                0x08009a4c                memset
 .text._reclaim_reent
                0x08009a5c       0xac C:/ST/STM32CubeIDE_1.17.0/STM32CubeIDE/plugins/com.st.stm32cube.ide.mcu.externaltools.gnu-tools-for-stm32.12.3.rel1.win32_1.1.0.202410251130/tools/bin/../lib/gcc/arm-none-eabi/12.3.1/../../../../arm-none-eabi/lib/thumb/v7e-m+dp/hard\libc_nano.a(libc_a-reent.o)
                0x08009a5c                _reclaim_reent
 .text.__errno  0x08009b08        0xc C:/ST/STM32CubeIDE_1.17.0/STM32CubeIDE/plugins/com.st.stm32cube.ide.mcu.externaltools.gnu-tools-for-stm32.12.3.rel1.win32_1.1.0.202410251130/tools/bin/../lib/gcc/arm-none-eabi/12.3.1/../../../../arm-none-eabi/lib/thumb/v7e-m+dp/hard\libc_nano.a(libc_a-errno.o)
                0x08009b08                __errno
 .text.__libc_init_array
                0x08009b14       0x48 C:/ST/STM32CubeIDE_1.17.0/STM32CubeIDE/plugins/com.st.stm32cube.ide.mcu.externaltools.gnu-tools-for-stm32.12.3.rel1.win32_1.1.0.202410251130/tools/bin/../lib/gcc/arm-none-eabi/12.3.1/../../../../arm-none-eabi/lib/thumb/v7e-m+dp/hard\libc_nano.a(libc_a-init.o)
                0x08009b14                __libc_init_array
 .text.__retarget_lock_acquire_recursive
                0x08009b5c        0x2 C:/ST/STM32CubeIDE_1.17.0/STM32CubeIDE/plugins/com.st.stm32cube.ide.mcu.externaltools.gnu-tools-for-stm32.12.3.rel1.win32_1.1.0.202410251130/tools/bin/../lib/gcc/arm-none-eabi/12.3.1/../../../../arm-none-eabi/lib/thumb/v7e-m+dp/hard\libc_nano.a(libc_a-lock.o)
                0x08009b5c                __retarget_lock_acquire_recursive
 .text.__retarget_lock_release_recursive
                0x08009b5e        0x2 C:/ST/STM32CubeIDE_1.17.0/STM32CubeIDE/plugins/com.st.stm32cube.ide.mcu.externaltools.gnu-tools-for-stm32.12.3.rel1.win32_1.1.0.202410251130/tools/bin/../lib/gcc/arm-none-eabi/12.3.1/../../../../arm-none-eabi/lib/thumb/v7e-m+dp/hard\libc_nano.a(libc_a-lock.o)
                0x08009b5e                __retarget_lock_release_recursive
 .text.memcpy   0x08009b60       0x1c C:/ST/STM32CubeIDE_1.17.0/STM32CubeIDE/plugins/com.st.stm32cube.ide.mcu.externaltools.gnu-tools-for-stm32.12.3.rel1.win32_1.1.0.202410251130/tools/bin/../lib/gcc/arm-none-eabi/12.3.1/../../../../arm-none-eabi/lib/thumb/v7e-m+dp/hard\libc_nano.a(libc_a-memcpy-stub.o)
                0x08009b60                memcpy
 .text._free_r  0x08009b7c       0x94 C:/ST/STM32CubeIDE_1.17.0/STM32CubeIDE/plugins/com.st.stm32cube.ide.mcu.externaltools.gnu-tools-for-stm32.12.3.rel1.win32_1.1.0.202410251130/tools/bin/../lib/gcc/arm-none-eabi/12.3.1/../../../../arm-none-eabi/lib/thumb/v7e-m+dp/hard\libc_nano.a(libc_a-freer.o)
                0x08009b7c                _free_r
 .text.sbrk_aligned
                0x08009c10       0x44 C:/ST/STM32CubeIDE_1.17.0/STM32CubeIDE/plugins/com.st.stm32cube.ide.mcu.externaltools.gnu-tools-for-stm32.12.3.rel1.win32_1.1.0.202410251130/tools/bin/../lib/gcc/arm-none-eabi/12.3.1/../../../../arm-none-eabi/lib/thumb/v7e-m+dp/hard\libc_nano.a(libc_a-mallocr.o)
 .text._malloc_r
                0x08009c54      0x100 C:/ST/STM32CubeIDE_1.17.0/STM32CubeIDE/plugins/com.st.stm32cube.ide.mcu.externaltools.gnu-tools-for-stm32.12.3.rel1.win32_1.1.0.202410251130/tools/bin/../lib/gcc/arm-none-eabi/12.3.1/../../../../arm-none-eabi/lib/thumb/v7e-m+dp/hard\libc_nano.a(libc_a-mallocr.o)
                0x08009c54                _malloc_r
 .text.__malloc_lock
                0x08009d54        0xc C:/ST/STM32CubeIDE_1.17.0/STM32CubeIDE/plugins/com.st.stm32cube.ide.mcu.externaltools.gnu-tools-for-stm32.12.3.rel1.win32_1.1.0.202410251130/tools/bin/../lib/gcc/arm-none-eabi/12.3.1/../../../../arm-none-eabi/lib/thumb/v7e-m+dp/hard\libc_nano.a(libc_a-mlock.o)
                0x08009d54                __malloc_lock
 .text.__malloc_unlock
                0x08009d60        0xc C:/ST/STM32CubeIDE_1.17.0/STM32CubeIDE/plugins/com.st.stm32cube.ide.mcu.externaltools.gnu-tools-for-stm32.12.3.rel1.win32_1.1.0.202410251130/tools/bin/../lib/gcc/arm-none-eabi/12.3.1/../../../../arm-none-eabi/lib/thumb/v7e-m+dp/hard\libc_nano.a(libc_a-mlock.o)
                0x08009d60                __malloc_unlock
 .text.__ssputs_r
                0x08009d6c       0xb6 C:/ST/STM32CubeIDE_1.17.0/STM32CubeIDE/plugins/com.st.stm32cube.ide.mcu.externaltools.gnu-tools-for-stm32.12.3.rel1.win32_1.1.0.202410251130/tools/bin/../lib/gcc/arm-none-eabi/12.3.1/../../../../arm-none-eabi/lib/thumb/v7e-m+dp/hard\libc_nano.a(libc_a-nano-svfprintf.o)
                0x08009d6c                __ssputs_r
 *fill*         0x08009e22        0x2 
 .text._svfprintf_r
                0x08009e24      0x1f8 C:/ST/STM32CubeIDE_1.17.0/STM32CubeIDE/plugins/com.st.stm32cube.ide.mcu.externaltools.gnu-tools-for-stm32.12.3.rel1.win32_1.1.0.202410251130/tools/bin/../lib/gcc/arm-none-eabi/12.3.1/../../../../arm-none-eabi/lib/thumb/v7e-m+dp/hard\libc_nano.a(libc_a-nano-svfprintf.o)
                0x08009e24                _svfiprintf_r
                0x08009e24                _svfprintf_r
 .text._printf_common
                0x0800a01c       0xda C:/ST/STM32CubeIDE_1.17.0/STM32CubeIDE/plugins/com.st.stm32cube.ide.mcu.externaltools.gnu-tools-for-stm32.12.3.rel1.win32_1.1.0.202410251130/tools/bin/../lib/gcc/arm-none-eabi/12.3.1/../../../../arm-none-eabi/lib/thumb/v7e-m+dp/hard\libc_nano.a(libc_a-nano-vfprintf_i.o)
                0x0800a01c                _printf_common
 *fill*         0x0800a0f6        0x2 
 .text._printf_i
                0x0800a0f8      0x240 C:/ST/STM32CubeIDE_1.17.0/STM32CubeIDE/plugins/com.st.stm32cube.ide.mcu.externaltools.gnu-tools-for-stm32.12.3.rel1.win32_1.1.0.202410251130/tools/bin/../lib/gcc/arm-none-eabi/12.3.1/../../../../arm-none-eabi/lib/thumb/v7e-m+dp/hard\libc_nano.a(libc_a-nano-vfprintf_i.o)
                0x0800a0f8                _printf_i
 .text.memmove  0x0800a338       0x34 C:/ST/STM32CubeIDE_1.17.0/STM32CubeIDE/plugins/com.st.stm32cube.ide.mcu.externaltools.gnu-tools-for-stm32.12.3.rel1.win32_1.1.0.202410251130/tools/bin/../lib/gcc/arm-none-eabi/12.3.1/../../../../arm-none-eabi/lib/thumb/v7e-m+dp/hard\libc_nano.a(libc_a-memmove.o)
                0x0800a338                memmove
 .text._sbrk_r  0x0800a36c       0x20 C:/ST/STM32CubeIDE_1.17.0/STM32CubeIDE/plugins/com.st.stm32cube.ide.mcu.externaltools.gnu-tools-for-stm32.12.3.rel1.win32_1.1.0.202410251130/tools/bin/../lib/gcc/arm-none-eabi/12.3.1/../../../../arm-none-eabi/lib/thumb/v7e-m+dp/hard\libc_nano.a(libc_a-sbrkr.o)
                0x0800a36c                _sbrk_r
 .text._realloc_r
                0x0800a38c       0x5c C:/ST/STM32CubeIDE_1.17.0/STM32CubeIDE/plugins/com.st.stm32cube.ide.mcu.externaltools.gnu-tools-for-stm32.12.3.rel1.win32_1.1.0.202410251130/tools/bin/../lib/gcc/arm-none-eabi/12.3.1/../../../../arm-none-eabi/lib/thumb/v7e-m+dp/hard\libc_nano.a(libc_a-reallocr.o)
                0x0800a38c                _realloc_r
 .text._malloc_usable_size_r
                0x0800a3e8       0x10 C:/ST/STM32CubeIDE_1.17.0/STM32CubeIDE/plugins/com.st.stm32cube.ide.mcu.externaltools.gnu-tools-for-stm32.12.3.rel1.win32_1.1.0.202410251130/tools/bin/../lib/gcc/arm-none-eabi/12.3.1/../../../../arm-none-eabi/lib/thumb/v7e-m+dp/hard\libc_nano.a(libc_a-msizer.o)
                0x0800a3e8                _malloc_usable_size_r
 *(.glue_7)
 .glue_7        0x0800a3f8        0x0 linker stubs
 *(.glue_7t)
 .glue_7t       0x0800a3f8        0x0 linker stubs
 *(.eh_frame)
 .eh_frame      0x0800a3f8        0x0 C:/ST/STM32CubeIDE_1.17.0/STM32CubeIDE/plugins/com.st.stm32cube.ide.mcu.externaltools.gnu-tools-for-stm32.12.3.rel1.win32_1.1.0.202410251130/tools/bin/../lib/gcc/arm-none-eabi/12.3.1/thumb/v7e-m+dp/hard/crtbegin.o
 *(.init)
 .init          0x0800a3f8        0x4 C:/ST/STM32CubeIDE_1.17.0/STM32CubeIDE/plugins/com.st.stm32cube.ide.mcu.externaltools.gnu-tools-for-stm32.12.3.rel1.win32_1.1.0.202410251130/tools/bin/../lib/gcc/arm-none-eabi/12.3.1/thumb/v7e-m+dp/hard/crti.o
                0x0800a3f8                _init
 .init          0x0800a3fc        0x8 C:/ST/STM32CubeIDE_1.17.0/STM32CubeIDE/plugins/com.st.stm32cube.ide.mcu.externaltools.gnu-tools-for-stm32.12.3.rel1.win32_1.1.0.202410251130/tools/bin/../lib/gcc/arm-none-eabi/12.3.1/thumb/v7e-m+dp/hard/crtn.o
 *(.fini)
 .fini          0x0800a404        0x4 C:/ST/STM32CubeIDE_1.17.0/STM32CubeIDE/plugins/com.st.stm32cube.ide.mcu.externaltools.gnu-tools-for-stm32.12.3.rel1.win32_1.1.0.202410251130/tools/bin/../lib/gcc/arm-none-eabi/12.3.1/thumb/v7e-m+dp/hard/crti.o
                0x0800a404                _fini
 .fini          0x0800a408        0x8 C:/ST/STM32CubeIDE_1.17.0/STM32CubeIDE/plugins/com.st.stm32cube.ide.mcu.externaltools.gnu-tools-for-stm32.12.3.rel1.win32_1.1.0.202410251130/tools/bin/../lib/gcc/arm-none-eabi/12.3.1/thumb/v7e-m+dp/hard/crtn.o
                0x0800a410                        . = ALIGN (0x4)
                0x0800a410                        _etext = .

.vfp11_veneer   0x0800a410        0x0
 .vfp11_veneer  0x0800a410        0x0 linker stubs

.v4_bx          0x0800a410        0x0
 .v4_bx         0x0800a410        0x0 linker stubs

.iplt           0x0800a410        0x0
 .iplt          0x0800a410        0x0 C:/ST/STM32CubeIDE_1.17.0/STM32CubeIDE/plugins/com.st.stm32cube.ide.mcu.externaltools.gnu-tools-for-stm32.12.3.rel1.win32_1.1.0.202410251130/tools/bin/../lib/gcc/arm-none-eabi/12.3.1/thumb/v7e-m+dp/hard/crtbegin.o

.rodata         0x0800a410      0x1f4
                0x0800a410                        . = ALIGN (0x4)
 *(.rodata)
 *(.rodata*)
 .rodata.man_hw
                0x0800a410       0x44 ./Core/Src/main.o
 .rodata.man_cfg
                0x0800a454       0x1c ./Core/Src/main.o
 .rodata.str1.4
                0x0800a470        0xc ./Core/Src/main.o
 .rodata.defaultTask_attributes
                0x0800a47c       0x24 ./Core/Src/main.o
                0x0800a47c                defaultTask_attributes
 .rodata.str1.4
                0x0800a4a0        0x9 ./Core/Src/manchester_fec.o
 *fill*         0x0800a4a9        0x3 
 .rodata.identity_codec
                0x0800a4ac       0x18 ./Core/Src/manchester_fec.o
 .rodata.queue_stats.str1.4
                0x0800a4c4       0x92 ./Core/Src/manchester_service.o
 *fill*         0x0800a556        0x2 
 .rodata.Manchester_CreateRtosObjects.str1.4
                0x0800a558       0x40 ./Core/Src/manchester_service.o
 .rodata.APBPrescTable
                0x0800a598        0x8 ./Core/Src/system_stm32f7xx.o
                0x0800a598                APBPrescTable
 .rodata.AHBPrescTable
                0x0800a5a0       0x10 ./Core/Src/system_stm32f7xx.o
                0x0800a5a0                AHBPrescTable
 .rodata.flagBitshiftOffset.0
                0x0800a5b0        0x8 ./Drivers/STM32F7xx_HAL_Driver/Src/stm32f7xx_hal_dma.o
 .rodata.vTaskStartScheduler.str1.4
                0x0800a5b8        0x5 ./Middlewares/Third_Party/FreeRTOS/Source/tasks.o
 *fill*         0x0800a5bd        0x3 
 .rodata.xTimerCreateTimerTask.str1.4
                0x0800a5c0       0x10 ./Middlewares/Third_Party/FreeRTOS/Source/timers.o
 .rodata._svfprintf_r.str1.1
                0x0800a5d0       0x11 C:/ST/STM32CubeIDE_1.17.0/STM32CubeIDE/plugins/com.st.stm32cube.ide.mcu.externaltools.gnu-tools-for-stm32.12.3.rel1.win32_1.1.0.202410251130/tools/bin/../lib/gcc/arm-none-eabi/12.3.1/../../../../arm-none-eabi/lib/thumb/v7e-m+dp/hard\libc_nano.a(libc_a-nano-svfprintf.o)
 .rodata._printf_i.str1.1
                0x0800a5e1       0x22 C:/ST/STM32CubeIDE_1.17.0/STM32CubeIDE/plugins/com.st.stm32cube.ide.mcu.externaltools.gnu-tools-for-stm32.12.3.rel1.win32_1.1.0.202410251130/tools/bin/../lib/gcc/arm-none-eabi/12.3.1/../../../../arm-none-eabi/lib/thumb/v7e-m+dp/hard\libc_nano.a(libc_a-nano-vfprintf_i.o)
                0x0800a604                        . = ALIGN (0x4)
 *fill*         0x0800a603        0x1 

.ARM.extab      0x0800a604        0x0
                0x0800a604                        . = ALIGN (0x4)
 *(.ARM.extab* .gnu.linkonce.armextab.*)
                0x0800a604                        . = ALIGN (0x4)

.ARM            0x0800a604        0x8
                0x0800a604                        . = ALIGN (0x4)
                0x0800a604                        __exidx_start = .
 *(.ARM.exidx*)
 .ARM.exidx     0x0800a604        0x8 C:/ST/STM32CubeIDE_1.17.0/STM32CubeIDE/plugins/com.st.stm32cube.ide.mcu.externaltools.gnu-tools-for-stm32.12.3.rel1.win32_1.1.0.202410251130/tools/bin/../lib/gcc/arm-none-eabi/12.3.1/../../../../arm-none-eabi/lib/thumb/v7e-m+dp/hard\libc_nano.a(libc_a-memchr.o)
 .ARM.exidx     0x0800a60c        0x0 C:/ST/STM32CubeIDE_1.17.0/STM32CubeIDE/plugins/com.st.stm32cube.ide.mcu.externaltools.gnu-tools-for-stm32.12.3.rel1.win32_1.1.0.202410251130/tools/bin/../lib/gcc/arm-none-eabi/12.3.1/thumb/v7e-m+dp/hard\libgcc.a(_udivmoddi4.o)
                                  0x8 (size before relaxing)
                0x0800a60c                        __exidx_end = .
                0x0800a60c                        . = ALIGN (0x4)

.preinit_array  0x0800a60c        0x0
                0x0800a60c                        . = ALIGN (0x4)
                0x0800a60c                        PROVIDE (__preinit_array_start = .)
 *(.preinit_array*)
                0x0800a60c                        PROVIDE (__preinit_array_end = .)
                0x0800a60c                        . = ALIGN (0x4)

.init_array     0x0800a60c        0x4
                0x0800a60c                        . = ALIGN (0x4)
                0x0800a60c                        PROVIDE (__init_array_start = .)
 *(SORT_BY_NAME(.init_array.*))
 *(.init_array*)
 .init_array    0x0800a60c        0x4 C:/ST/STM32CubeIDE_1.17.0/STM32CubeIDE/plugins/com.st.stm32cube.ide.mcu.externaltools.gnu-tools-for-stm32.12.3.rel1.win32_1.1.0.202410251130/tools/bin/../lib/gcc/arm-none-eabi/12.3.1/thumb/v7e-m+dp/hard/crtbegin.o
                0x0800a610                        PROVIDE (__init_array_end = .)
                0x0800a610                        . = ALIGN (0x4)

.fini_array     0x0800a610        0x4
                0x0800a610                        . = ALIGN (0x4)
                [!provide]                        PROVIDE (__fini_array_start = .)
 *(SORT_BY_NAME(.fini_array.*))
 *(.fini_array*)
 .fini_array    0x0800a610        0x4 C:/ST/STM32CubeIDE_1.17.0/STM32CubeIDE/plugins/com.st.stm32cube.ide.mcu.externaltools.gnu-tools-for-stm32.12.3.rel1.win32_1.1.0.202410251130/tools/bin/../lib/gcc/arm-none-eabi/12.3.1/thumb/v7e-m+dp/hard/crtbegin.o
                [!provide]                        PROVIDE (__fini_array_end = .)
                0x0800a614                        . = ALIGN (0x4)
                0x0800a614                        _sidata = LOADADDR (.data)

.rel.dyn        0x0800a614        0x0
 .rel.iplt      0x0800a614        0x0 C:/ST/STM32CubeIDE_1.17.0/STM32CubeIDE/plugins/com.st.stm32cube.ide.mcu.externaltools.gnu-tools-for-stm32.12.3.rel1.win32_1.1.0.202410251130/tools/bin/../lib/gcc/arm-none-eabi/12.3.1/thumb/v7e-m+dp/hard/crtbegin.o

.data           0x20020000       0x60 load address 0x0800a614
                0x20020000                        . = ALIGN (0x4)
                0x20020000                        _sdata = .
 *(.data)
 *(.data*)
 .data.SystemCoreClock
                0x20020000        0x4 ./Core/Src/system_stm32f7xx.o
                0x20020000                SystemCoreClock
 .data.uwTickFreq
                0x20020004        0x1 ./Drivers/STM32F7xx_HAL_Driver/Src/stm32f7xx_hal.o
                0x20020004                uwTickFreq
 *fill*         0x20020005        0x3 
 .data.uwTickPrio
                0x20020008        0x4 ./Drivers/STM32F7xx_HAL_Driver/Src/stm32f7xx_hal.o
                0x20020008                uwTickPrio
 .data.uxCriticalNesting
                0x2002000c        0x4 ./Middlewares/Third_Party/FreeRTOS/Source/portable/GCC/ARM_CM7/r0p1/port.o
 .data._impure_ptr
                0x20020010        0x4 C:/ST/STM32CubeIDE_1.17.0/STM32CubeIDE/plugins/com.st.stm32cube.ide.mcu.externaltools.gnu-tools-for-stm32.12.3.rel1.win32_1.1.0.202410251130/tools/bin/../lib/gcc/arm-none-eabi/12.3.1/../../../../arm-none-eabi/lib/thumb/v7e-m+dp/hard\libc_nano.a(libc_a-impure.o)
                0x20020010                _impure_ptr
 .data._impure_data
                0x20020014       0x4c C:/ST/STM32CubeIDE_1.17.0/STM32CubeIDE/plugins/com.st.stm32cube.ide.mcu.externaltools.gnu-tools-for-stm32.12.3.rel1.win32_1.1.0.202410251130/tools/bin/../lib/gcc/arm-none-eabi/12.3.1/../../../../arm-none-eabi/lib/thumb/v7e-m+dp/hard\libc_nano.a(libc_a-impure.o)
                0x20020014                _impure_data
 *(.RamFunc)
 *(.RamFunc*)
                0x20020060                        . = ALIGN (0x4)
                0x20020060                        _edata = .

.igot.plt       0x20020060        0x0 load address 0x0800a674
 .igot.plt      0x20020060        0x0 C:/ST/STM32CubeIDE_1.17.0/STM32CubeIDE/plugins/com.st.stm32cube.ide.mcu.externaltools.gnu-tools-for-stm32.12.3.rel1.win32_1.1.0.202410251130/tools/bin/../lib/gcc/arm-none-eabi/12.3.1/thumb/v7e-m+dp/hard/crtbegin.o
                0x20020060                        . = ALIGN (0x4)

.bss            0x20020060    0x147f8 load address 0x0800a674
                0x20020060                        _sbss = .
                0x20020060                        __bss_start__ = _sbss
 *(.bss)
 .bss           0x20020060       0x1c C:/ST/STM32CubeIDE_1.17.0/STM32CubeIDE/plugins/com.st.stm32cube.ide.mcu.externaltools.gnu-tools-for-stm32.12.3.rel1.win32_1.1.0.202410251130/tools/bin/../lib/gcc/arm-none-eabi/12.3.1/thumb/v7e-m+dp/hard/crtbegin.o
 *(.bss*)
 .bss.defaultTaskHandle
                0x2002007c        0x4 ./Core/Src/main.o
                0x2002007c                defaultTaskHandle
 .bss.hdma_usart3_tx
                0x20020080       0x60 ./Core/Src/main.o
                0x20020080                hdma_usart3_tx
 .bss.hdma_usart3_rx
                0x200200e0       0x60 ./Core/Src/main.o
                0x200200e0                hdma_usart3_rx
 .bss.huart3    0x20020140       0x88 ./Core/Src/main.o
                0x20020140                huart3
 .bss.hdma_tim1_up
                0x200201c8       0x60 ./Core/Src/main.o
                0x200201c8                hdma_tim1_up
 .bss.htim1     0x20020228       0x4c ./Core/Src/main.o
                0x20020228                htim1
 .bss.hdma_spi1_tx
                0x20020274       0x60 ./Core/Src/main.o
                0x20020274                hdma_spi1_tx
 .bss.hdma_spi1_rx
                0x200202d4       0x60 ./Core/Src/main.o
                0x200202d4                hdma_spi1_rx
 .bss.hspi1     0x20020334       0x64 ./Core/Src/main.o
                0x20020334                hspi1
 .bss.g_dbg_previous_edge_valid
                0x20020398        0x1 ./Core/Src/manchester_rx_dsp.o
 *fill*         0x20020399        0x7 
 .bss.g_dbg_previous_edge
                0x200203a0        0x8 ./Core/Src/manchester_rx_dsp.o
 .bss.g_dbg_edge_histogram
                0x200203a8       0x80 ./Core/Src/manchester_rx_dsp.o
                0x200203a8                g_dbg_edge_histogram
 .bss.g_dbg_max_pattern_match
                0x20020428        0x4 ./Core/Src/manchester_rx_dsp.o
                0x20020428                g_dbg_max_pattern_match
 .bss.g_dbg_valid_bits
                0x2002042c        0x8 ./Core/Src/manchester_rx_dsp.o
                0x2002042c                g_dbg_valid_bits
 .bss.g_dbg_invalid_pairs
                0x20020434        0x8 ./Core/Src/manchester_rx_dsp.o
                0x20020434                g_dbg_invalid_pairs
 .bss.g_dbg_edge_delta_count
                0x2002043c        0x4 ./Core/Src/manchester_rx_dsp.o
                0x2002043c                g_dbg_edge_delta_count
 .bss.g_dbg_edge_deltas
                0x20020440       0x80 ./Core/Src/manchester_rx_dsp.o
                0x20020440                g_dbg_edge_deltas
 .bss.g_dbg_timer_ticks
                0x200204c0        0x4 ./Core/Src/manchester_service.o
                0x200204c0                g_dbg_timer_ticks
 .bss.g_dbg_spi_divisor
                0x200204c4        0x4 ./Core/Src/manchester_service.o
                0x200204c4                g_dbg_spi_divisor
 .bss.g_dbg_timer_clock_hz
                0x200204c8        0x4 ./Core/Src/manchester_service.o
                0x200204c8                g_dbg_timer_clock_hz
 .bss.g_dbg_pclk2_hz
                0x200204cc        0x4 ./Core/Src/manchester_service.o
                0x200204cc                g_dbg_pclk2_hz
 .bss.g_dbg_pattern_corrupted_at
                0x200204d0        0x4 ./Core/Src/manchester_service.o
                0x200204d0                g_dbg_pattern_corrupted_at
 .bss.g_dbg_rx_block_number
                0x200204d4        0x4 ./Core/Src/manchester_service.o
                0x200204d4                g_dbg_rx_block_number
 .bss.g_dbg_pattern_length_1
                0x200204d8        0x2 ./Core/Src/manchester_service.o
                0x200204d8                g_dbg_pattern_length_1
 .bss.g_dbg_pattern_length_0
                0x200204da        0x2 ./Core/Src/manchester_service.o
                0x200204da                g_dbg_pattern_length_0
 .bss.g_rx_blocks_processed
                0x200204dc        0x4 ./Core/Src/manchester_service.o
                0x200204dc                g_rx_blocks_processed
 .bss.g_rx_cycles_max
                0x200204e0        0x4 ./Core/Src/manchester_service.o
                0x200204e0                g_rx_cycles_max
 .bss.g_rx_cycles_last
                0x200204e4        0x4 ./Core/Src/manchester_service.o
                0x200204e4                g_rx_cycles_last
 .bss.g_tx_reset_pending
                0x200204e8        0x1 ./Core/Src/manchester_service.o
 .bss.g_expected_rx_sequence_valid
                0x200204e9        0x1 ./Core/Src/manchester_service.o
 .bss.g_expected_rx_sequence
                0x200204ea        0x1 ./Core/Src/manchester_service.o
 .bss.g_tx_sequence
                0x200204eb        0x1 ./Core/Src/manchester_service.o
 .bss.g_uart_tx_busy
                0x200204ec        0x1 ./Core/Src/manchester_service.o
 *fill*         0x200204ed        0x3 
 .bss.g_uart_events
                0x200204f0       0x80 ./Core/Src/manchester_service.o
 .bss.g_uart_event_tail
                0x20020570        0x1 ./Core/Src/manchester_service.o
 .bss.g_uart_event_head
                0x20020571        0x1 ./Core/Src/manchester_service.o
 *fill*         0x20020572        0x2 
 .bss.g_spi_pending
                0x20020574        0x4 ./Core/Src/manchester_service.o
 .bss.g_uart_out_queue
                0x20020578        0x4 ./Core/Src/manchester_service.o
 .bss.g_rx_queue
                0x2002057c        0x4 ./Core/Src/manchester_service.o
 .bss.g_tx_queue
                0x20020580        0x4 ./Core/Src/manchester_service.o
 .bss.g_app_task
                0x20020584        0x4 ./Core/Src/manchester_service.o
 .bss.g_uart_task
                0x20020588        0x4 ./Core/Src/manchester_service.o
 .bss.g_tx_task
                0x2002058c        0x4 ./Core/Src/manchester_service.o
 .bss.g_rx_task
                0x20020590        0x4 ./Core/Src/manchester_service.o
 .bss.g_uart_temporary
                0x20020594      0x800 ./Core/Src/manchester_service.o
 .bss.g_uart_assembly
                0x20020d94     0x1000 ./Core/Src/manchester_service.o
 .bss.g_tx_fec_ctx
                0x20021d94       0x40 ./Core/Src/manchester_service.o
 .bss.g_tx_wire_bits
                0x20021dd4      0x200 ./Core/Src/manchester_service.o
 *fill*         0x20021fd4        0x4 
 .bss.g_decoder
                0x20021fd8     0x1860 ./Core/Src/manchester_service.o
 .bss.g_fec     0x20023838        0x4 ./Core/Src/manchester_service.o
 .bss.g_spi_sample_rate_hz
                0x2002383c        0x4 ./Core/Src/manchester_service.o
 .bss.g_initialized
                0x20023840        0x1 ./Core/Src/manchester_service.o
 *fill*         0x20023841        0x3 
 .bss.g_diag    0x20023844       0x38 ./Core/Src/manchester_service.o
 .bss.g_cfg     0x2002387c       0x1c ./Core/Src/manchester_service.o
 .bss.g_hw      0x20023898       0x44 ./Core/Src/manchester_service.o
 .bss.htim6     0x200238dc       0x4c ./Core/Src/stm32f7xx_hal_timebase_tim.o
                0x200238dc                htim6
 .bss.__sbrk_heap_end
                0x20023928        0x4 ./Core/Src/sysmem.o
 .bss.uwTick    0x2002392c        0x4 ./Drivers/STM32F7xx_HAL_Driver/Src/stm32f7xx_hal.o
                0x2002392c                uwTick
 .bss.Timer_Stack
                0x20023930      0x400 ./Middlewares/Third_Party/FreeRTOS/Source/CMSIS_RTOS_V2/cmsis_os2.o
 .bss.Timer_TCB
                0x20023d30       0xa8 ./Middlewares/Third_Party/FreeRTOS/Source/CMSIS_RTOS_V2/cmsis_os2.o
 .bss.Idle_Stack
                0x20023dd8      0x200 ./Middlewares/Third_Party/FreeRTOS/Source/CMSIS_RTOS_V2/cmsis_os2.o
 .bss.Idle_TCB  0x20023fd8       0xa8 ./Middlewares/Third_Party/FreeRTOS/Source/CMSIS_RTOS_V2/cmsis_os2.o
 .bss.KernelState
                0x20024080        0x4 ./Middlewares/Third_Party/FreeRTOS/Source/CMSIS_RTOS_V2/cmsis_os2.o
 *fill*         0x20024084        0x4 
 .bss.xQueueRegistry
                0x20024088       0x40 ./Middlewares/Third_Party/FreeRTOS/Source/queue.o
                0x20024088                xQueueRegistry
 .bss.uxSchedulerSuspended
                0x200240c8        0x4 ./Middlewares/Third_Party/FreeRTOS/Source/tasks.o
 .bss.xNextTaskUnblockTime
                0x200240cc        0x4 ./Middlewares/Third_Party/FreeRTOS/Source/tasks.o
 .bss.uxTaskNumber
                0x200240d0        0x4 ./Middlewares/Third_Party/FreeRTOS/Source/tasks.o
 .bss.xNumOfOverflows
                0x200240d4        0x4 ./Middlewares/Third_Party/FreeRTOS/Source/tasks.o
 .bss.xYieldPending
                0x200240d8        0x4 ./Middlewares/Third_Party/FreeRTOS/Source/tasks.o
 .bss.uxPendedTicks
                0x200240dc        0x4 ./Middlewares/Third_Party/FreeRTOS/Source/tasks.o
 .bss.xSchedulerRunning
                0x200240e0        0x4 ./Middlewares/Third_Party/FreeRTOS/Source/tasks.o
 .bss.uxTopReadyPriority
                0x200240e4        0x4 ./Middlewares/Third_Party/FreeRTOS/Source/tasks.o
 .bss.xTickCount
                0x200240e8        0x4 ./Middlewares/Third_Party/FreeRTOS/Source/tasks.o
 .bss.uxCurrentNumberOfTasks
                0x200240ec        0x4 ./Middlewares/Third_Party/FreeRTOS/Source/tasks.o
 .bss.xSuspendedTaskList
                0x200240f0       0x14 ./Middlewares/Third_Party/FreeRTOS/Source/tasks.o
 .bss.uxDeletedTasksWaitingCleanUp
                0x20024104        0x4 ./Middlewares/Third_Party/FreeRTOS/Source/tasks.o
 .bss.xTasksWaitingTermination
                0x20024108       0x14 ./Middlewares/Third_Party/FreeRTOS/Source/tasks.o
 .bss.xPendingReadyList
                0x2002411c       0x14 ./Middlewares/Third_Party/FreeRTOS/Source/tasks.o
 .bss.pxOverflowDelayedTaskList
                0x20024130        0x4 ./Middlewares/Third_Party/FreeRTOS/Source/tasks.o
 .bss.pxDelayedTaskList
                0x20024134        0x4 ./Middlewares/Third_Party/FreeRTOS/Source/tasks.o
 .bss.xDelayedTaskList2
                0x20024138       0x14 ./Middlewares/Third_Party/FreeRTOS/Source/tasks.o
 .bss.xDelayedTaskList1
                0x2002414c       0x14 ./Middlewares/Third_Party/FreeRTOS/Source/tasks.o
 .bss.pxReadyTasksLists
                0x20024160      0x460 ./Middlewares/Third_Party/FreeRTOS/Source/tasks.o
 .bss.pxCurrentTCB
                0x200245c0        0x4 ./Middlewares/Third_Party/FreeRTOS/Source/tasks.o
                0x200245c0                pxCurrentTCB
 .bss.xStaticTimerQueue.0
                0x200245c4       0x50 ./Middlewares/Third_Party/FreeRTOS/Source/timers.o
 .bss.ucStaticTimerQueueStorage.1
                0x20024614       0xa0 ./Middlewares/Third_Party/FreeRTOS/Source/timers.o
 .bss.xLastTime.2
                0x200246b4        0x4 ./Middlewares/Third_Party/FreeRTOS/Source/timers.o
 .bss.xTimerTaskHandle
                0x200246b8        0x4 ./Middlewares/Third_Party/FreeRTOS/Source/timers.o
 .bss.xTimerQueue
                0x200246bc        0x4 ./Middlewares/Third_Party/FreeRTOS/Source/timers.o
 .bss.pxOverflowTimerList
                0x200246c0        0x4 ./Middlewares/Third_Party/FreeRTOS/Source/timers.o
 .bss.pxCurrentTimerList
                0x200246c4        0x4 ./Middlewares/Third_Party/FreeRTOS/Source/timers.o
 .bss.xActiveTimerList2
                0x200246c8       0x14 ./Middlewares/Third_Party/FreeRTOS/Source/timers.o
 .bss.xActiveTimerList1
                0x200246dc       0x14 ./Middlewares/Third_Party/FreeRTOS/Source/timers.o
 .bss.ulMaxPRIGROUPValue
                0x200246f0        0x4 ./Middlewares/Third_Party/FreeRTOS/Source/portable/GCC/ARM_CM7/r0p1/port.o
 .bss.ucMaxSysCallPriority
                0x200246f4        0x1 ./Middlewares/Third_Party/FreeRTOS/Source/portable/GCC/ARM_CM7/r0p1/port.o
 *fill*         0x200246f5        0x3 
 .bss.xBlockAllocatedBit
                0x200246f8        0x4 ./Middlewares/Third_Party/FreeRTOS/Source/portable/MemMang/heap_4.o
 .bss.xMinimumEverFreeBytesRemaining
                0x200246fc        0x4 ./Middlewares/Third_Party/FreeRTOS/Source/portable/MemMang/heap_4.o
 .bss.xFreeBytesRemaining
                0x20024700        0x4 ./Middlewares/Third_Party/FreeRTOS/Source/portable/MemMang/heap_4.o
 .bss.pxEnd     0x20024704        0x4 ./Middlewares/Third_Party/FreeRTOS/Source/portable/MemMang/heap_4.o
 .bss.xStart    0x20024708        0x8 ./Middlewares/Third_Party/FreeRTOS/Source/portable/MemMang/heap_4.o
 .bss.ucHeap    0x20024710    0x10000 ./Middlewares/Third_Party/FreeRTOS/Source/portable/MemMang/heap_4.o
 .bss.__sf      0x20034710      0x138 C:/ST/STM32CubeIDE_1.17.0/STM32CubeIDE/plugins/com.st.stm32cube.ide.mcu.externaltools.gnu-tools-for-stm32.12.3.rel1.win32_1.1.0.202410251130/tools/bin/../lib/gcc/arm-none-eabi/12.3.1/../../../../arm-none-eabi/lib/thumb/v7e-m+dp/hard\libc_nano.a(libc_a-findfp.o)
                0x20034710                __sf
 .bss.errno     0x20034848        0x4 C:/ST/STM32CubeIDE_1.17.0/STM32CubeIDE/plugins/com.st.stm32cube.ide.mcu.externaltools.gnu-tools-for-stm32.12.3.rel1.win32_1.1.0.202410251130/tools/bin/../lib/gcc/arm-none-eabi/12.3.1/../../../../arm-none-eabi/lib/thumb/v7e-m+dp/hard\libc_nano.a(libc_a-reent.o)
                0x20034848                errno
 .bss.__lock___malloc_recursive_mutex
                0x2003484c        0x1 C:/ST/STM32CubeIDE_1.17.0/STM32CubeIDE/plugins/com.st.stm32cube.ide.mcu.externaltools.gnu-tools-for-stm32.12.3.rel1.win32_1.1.0.202410251130/tools/bin/../lib/gcc/arm-none-eabi/12.3.1/../../../../arm-none-eabi/lib/thumb/v7e-m+dp/hard\libc_nano.a(libc_a-lock.o)
                0x2003484c                __lock___malloc_recursive_mutex
 *fill*         0x2003484d        0x3 
 .bss.__malloc_sbrk_start
                0x20034850        0x4 C:/ST/STM32CubeIDE_1.17.0/STM32CubeIDE/plugins/com.st.stm32cube.ide.mcu.externaltools.gnu-tools-for-stm32.12.3.rel1.win32_1.1.0.202410251130/tools/bin/../lib/gcc/arm-none-eabi/12.3.1/../../../../arm-none-eabi/lib/thumb/v7e-m+dp/hard\libc_nano.a(libc_a-mallocr.o)
                0x20034850                __malloc_sbrk_start
 .bss.__malloc_free_list
                0x20034854        0x4 C:/ST/STM32CubeIDE_1.17.0/STM32CubeIDE/plugins/com.st.stm32cube.ide.mcu.externaltools.gnu-tools-for-stm32.12.3.rel1.win32_1.1.0.202410251130/tools/bin/../lib/gcc/arm-none-eabi/12.3.1/../../../../arm-none-eabi/lib/thumb/v7e-m+dp/hard\libc_nano.a(libc_a-mallocr.o)
                0x20034854                __malloc_free_list
 *(COMMON)
                0x20034858                        . = ALIGN (0x4)
                0x20034858                        _ebss = .
                0x20034858                        __bss_end__ = _ebss

.dma_buffer     0x20000000     0xaa00
                0x20000000                        . = ALIGN (0x20)
                0x20000000                        __dma_buffer_start__ = .
 *(.dma_buffer)
 .dma_buffer    0x20000000     0xaa00 ./Core/Src/manchester_service.o
 *(.dma_buffer*)
                0x2000aa00                        . = ALIGN (0x20)
                0x2000aa00                        __dma_buffer_end__ = .

._user_heap_stack
                0x20034858      0x600
                0x20034858                        . = ALIGN (0x8)
                [!provide]                        PROVIDE (end = .)
                0x20034858                        PROVIDE (_end = .)
                0x20034a58                        . = (. + _Min_Heap_Size)
 *fill*         0x20034858      0x200 
                0x20034e58                        . = (. + _Min_Stack_Size)
 *fill*         0x20034a58      0x400 
                0x20034e58                        . = ALIGN (0x8)

/DISCARD/
 libc.a(*)
 libm.a(*)
 libgcc.a(*)

.ARM.attributes
                0x00000000       0x2e
 *(.ARM.attributes)
 .ARM.attributes
                0x00000000       0x20 C:/ST/STM32CubeIDE_1.17.0/STM32CubeIDE/plugins/com.st.stm32cube.ide.mcu.externaltools.gnu-tools-for-stm32.12.3.rel1.win32_1.1.0.202410251130/tools/bin/../lib/gcc/arm-none-eabi/12.3.1/thumb/v7e-m+dp/hard/crti.o
 .ARM.attributes
                0x00000020       0x32 C:/ST/STM32CubeIDE_1.17.0/STM32CubeIDE/plugins/com.st.stm32cube.ide.mcu.externaltools.gnu-tools-for-stm32.12.3.rel1.win32_1.1.0.202410251130/tools/bin/../lib/gcc/arm-none-eabi/12.3.1/thumb/v7e-m+dp/hard/crtbegin.o
 .ARM.attributes
                0x00000052       0x32 ./Core/Src/main.o
 .ARM.attributes
                0x00000084       0x32 ./Core/Src/manchester_bits.o
 .ARM.attributes
                0x000000b6       0x32 ./Core/Src/manchester_crc.o
 .ARM.attributes
                0x000000e8       0x32 ./Core/Src/manchester_fec.o
 .ARM.attributes
                0x0000011a       0x32 ./Core/Src/manchester_frame.o
 .ARM.attributes
                0x0000014c       0x32 ./Core/Src/manchester_hal_callbacks.o
 .ARM.attributes
                0x0000017e       0x32 ./Core/Src/manchester_line.o
 .ARM.attributes
                0x000001b0       0x32 ./Core/Src/manchester_rx_dsp.o
 .ARM.attributes
                0x000001e2       0x32 ./Core/Src/manchester_service.o
 .ARM.attributes
                0x00000214       0x32 ./Core/Src/stm32f7xx_hal_msp.o
 .ARM.attributes
                0x00000246       0x32 ./Core/Src/stm32f7xx_hal_timebase_tim.o
 .ARM.attributes
                0x00000278       0x32 ./Core/Src/stm32f7xx_it.o
 .ARM.attributes
                0x000002aa       0x32 ./Core/Src/sysmem.o
 .ARM.attributes
                0x000002dc       0x32 ./Core/Src/system_stm32f7xx.o
 .ARM.attributes
                0x0000030e       0x21 ./Core/Startup/startup_stm32f767zitx.o
 .ARM.attributes
                0x0000032f       0x32 ./Drivers/STM32F7xx_HAL_Driver/Src/stm32f7xx_hal.o
 .ARM.attributes
                0x00000361       0x32 ./Drivers/STM32F7xx_HAL_Driver/Src/stm32f7xx_hal_cortex.o
 .ARM.attributes
                0x00000393       0x32 ./Drivers/STM32F7xx_HAL_Driver/Src/stm32f7xx_hal_dma.o
 .ARM.attributes
                0x000003c5       0x32 ./Drivers/STM32F7xx_HAL_Driver/Src/stm32f7xx_hal_gpio.o
 .ARM.attributes
                0x000003f7       0x32 ./Drivers/STM32F7xx_HAL_Driver/Src/stm32f7xx_hal_pwr.o
 .ARM.attributes
                0x00000429       0x32 ./Drivers/STM32F7xx_HAL_Driver/Src/stm32f7xx_hal_pwr_ex.o
 .ARM.attributes
                0x0000045b       0x32 ./Drivers/STM32F7xx_HAL_Driver/Src/stm32f7xx_hal_rcc.o
 .ARM.attributes
                0x0000048d       0x32 ./Drivers/STM32F7xx_HAL_Driver/Src/stm32f7xx_hal_rcc_ex.o
 .ARM.attributes
                0x000004bf       0x32 ./Drivers/STM32F7xx_HAL_Driver/Src/stm32f7xx_hal_spi.o
 .ARM.attributes
                0x000004f1       0x32 ./Drivers/STM32F7xx_HAL_Driver/Src/stm32f7xx_hal_tim.o
 .ARM.attributes
                0x00000523       0x32 ./Drivers/STM32F7xx_HAL_Driver/Src/stm32f7xx_hal_tim_ex.o
 .ARM.attributes
                0x00000555       0x32 ./Drivers/STM32F7xx_HAL_Driver/Src/stm32f7xx_hal_uart.o
 .ARM.attributes
                0x00000587       0x32 ./Drivers/STM32F7xx_HAL_Driver/Src/stm32f7xx_hal_uart_ex.o
 .ARM.attributes
                0x000005b9       0x32 ./Middlewares/Third_Party/FreeRTOS/Source/CMSIS_RTOS_V2/cmsis_os2.o
 .ARM.attributes
                0x000005eb       0x32 ./Middlewares/Third_Party/FreeRTOS/Source/list.o
 .ARM.attributes
                0x0000061d       0x32 ./Middlewares/Third_Party/FreeRTOS/Source/queue.o
 .ARM.attributes
                0x0000064f       0x32 ./Middlewares/Third_Party/FreeRTOS/Source/tasks.o
 .ARM.attributes
                0x00000681       0x32 ./Middlewares/Third_Party/FreeRTOS/Source/timers.o
 .ARM.attributes
                0x000006b3       0x32 ./Middlewares/Third_Party/FreeRTOS/Source/portable/GCC/ARM_CM7/r0p1/port.o
 .ARM.attributes
                0x000006e5       0x32 ./Middlewares/Third_Party/FreeRTOS/Source/portable/MemMang/heap_4.o
 .ARM.attributes
                0x00000717       0x32 C:/ST/STM32CubeIDE_1.17.0/STM32CubeIDE/plugins/com.st.stm32cube.ide.mcu.externaltools.gnu-tools-for-stm32.12.3.rel1.win32_1.1.0.202410251130/tools/bin/../lib/gcc/arm-none-eabi/12.3.1/../../../../arm-none-eabi/lib/thumb/v7e-m+dp/hard\libc_nano.a(libc_a-findfp.o)
 .ARM.attributes
                0x00000749       0x32 C:/ST/STM32CubeIDE_1.17.0/STM32CubeIDE/plugins/com.st.stm32cube.ide.mcu.externaltools.gnu-tools-for-stm32.12.3.rel1.win32_1.1.0.202410251130/tools/bin/../lib/gcc/arm-none-eabi/12.3.1/../../../../arm-none-eabi/lib/thumb/v7e-m+dp/hard\libc_nano.a(libc_a-snprintf.o)
 .ARM.attributes
                0x0000077b       0x32 C:/ST/STM32CubeIDE_1.17.0/STM32CubeIDE/plugins/com.st.stm32cube.ide.mcu.externaltools.gnu-tools-for-stm32.12.3.rel1.win32_1.1.0.202410251130/tools/bin/../lib/gcc/arm-none-eabi/12.3.1/../../../../arm-none-eabi/lib/thumb/v7e-m+dp/hard\libc_nano.a(libc_a-memset.o)
 .ARM.attributes
                0x000007ad       0x32 C:/ST/STM32CubeIDE_1.17.0/STM32CubeIDE/plugins/com.st.stm32cube.ide.mcu.externaltools.gnu-tools-for-stm32.12.3.rel1.win32_1.1.0.202410251130/tools/bin/../lib/gcc/arm-none-eabi/12.3.1/../../../../arm-none-eabi/lib/thumb/v7e-m+dp/hard\libc_nano.a(libc_a-reent.o)
 .ARM.attributes
                0x000007df       0x32 C:/ST/STM32CubeIDE_1.17.0/STM32CubeIDE/plugins/com.st.stm32cube.ide.mcu.externaltools.gnu-tools-for-stm32.12.3.rel1.win32_1.1.0.202410251130/tools/bin/../lib/gcc/arm-none-eabi/12.3.1/../../../../arm-none-eabi/lib/thumb/v7e-m+dp/hard\libc_nano.a(libc_a-impure.o)
 .ARM.attributes
                0x00000811       0x32 C:/ST/STM32CubeIDE_1.17.0/STM32CubeIDE/plugins/com.st.stm32cube.ide.mcu.externaltools.gnu-tools-for-stm32.12.3.rel1.win32_1.1.0.202410251130/tools/bin/../lib/gcc/arm-none-eabi/12.3.1/../../../../arm-none-eabi/lib/thumb/v7e-m+dp/hard\libc_nano.a(libc_a-errno.o)
 .ARM.attributes
                0x00000843       0x32 C:/ST/STM32CubeIDE_1.17.0/STM32CubeIDE/plugins/com.st.stm32cube.ide.mcu.externaltools.gnu-tools-for-stm32.12.3.rel1.win32_1.1.0.202410251130/tools/bin/../lib/gcc/arm-none-eabi/12.3.1/../../../../arm-none-eabi/lib/thumb/v7e-m+dp/hard\libc_nano.a(libc_a-init.o)
 .ARM.attributes
                0x00000875       0x32 C:/ST/STM32CubeIDE_1.17.0/STM32CubeIDE/plugins/com.st.stm32cube.ide.mcu.externaltools.gnu-tools-for-stm32.12.3.rel1.win32_1.1.0.202410251130/tools/bin/../lib/gcc/arm-none-eabi/12.3.1/../../../../arm-none-eabi/lib/thumb/v7e-m+dp/hard\libc_nano.a(libc_a-lock.o)
 .ARM.attributes
                0x000008a7       0x32 C:/ST/STM32CubeIDE_1.17.0/STM32CubeIDE/plugins/com.st.stm32cube.ide.mcu.externaltools.gnu-tools-for-stm32.12.3.rel1.win32_1.1.0.202410251130/tools/bin/../lib/gcc/arm-none-eabi/12.3.1/../../../../arm-none-eabi/lib/thumb/v7e-m+dp/hard\libc_nano.a(libc_a-memcpy-stub.o)
 .ARM.attributes
                0x000008d9       0x32 C:/ST/STM32CubeIDE_1.17.0/STM32CubeIDE/plugins/com.st.stm32cube.ide.mcu.externaltools.gnu-tools-for-stm32.12.3.rel1.win32_1.1.0.202410251130/tools/bin/../lib/gcc/arm-none-eabi/12.3.1/../../../../arm-none-eabi/lib/thumb/v7e-m+dp/hard\libc_nano.a(libc_a-freer.o)
 .ARM.attributes
                0x0000090b       0x32 C:/ST/STM32CubeIDE_1.17.0/STM32CubeIDE/plugins/com.st.stm32cube.ide.mcu.externaltools.gnu-tools-for-stm32.12.3.rel1.win32_1.1.0.202410251130/tools/bin/../lib/gcc/arm-none-eabi/12.3.1/../../../../arm-none-eabi/lib/thumb/v7e-m+dp/hard\libc_nano.a(libc_a-mallocr.o)
 .ARM.attributes
                0x0000093d       0x32 C:/ST/STM32CubeIDE_1.17.0/STM32CubeIDE/plugins/com.st.stm32cube.ide.mcu.externaltools.gnu-tools-for-stm32.12.3.rel1.win32_1.1.0.202410251130/tools/bin/../lib/gcc/arm-none-eabi/12.3.1/../../../../arm-none-eabi/lib/thumb/v7e-m+dp/hard\libc_nano.a(libc_a-mlock.o)
 .ARM.attributes
                0x0000096f       0x32 C:/ST/STM32CubeIDE_1.17.0/STM32CubeIDE/plugins/com.st.stm32cube.ide.mcu.externaltools.gnu-tools-for-stm32.12.3.rel1.win32_1.1.0.202410251130/tools/bin/../lib/gcc/arm-none-eabi/12.3.1/../../../../arm-none-eabi/lib/thumb/v7e-m+dp/hard\libc_nano.a(libc_a-nano-svfprintf.o)
 .ARM.attributes
                0x000009a1       0x32 C:/ST/STM32CubeIDE_1.17.0/STM32CubeIDE/plugins/com.st.stm32cube.ide.mcu.externaltools.gnu-tools-for-stm32.12.3.rel1.win32_1.1.0.202410251130/tools/bin/../lib/gcc/arm-none-eabi/12.3.1/../../../../arm-none-eabi/lib/thumb/v7e-m+dp/hard\libc_nano.a(libc_a-nano-vfprintf_i.o)
 .ARM.attributes
                0x000009d3       0x32 C:/ST/STM32CubeIDE_1.17.0/STM32CubeIDE/plugins/com.st.stm32cube.ide.mcu.externaltools.gnu-tools-for-stm32.12.3.rel1.win32_1.1.0.202410251130/tools/bin/../lib/gcc/arm-none-eabi/12.3.1/../../../../arm-none-eabi/lib/thumb/v7e-m+dp/hard\libc_nano.a(libc_a-memmove.o)
 .ARM.attributes
                0x00000a05       0x32 C:/ST/STM32CubeIDE_1.17.0/STM32CubeIDE/plugins/com.st.stm32cube.ide.mcu.externaltools.gnu-tools-for-stm32.12.3.rel1.win32_1.1.0.202410251130/tools/bin/../lib/gcc/arm-none-eabi/12.3.1/../../../../arm-none-eabi/lib/thumb/v7e-m+dp/hard\libc_nano.a(libc_a-sbrkr.o)
 .ARM.attributes
                0x00000a37       0x1c C:/ST/STM32CubeIDE_1.17.0/STM32CubeIDE/plugins/com.st.stm32cube.ide.mcu.externaltools.gnu-tools-for-stm32.12.3.rel1.win32_1.1.0.202410251130/tools/bin/../lib/gcc/arm-none-eabi/12.3.1/../../../../arm-none-eabi/lib/thumb/v7e-m+dp/hard\libc_nano.a(libc_a-memchr.o)
 .ARM.attributes
                0x00000a53       0x32 C:/ST/STM32CubeIDE_1.17.0/STM32CubeIDE/plugins/com.st.stm32cube.ide.mcu.externaltools.gnu-tools-for-stm32.12.3.rel1.win32_1.1.0.202410251130/tools/bin/../lib/gcc/arm-none-eabi/12.3.1/../../../../arm-none-eabi/lib/thumb/v7e-m+dp/hard\libc_nano.a(libc_a-reallocr.o)
 .ARM.attributes
                0x00000a85       0x32 C:/ST/STM32CubeIDE_1.17.0/STM32CubeIDE/plugins/com.st.stm32cube.ide.mcu.externaltools.gnu-tools-for-stm32.12.3.rel1.win32_1.1.0.202410251130/tools/bin/../lib/gcc/arm-none-eabi/12.3.1/../../../../arm-none-eabi/lib/thumb/v7e-m+dp/hard\libc_nano.a(libc_a-msizer.o)
 .ARM.attributes
                0x00000ab7       0x20 C:/ST/STM32CubeIDE_1.17.0/STM32CubeIDE/plugins/com.st.stm32cube.ide.mcu.externaltools.gnu-tools-for-stm32.12.3.rel1.win32_1.1.0.202410251130/tools/bin/../lib/gcc/arm-none-eabi/12.3.1/thumb/v7e-m+dp/hard\libgcc.a(_aeabi_uldivmod.o)
 .ARM.attributes
                0x00000ad7       0x32 C:/ST/STM32CubeIDE_1.17.0/STM32CubeIDE/plugins/com.st.stm32cube.ide.mcu.externaltools.gnu-tools-for-stm32.12.3.rel1.win32_1.1.0.202410251130/tools/bin/../lib/gcc/arm-none-eabi/12.3.1/thumb/v7e-m+dp/hard\libgcc.a(_udivmoddi4.o)
 .ARM.attributes
                0x00000b09       0x20 C:/ST/STM32CubeIDE_1.17.0/STM32CubeIDE/plugins/com.st.stm32cube.ide.mcu.externaltools.gnu-tools-for-stm32.12.3.rel1.win32_1.1.0.202410251130/tools/bin/../lib/gcc/arm-none-eabi/12.3.1/thumb/v7e-m+dp/hard\libgcc.a(_dvmd_tls.o)
 .ARM.attributes
                0x00000b29       0x20 C:/ST/STM32CubeIDE_1.17.0/STM32CubeIDE/plugins/com.st.stm32cube.ide.mcu.externaltools.gnu-tools-for-stm32.12.3.rel1.win32_1.1.0.202410251130/tools/bin/../lib/gcc/arm-none-eabi/12.3.1/thumb/v7e-m+dp/hard/crtn.o