Archive member included to satisfy reference by file (symbol)

C:/ST/STM32CubeIDE_1.17.0/STM32CubeIDE/plugins/com.st.stm32cube.ide.mcu.externaltools.gnu-tools-for-stm32.12.3.rel1.win32_1.1.0.202410251130/tools/bin/../lib/gcc/arm-none-eabi/12.3.1/../../../../arm-none-eabi/lib/thumb/v7e-m+dp/hard\libc_nano.a(libc_a-exit.o)
                              C:/ST/STM32CubeIDE_1.17.0/STM32CubeIDE/plugins/com.st.stm32cube.ide.mcu.externaltools.gnu-tools-for-stm32.12.3.rel1.win32_1.1.0.202410251130/tools/bin/../lib/gcc/arm-none-eabi/12.3.1/../../../../arm-none-eabi/lib/thumb/v7e-m+dp/hard/crt0.o (exit)
C:/ST/STM32CubeIDE_1.17.0/STM32CubeIDE/plugins/com.st.stm32cube.ide.mcu.externaltools.gnu-tools-for-stm32.12.3.rel1.win32_1.1.0.202410251130/tools/bin/../lib/gcc/arm-none-eabi/12.3.1/../../../../arm-none-eabi/lib/thumb/v7e-m+dp/hard\libc_nano.a(libc_a-findfp.o)
                              ./Middlewares/Third_Party/FreeRTOS/Source/tasks.o (__sf)
C:/ST/STM32CubeIDE_1.17.0/STM32CubeIDE/plugins/com.st.stm32cube.ide.mcu.externaltools.gnu-tools-for-stm32.12.3.rel1.win32_1.1.0.202410251130/tools/bin/../lib/gcc/arm-none-eabi/12.3.1/../../../../arm-none-eabi/lib/thumb/v7e-m+dp/hard\libc_nano.a(libc_a-fwalk.o)
                              C:/ST/STM32CubeIDE_1.17.0/STM32CubeIDE/plugins/com.st.stm32cube.ide.mcu.externaltools.gnu-tools-for-stm32.12.3.rel1.win32_1.1.0.202410251130/tools/bin/../lib/gcc/arm-none-eabi/12.3.1/../../../../arm-none-eabi/lib/thumb/v7e-m+dp/hard\libc_nano.a(libc_a-findfp.o) (_fwalk_sglue)
C:/ST/STM32CubeIDE_1.17.0/STM32CubeIDE/plugins/com.st.stm32cube.ide.mcu.externaltools.gnu-tools-for-stm32.12.3.rel1.win32_1.1.0.202410251130/tools/bin/../lib/gcc/arm-none-eabi/12.3.1/../../../../arm-none-eabi/lib/thumb/v7e-m+dp/hard\libc_nano.a(libc_a-snprintf.o)
                              ./Core/Src/manchester_service.o (snprintf)
C:/ST/STM32CubeIDE_1.17.0/STM32CubeIDE/plugins/com.st.stm32cube.ide.mcu.externaltools.gnu-tools-for-stm32.12.3.rel1.win32_1.1.0.202410251130/tools/bin/../lib/gcc/arm-none-eabi/12.3.1/../../../../arm-none-eabi/lib/thumb/v7e-m+dp/hard\libc_nano.a(libc_a-stdio.o)
                              C:/ST/STM32CubeIDE_1.17.0/STM32CubeIDE/plugins/com.st.stm32cube.ide.mcu.externaltools.gnu-tools-for-stm32.12.3.rel1.win32_1.1.0.202410251130/tools/bin/../lib/gcc/arm-none-eabi/12.3.1/../../../../arm-none-eabi/lib/thumb/v7e-m+dp/hard\libc_nano.a(libc_a-findfp.o) (__sread)
C:/ST/STM32CubeIDE_1.17.0/STM32CubeIDE/plugins/com.st.stm32cube.ide.mcu.externaltools.gnu-tools-for-stm32.12.3.rel1.win32_1.1.0.202410251130/tools/bin/../lib/gcc/arm-none-eabi/12.3.1/../../../../arm-none-eabi/lib/thumb/v7e-m+dp/hard\libc_nano.a(libc_a-memset.o)
                              C:/ST/STM32CubeIDE_1.17.0/STM32CubeIDE/plugins/com.st.stm32cube.ide.mcu.externaltools.gnu-tools-for-stm32.12.3.rel1.win32_1.1.0.202410251130/tools/bin/../lib/gcc/arm-none-eabi/12.3.1/../../../../arm-none-eabi/lib/thumb/v7e-m+dp/hard/crt0.o (memset)
C:/ST/STM32CubeIDE_1.17.0/STM32CubeIDE/plugins/com.st.stm32cube.ide.mcu.externaltools.gnu-tools-for-stm32.12.3.rel1.win32_1.1.0.202410251130/tools/bin/../lib/gcc/arm-none-eabi/12.3.1/../../../../arm-none-eabi/lib/thumb/v7e-m+dp/hard\libc_nano.a(libc_a-closer.o)
                              C:/ST/STM32CubeIDE_1.17.0/STM32CubeIDE/plugins/com.st.stm32cube.ide.mcu.externaltools.gnu-tools-for-stm32.12.3.rel1.win32_1.1.0.202410251130/tools/bin/../lib/gcc/arm-none-eabi/12.3.1/../../../../arm-none-eabi/lib/thumb/v7e-m+dp/hard\libc_nano.a(libc_a-stdio.o) (_close_r)
C:/ST/STM32CubeIDE_1.17.0/STM32CubeIDE/plugins/com.st.stm32cube.ide.mcu.externaltools.gnu-tools-for-stm32.12.3.rel1.win32_1.1.0.202410251130/tools/bin/../lib/gcc/arm-none-eabi/12.3.1/../../../../arm-none-eabi/lib/thumb/v7e-m+dp/hard\libc_nano.a(libc_a-reent.o)
                              ./Middlewares/Third_Party/FreeRTOS/Source/tasks.o (_reclaim_reent)
C:/ST/STM32CubeIDE_1.17.0/STM32CubeIDE/plugins/com.st.stm32cube.ide.mcu.externaltools.gnu-tools-for-stm32.12.3.rel1.win32_1.1.0.202410251130/tools/bin/../lib/gcc/arm-none-eabi/12.3.1/../../../../arm-none-eabi/lib/thumb/v7e-m+dp/hard\libc_nano.a(libc_a-impure.o)
                              ./Middlewares/Third_Party/FreeRTOS/Source/tasks.o (_impure_ptr)
C:/ST/STM32CubeIDE_1.17.0/STM32CubeIDE/plugins/com.st.stm32cube.ide.mcu.externaltools.gnu-tools-for-stm32.12.3.rel1.win32_1.1.0.202410251130/tools/bin/../lib/gcc/arm-none-eabi/12.3.1/../../../../arm-none-eabi/lib/thumb/v7e-m+dp/hard\libc_nano.a(libc_a-lseekr.o)
                              C:/ST/STM32CubeIDE_1.17.0/STM32CubeIDE/plugins/com.st.stm32cube.ide.mcu.externaltools.gnu-tools-for-stm32.12.3.rel1.win32_1.1.0.202410251130/tools/bin/../lib/gcc/arm-none-eabi/12.3.1/../../../../arm-none-eabi/lib/thumb/v7e-m+dp/hard\libc_nano.a(libc_a-stdio.o) (_lseek_r)
[...]
Memory Configuration

Name             Origin             Length             Attributes
FLASH            0x08000000         0x00200000         xr
DTCMRAM          0x20000000         0x00020000         xrw
RAM              0x20020000         0x00060000         xrw
*default*        0x00000000         0xffffffff

Linker script and memory map

LOAD C:/ST/STM32CubeIDE_1.17.0/STM32CubeIDE/plugins/com.st.stm32cube.ide.mcu.externaltools.gnu-tools-for-stm32.12.3.rel1.win32_1.1.0.202410251130/tools/bin/../lib/gcc/arm-none-eabi/12.3.1/thumb/v7e-m+dp/hard/crti.o
LOAD C:/ST/STM32CubeIDE_1.17.0/STM32CubeIDE/plugins/com.st.stm32cube.ide.mcu.externaltools.gnu-tools-for-stm32.12.3.rel1.win32_1.1.0.202410251130/tools/bin/../lib/gcc/arm-none-eabi/12.3.1/thumb/v7e-m+dp/hard/crtbegin.o
LOAD C:/ST/STM32CubeIDE_1.17.0/STM32CubeIDE/plugins/com.st.stm32cube.ide.mcu.externaltools.gnu-tools-for-stm32.12.3.rel1.win32_1.1.0.202410251130/tools/bin/../lib/gcc/arm-none-eabi/12.3.1/../../../../arm-none-eabi/lib/thumb/v7e-m+dp/hard/crt0.o
LOAD ./Core/Src/freertos.o
LOAD ./Core/Src/main.o
LOAD ./Core/Src/manchester_bits.o
LOAD ./Core/Src/manchester_crc.o
LOAD ./Core/Src/manchester_fec.o
LOAD ./Core/Src/manchester_frame.o
LOAD ./Core/Src/manchester_hal_callbacks.o
LOAD ./Core/Src/manchester_line.o
LOAD ./Core/Src/manchester_rx_dsp.o
LOAD ./Core/Src/manchester_service.o
LOAD ./Core/Src/stm32f7xx_hal_msp.o
LOAD ./Core/Src/stm32f7xx_hal_timebase_tim.o
LOAD ./Core/Src/stm32f7xx_it.o
LOAD ./Core/Src/syscalls.o
LOAD ./Core/Src/sysmem.o
LOAD ./Core/Src/system_stm32f7xx.o
LOAD ./Core/Startup/startup_stm32f767zitx.o
LOAD ./Drivers/STM32F7xx_HAL_Driver/Src/stm32f7xx_hal.o
LOAD ./Drivers/STM32F7xx_HAL_Driver/Src/stm32f7xx_hal_cortex.o
LOAD ./Drivers/STM32F7xx_HAL_Driver/Src/stm32f7xx_hal_dma.o
LOAD ./Drivers/STM32F7xx_HAL_Driver/Src/stm32f7xx_hal_dma_ex.o
LOAD ./Drivers/STM32F7xx_HAL_Driver/Src/stm32f7xx_hal_exti.o
LOAD ./Drivers/STM32F7xx_HAL_Driver/Src/stm32f7xx_hal_flash.o
LOAD ./Drivers/STM32F7xx_HAL_Driver/Src/stm32f7xx_hal_flash_ex.o
LOAD ./Drivers/STM32F7xx_HAL_Driver/Src/stm32f7xx_hal_gpio.o
LOAD ./Drivers/STM32F7xx_HAL_Driver/Src/stm32f7xx_hal_i2c.o
LOAD ./Drivers/STM32F7xx_HAL_Driver/Src/stm32f7xx_hal_i2c_ex.o
LOAD ./Drivers/STM32F7xx_HAL_Driver/Src/stm32f7xx_hal_pwr.o
LOAD ./Drivers/STM32F7xx_HAL_Driver/Src/stm32f7xx_hal_pwr_ex.o
LOAD ./Drivers/STM32F7xx_HAL_Driver/Src/stm32f7xx_hal_rcc.o
LOAD ./Drivers/STM32F7xx_HAL_Driver/Src/stm32f7xx_hal_rcc_ex.o
LOAD ./Drivers/STM32F7xx_HAL_Driver/Src/stm32f7xx_hal_spi.o
LOAD ./Drivers/STM32F7xx_HAL_Driver/Src/stm32f7xx_hal_spi_ex.o
LOAD ./Drivers/STM32F7xx_HAL_Driver/Src/stm32f7xx_hal_tim.o
LOAD ./Drivers/STM32F7xx_HAL_Driver/Src/stm32f7xx_hal_tim_ex.o
LOAD ./Drivers/STM32F7xx_HAL_Driver/Src/stm32f7xx_hal_uart.o
LOAD ./Drivers/STM32F7xx_HAL_Driver/Src/stm32f7xx_hal_uart_ex.o
LOAD ./Middlewares/Third_Party/FreeRTOS/Source/CMSIS_RTOS_V2/cmsis_os2.o
LOAD ./Middlewares/Third_Party/FreeRTOS/Source/croutine.o
LOAD ./Middlewares/Third_Party/FreeRTOS/Source/event_groups.o
LOAD ./Middlewares/Third_Party/FreeRTOS/Source/list.o
LOAD ./Middlewares/Third_Party/FreeRTOS/Source/queue.o
LOAD ./Middlewares/Third_Party/FreeRTOS/Source/stream_buffer.o
LOAD ./Middlewares/Third_Party/FreeRTOS/Source/tasks.o
LOAD ./Middlewares/Third_Party/FreeRTOS/Source/timers.o
LOAD ./Middlewares/Third_Party/FreeRTOS/Source/portable/GCC/ARM_CM7/r0p1/port.o
LOAD ./Middlewares/Third_Party/FreeRTOS/Source/portable/MemMang/heap_4.o
START GROUP
LOAD C:/ST/STM32CubeIDE_1.17.0/STM32CubeIDE/plugins/com.st.stm32cube.ide.mcu.externaltools.gnu-tools-for-stm32.12.3.rel1.win32_1.1.0.202410251130/tools/bin/../lib/gcc/arm-none-eabi/12.3.1/../../../../arm-none-eabi/lib/thumb/v7e-m+dp/hard\libc_nano.a
LOAD C:/ST/STM32CubeIDE_1.17.0/STM32CubeIDE/plugins/com.st.stm32cube.ide.mcu.externaltools.gnu-tools-for-stm32.12.3.rel1.win32_1.1.0.202410251130/tools/bin/../lib/gcc/arm-none-eabi/12.3.1/../../../../arm-none-eabi/lib/thumb/v7e-m+dp/hard\libm.a
END GROUP
START GROUP
LOAD C:/ST/STM32CubeIDE_1.17.0/STM32CubeIDE/plugins/com.st.stm32cube.ide.mcu.externaltools.gnu-tools-for-stm32.12.3.rel1.win32_1.1.0.202410251130/tools/bin/../lib/gcc/arm-none-eabi/12.3.1/thumb/v7e-m+dp/hard\libgcc.a
LOAD C:/ST/STM32CubeIDE_1.17.0/STM32CubeIDE/plugins/com.st.stm32cube.ide.mcu.externaltools.gnu-tools-for-stm32.12.3.rel1.win32_1.1.0.202410251130/tools/bin/../lib/gcc/arm-none-eabi/12.3.1/../../../../arm-none-eabi/lib/thumb/v7e-m+dp/hard\libc_nano.a
END GROUP
START GROUP
LOAD C:/ST/STM32CubeIDE_1.17.0/STM32CubeIDE/plugins/com.st.stm32cube.ide.mcu.externaltools.gnu-tools-for-stm32.12.3.rel1.win32_1.1.0.202410251130/tools/bin/../lib/gcc/arm-none-eabi/12.3.1/thumb/v7e-m+dp/hard\libgcc.a
LOAD C:/ST/STM32CubeIDE_1.17.0/STM32CubeIDE/plugins/com.st.stm32cube.ide.mcu.externaltools.gnu-tools-for-stm32.12.3.rel1.win32_1.1.0.202410251130/tools/bin/../lib/gcc/arm-none-eabi/12.3.1/../../../../arm-none-eabi/lib/thumb/v7e-m+dp/hard\libc_nano.a
LOAD C:/ST/STM32CubeIDE_1.17.0/STM32CubeIDE/plugins/com.st.stm32cube.ide.mcu.externaltools.gnu-tools-for-stm32.12.3.rel1.win32_1.1.0.202410251130/tools/bin/../lib/gcc/arm-none-eabi/12.3.1/../../../../arm-none-eabi/lib/thumb/v7e-m+dp/hard\libnosys.a
END GROUP
START GROUP
LOAD C:/ST/STM32CubeIDE_1.17.0/STM32CubeIDE/plugins/com.st.stm32cube.ide.mcu.externaltools.gnu-tools-for-stm32.12.3.rel1.win32_1.1.0.202410251130/tools/bin/../lib/gcc/arm-none-eabi/12.3.1/thumb/v7e-m+dp/hard\libgcc.a
LOAD C:/ST/STM32CubeIDE_1.17.0/STM32CubeIDE/plugins/com.st.stm32cube.ide.mcu.externaltools.gnu-tools-for-stm32.12.3.rel1.win32_1.1.0.202410251130/tools/bin/../lib/gcc/arm-none-eabi/12.3.1/../../../../arm-none-eabi/lib/thumb/v7e-m+dp/hard\libc_nano.a
LOAD C:/ST/STM32CubeIDE_1.17.0/STM32CubeIDE/plugins/com.st.stm32cube.ide.mcu.externaltools.gnu-tools-for-stm32.12.3.rel1.win32_1.1.0.202410251130/tools/bin/../lib/gcc/arm-none-eabi/12.3.1/../../../../arm-none-eabi/lib/thumb/v7e-m+dp/hard\libnosys.a
END GROUP
LOAD C:/ST/STM32CubeIDE_1.17.0/STM32CubeIDE/plugins/com.st.stm32cube.ide.mcu.externaltools.gnu-tools-for-stm32.12.3.rel1.win32_1.1.0.202410251130/tools/bin/../lib/gcc/arm-none-eabi/12.3.1/thumb/v7e-m+dp/hard/crtend.o
LOAD C:/ST/STM32CubeIDE_1.17.0/STM32CubeIDE/plugins/com.st.stm32cube.ide.mcu.externaltools.gnu-tools-for-stm32.12.3.rel1.win32_1.1.0.202410251130/tools/bin/../lib/gcc/arm-none-eabi/12.3.1/thumb/v7e-m+dp/hard/crtn.o
                0x20080000                        _estack = (ORIGIN (RAM) + LENGTH (RAM))
                0x00000200                        _Min_Heap_Size = 0x200
                0x00000400                        _Min_Stack_Size = 0x400

.isr_vector     0x08000000      0x1f8
                0x08000000                        . = ALIGN (0x4)
 *(.isr_vector)
 .isr_vector    0x08000000      0x1f8 ./Core/Startup/startup_stm32f767zitx.o
                0x08000000                g_pfnVectors
                0x080001f8                        . = ALIGN (0x4)

.text           0x08000200     0xaac0
                0x08000200                        . = ALIGN (0x4)
 *(.text)
 .text          0x08000200       0x40 C:/ST/STM32CubeIDE_1.17.0/STM32CubeIDE/plugins/com.st.stm32cube.ide.mcu.externaltools.gnu-tools-for-stm32.12.3.rel1.win32_1.1.0.202410251130/tools/bin/../lib/gcc/arm-none-eabi/12.3.1/thumb/v7e-m+dp/hard/crtbegin.o
 .text          0x08000240       0xa0 C:/ST/STM32CubeIDE_1.17.0/STM32CubeIDE/plugins/com.st.stm32cube.ide.mcu.externaltools.gnu-tools-for-stm32.12.3.rel1.win32_1.1.0.202410251130/tools/bin/../lib/gcc/arm-none-eabi/12.3.1/../../../../arm-none-eabi/lib/thumb/v7e-m+dp/hard\libc_nano.a(libc_a-memchr.o)
                0x08000240                memchr
 .text          0x080002e0       0x30 C:/ST/STM32CubeIDE_1.17.0/STM32CubeIDE/plugins/com.st.stm32cube.ide.mcu.externaltools.gnu-tools-for-stm32.12.3.rel1.win32_1.1.0.202410251130/tools/bin/../lib/gcc/arm-none-eabi/12.3.1/thumb/v7e-m+dp/hard\libgcc.a(_aeabi_uldivmod.o)
                0x080002e0                __aeabi_uldivmod
 .text          0x08000310      0x2bc C:/ST/STM32CubeIDE_1.17.0/STM32CubeIDE/plugins/com.st.stm32cube.ide.mcu.externaltools.gnu-tools-for-stm32.12.3.rel1.win32_1.1.0.202410251130/tools/bin/../lib/gcc/arm-none-eabi/12.3.1/thumb/v7e-m+dp/hard\libgcc.a(_udivmoddi4.o)
                0x08000310                __udivmoddi4
 .text          0x080005cc        0x4 C:/ST/STM32CubeIDE_1.17.0/STM32CubeIDE/plugins/com.st.stm32cube.ide.mcu.externaltools.gnu-tools-for-stm32.12.3.rel1.win32_1.1.0.202410251130/tools/bin/../lib/gcc/arm-none-eabi/12.3.1/thumb/v7e-m+dp/hard\libgcc.a(_dvmd_tls.o)
                0x080005cc                __aeabi_idiv0
                0x080005cc                __aeabi_ldiv0
 *(.text*)
 .text.StartDefaultTask
                0x080005d0        0xc ./Core/Src/main.o
                0x080005d0                StartDefaultTask
 *fill*         0x080005dc        0x4 
 .text.SystemClock_Config
                0x080005e0       0xe4 ./Core/Src/main.o
                0x080005e0                SystemClock_Config
 .text.startup.main
                0x080006c4      0x4ac ./Core/Src/main.o
                0x080006c4                main
 .text.HAL_TIM_PeriodElapsedCallback
                0x08000b70       0x14 ./Core/Src/main.o
                0x08000b70                HAL_TIM_PeriodElapsedCallback
 .text.Error_Handler
                0x08000b84       0x10 ./Core/Src/main.o
                0x08000b84                Error_Handler
 .text.man_bit_writer_init
                0x08000b94       0x1c ./Core/Src/manchester_bits.o
                0x08000b94                man_bit_writer_init
 .text.man_bit_writer_put_byte
                0x08000bb0      0x150 ./Core/Src/manchester_bits.o
                0x08000bb0                man_bit_writer_put_byte
 .text.man_bit_get
                0x08000d00       0x14 ./Core/Src/manchester_bits.o
                0x08000d00                man_bit_get
 .text.man_crc16_ccitt_false
                0x08000d14       0x8c ./Core/Src/manchester_crc.o
                0x08000d14                man_crc16_ccitt_false
 .text.identity_reset
                0x08000da0        0x8 ./Core/Src/manchester_fec.o
 .text.identity_push_rx_bit
                0x08000da8       0x40 ./Core/Src/manchester_fec.o
 .text.identity_encoded_bits
                0x08000de8        0x4 ./Core/Src/manchester_fec.o
 .text.identity_encode
                0x08000dec       0x2c ./Core/Src/manchester_fec.o
 .text.man_fec_identity_codec
                0x08000e18        0x8 ./Core/Src/manchester_fec.o
                0x08000e18                man_fec_identity_codec
 .text.man_fec_hamming74_codec
                0x08000e20        0x4 ./Core/Src/manchester_fec.o
                0x08000e20                man_fec_hamming74_codec
 .text.man_frame_build_wire_bits
                0x08000e24      0x108 ./Core/Src/manchester_frame.o
                0x08000e24                man_frame_build_wire_bits
 .text.HAL_SPI_RxHalfCpltCallback
                0x08000f2c        0x4 ./Core/Src/manchester_hal_callbacks.o
                0x08000f2c                HAL_SPI_RxHalfCpltCallback
 .text.HAL_SPI_RxCpltCallback
                0x08000f30        0x4 ./Core/Src/manchester_hal_callbacks.o
                0x08000f30                HAL_SPI_RxCpltCallback
 .text.HAL_SPI_ErrorCallback
                0x08000f34        0x4 ./Core/Src/manchester_hal_callbacks.o
                0x08000f34                HAL_SPI_ErrorCallback
 .text.HAL_UARTEx_RxEventCallback
                0x08000f38        0x4 ./Core/Src/manchester_hal_callbacks.o
                0x08000f38                HAL_UARTEx_RxEventCallback
 .text.HAL_UART_TxCpltCallback
                0x08000f3c        0x4 ./Core/Src/manchester_hal_callbacks.o
                0x08000f3c                HAL_UART_TxCpltCallback
 .text.HAL_UART_ErrorCallback
                0x08000f40        0x4 ./Core/Src/manchester_hal_callbacks.o
                0x08000f40                HAL_UART_ErrorCallback
 .text.man_line_encode_bsrr
                0x08000f44       0xf0 ./Core/Src/manchester_line.o
                0x08000f44                man_line_encode_bsrr
 .text.path_finish_body
                0x08001034      0x114 ./Core/Src/manchester_rx_dsp.o
 .text.path_push_chip.part.0
                0x08001148      0x26c ./Core/Src/manchester_rx_dsp.o
 .text.man_rx_decoder_init
                0x080013b4      0x66c ./Core/Src/manchester_rx_dsp.o
                0x080013b4                man_rx_decoder_init
 .text.man_rx_decoder_reset
                0x08001a20       0x98 ./Core/Src/manchester_rx_dsp.o
                0x08001a20                man_rx_decoder_reset
 .text.man_rx_decoder_feed_packed
                0x08001ab8      0x9d4 ./Core/Src/manchester_rx_dsp.o
                0x08001ab8                man_rx_decoder_feed_packed
 .text.DiagnosticsTask
                0x0800248c       0x54 ./Core/Src/manchester_service.o
 .text.service_uart_tx
                0x080024e0       0x88 ./Core/Src/manchester_service.o
 .text.tx_dma_error
                0x08002568       0x4c ./Core/Src/manchester_service.o
 .text.tx_dma_done
                0x080025b4       0x4c ./Core/Src/manchester_service.o
 .text.tx_dma_half
                0x08002600       0x14 ./Core/Src/manchester_service.o
 .text.queue_stats
                0x08002614       0xb8 ./Core/Src/manchester_service.o
 .text.queue_tx_packet
                0x080026cc       0x98 ./Core/Src/manchester_service.o
 .text.rx_frame_to_queue
                0x08002764       0x40 ./Core/Src/manchester_service.o
 .text.consume_uart_block.constprop.0
                0x080027a4       0xbc ./Core/Src/manchester_service.o
 .text.UartTask
                0x08002860      0x354 ./Core/Src/manchester_service.o
 .text.ManchesterRxTask
                0x08002bb4      0x238 ./Core/Src/manchester_service.o
 .text.ApplicationTask
                0x08002dec      0x104 ./Core/Src/manchester_service.o
 .text.Manchester_TestHookMutateWireBits
                0x08002ef0        0x4 ./Core/Src/manchester_service.o
                0x08002ef0                Manchester_TestHookMutateWireBits
 .text.ManchesterTxTask
                0x08002ef4      0x174 ./Core/Src/manchester_service.o
 .text.Manchester_ServiceInit
                0x08003068      0x310 ./Core/Src/manchester_service.o
                0x08003068                Manchester_ServiceInit
 .text.Manchester_CreateRtosObjects
                0x08003378      0x188 ./Core/Src/manchester_service.o
                0x08003378                Manchester_CreateRtosObjects
 .text.Manchester_OnSpiTxRxHalfComplete
                0x08003500       0x40 ./Core/Src/manchester_service.o
                0x08003500                Manchester_OnSpiTxRxHalfComplete
 .text.Manchester_OnSpiTxRxComplete
                0x08003540       0x40 ./Core/Src/manchester_service.o
                0x08003540                Manchester_OnSpiTxRxComplete
 .text.Manchester_OnSpiError
                0x08003580       0x40 ./Core/Src/manchester_service.o
                0x08003580                Manchester_OnSpiError
 .text.Manchester_OnUartRxEvent
                0x080035c0       0x90 ./Core/Src/manchester_service.o
                0x080035c0                Manchester_OnUartRxEvent
 .text.Manchester_OnUartTxComplete
                0x08003650       0x2c ./Core/Src/manchester_service.o
                0x08003650                Manchester_OnUartTxComplete
 .text.Manchester_OnUartError
                0x0800367c       0x2c ./Core/Src/manchester_service.o
                0x0800367c                Manchester_OnUartError
 .text.HAL_MspInit
                0x080036a8       0x40 ./Core/Src/stm32f7xx_hal_msp.o
                0x080036a8                HAL_MspInit
 .text.HAL_SPI_MspInit
                0x080036e8       0xb0 ./Core/Src/stm32f7xx_hal_msp.o
                0x080036e8                HAL_SPI_MspInit
 .text.HAL_SPI_MspDeInit
                0x08003798       0x38 ./Core/Src/stm32f7xx_hal_msp.o
                0x08003798                HAL_SPI_MspDeInit
 .text.HAL_TIM_Base_MspInit
                0x080037d0       0x78 ./Core/Src/stm32f7xx_hal_msp.o
                0x080037d0                HAL_TIM_Base_MspInit
 .text.HAL_TIM_PWM_MspInit
                0x08003848       0x2c ./Core/Src/stm32f7xx_hal_msp.o
                0x08003848                HAL_TIM_PWM_MspInit
 *fill*         0x08003874        0x4 
 .text.HAL_TIM_MspPostInit
                0x08003878       0x5c ./Core/Src/stm32f7xx_hal_msp.o
                0x08003878                HAL_TIM_MspPostInit
 .text.HAL_UART_MspInit
                0x080038d4      0x120 ./Core/Src/stm32f7xx_hal_msp.o
                0x080038d4                HAL_UART_MspInit
 .text.HAL_InitTick
                0x080039f4       0xa4 ./Core/Src/stm32f7xx_hal_timebase_tim.o
                0x080039f4                HAL_InitTick
 .text.NMI_Handler
                0x08003a98        0x4 ./Core/Src/stm32f7xx_it.o
                0x08003a98                NMI_Handler
 .text.HardFault_Handler
                0x08003a9c        0x4 ./Core/Src/stm32f7xx_it.o
                0x08003a9c                HardFault_Handler
 .text.MemManage_Handler
                0x08003aa0        0x4 ./Core/Src/stm32f7xx_it.o
                0x08003aa0                MemManage_Handler
 .text.BusFault_Handler
                0x08003aa4        0x4 ./Core/Src/stm32f7xx_it.o
                0x08003aa4                BusFault_Handler
 .text.UsageFault_Handler
                0x08003aa8        0x4 ./Core/Src/stm32f7xx_it.o
                0x08003aa8                UsageFault_Handler
 .text.DebugMon_Handler
                0x08003aac        0x4 ./Core/Src/stm32f7xx_it.o
                0x08003aac                DebugMon_Handler
 .text.DMA1_Stream1_IRQHandler
                0x08003ab0        0xc ./Core/Src/stm32f7xx_it.o
                0x08003ab0                DMA1_Stream1_IRQHandler
 .text.DMA1_Stream3_IRQHandler
                0x08003abc        0xc ./Core/Src/stm32f7xx_it.o
                0x08003abc                DMA1_Stream3_IRQHandler
 .text.USART3_IRQHandler
                0x08003ac8        0xc ./Core/Src/stm32f7xx_it.o
                0x08003ac8                USART3_IRQHandler
 .text.TIM6_DAC_IRQHandler
                0x08003ad4        0xc ./Core/Src/stm32f7xx_it.o
                0x08003ad4                TIM6_DAC_IRQHandler
 .text.DMA2_Stream0_IRQHandler
                0x08003ae0        0xc ./Core/Src/stm32f7xx_it.o
                0x08003ae0                DMA2_Stream0_IRQHandler
 .text.DMA2_Stream5_IRQHandler
                0x08003aec        0xc ./Core/Src/stm32f7xx_it.o
                0x08003aec                DMA2_Stream5_IRQHandler
 .text._sbrk    0x08003af8       0x48 ./Core/Src/sysmem.o
                0x08003af8                _sbrk
 .text.SystemInit
                0x08003b40       0x14 ./Core/Src/system_stm32f7xx.o
                0x08003b40                SystemInit
 .text.Reset_Handler
                0x08003b54       0x50 ./Core/Startup/startup_stm32f767zitx.o
                0x08003b54                Reset_Handler
 .text.Default_Handler
                0x08003ba4        0x2 ./Core/Startup/startup_stm32f767zitx.o
                0x08003ba4                RTC_Alarm_IRQHandler
                0x08003ba4                EXTI2_IRQHandler
                0x08003ba4                TIM8_CC_IRQHandler
                0x08003ba4                UART8_IRQHandler
                0x08003ba4                SPI4_IRQHandler
                0x08003ba4                TIM1_CC_IRQHandler
                0x08003ba4                JPEG_IRQHandler
                0x08003ba4                DMA1_Stream5_IRQHandler
                0x08003ba4                CAN3_RX1_IRQHandler
                0x08003ba4                PVD_IRQHandler
                0x08003ba4                TAMP_STAMP_IRQHandler
                0x08003ba4                CAN2_RX1_IRQHandler
                0x08003ba4                EXTI3_IRQHandler
                0x08003ba4                TIM8_TRG_COM_TIM14_IRQHandler
                0x08003ba4                DFSDM1_FLT1_IRQHandler
                0x08003ba4                TIM1_UP_TIM10_IRQHandler
                0x08003ba4                TIM8_UP_TIM13_IRQHandler
                0x08003ba4                I2C3_ER_IRQHandler
                0x08003ba4                DFSDM1_FLT2_IRQHandler
                0x08003ba4                EXTI0_IRQHandler
                0x08003ba4                I2C2_EV_IRQHandler
                0x08003ba4                DMA1_Stream2_IRQHandler
                0x08003ba4                CAN1_RX0_IRQHandler
                0x08003ba4                FPU_IRQHandler
                0x08003ba4                OTG_HS_WKUP_IRQHandler
                0x08003ba4                CAN3_SCE_IRQHandler
                0x08003ba4                LTDC_ER_IRQHandler
                0x08003ba4                CAN2_SCE_IRQHandler
                0x08003ba4                DMA2_Stream2_IRQHandler
                0x08003ba4                SPI1_IRQHandler
                0x08003ba4                TIM1_BRK_TIM9_IRQHandler
                0x08003ba4                DCMI_IRQHandler
                0x08003ba4                CAN2_RX0_IRQHandler
                0x08003ba4                DMA2_Stream3_IRQHandler
                0x08003ba4                SAI2_IRQHandler
                0x08003ba4                DFSDM1_FLT3_IRQHandler
                0x08003ba4                USART6_IRQHandler
                0x08003ba4                CAN3_RX0_IRQHandler
                0x08003ba4                CAN1_RX1_IRQHandler
                0x08003ba4                UART5_IRQHandler
                0x08003ba4                TIM4_IRQHandler
                0x08003ba4                QUADSPI_IRQHandler
                0x08003ba4                I2C1_EV_IRQHandler
                0x08003ba4                DMA1_Stream6_IRQHandler
                0x08003ba4                UART4_IRQHandler
                0x08003ba4                TIM3_IRQHandler
                0x08003ba4                RCC_IRQHandler
                0x08003ba4                TIM8_BRK_TIM12_IRQHandler
                0x08003ba4                Default_Handler
                0x08003ba4                CEC_IRQHandler
                0x08003ba4                EXTI15_10_IRQHandler
                0x08003ba4                ADC_IRQHandler
                0x08003ba4                DMA1_Stream7_IRQHandler
                0x08003ba4                SPI5_IRQHandler
                0x08003ba4                TIM7_IRQHandler
                0x08003ba4                SDMMC1_IRQHandler
                0x08003ba4                CAN2_TX_IRQHandler
                0x08003ba4                TIM5_IRQHandler
                0x08003ba4                DMA2_Stream7_IRQHandler
                0x08003ba4                I2C3_EV_IRQHandler
                0x08003ba4                EXTI9_5_IRQHandler
                0x08003ba4                RTC_WKUP_IRQHandler
                0x08003ba4                LTDC_IRQHandler
                0x08003ba4                ETH_WKUP_IRQHandler
                0x08003ba4                SPDIF_RX_IRQHandler
                0x08003ba4                SPI2_IRQHandler
                0x08003ba4                OTG_HS_EP1_IN_IRQHandler
                0x08003ba4                DMA1_Stream0_IRQHandler
                0x08003ba4                CAN1_TX_IRQHandler
                0x08003ba4                EXTI4_IRQHandler
                0x08003ba4                RNG_IRQHandler
                0x08003ba4                ETH_IRQHandler
                0x08003ba4                OTG_HS_EP1_OUT_IRQHandler
                0x08003ba4                WWDG_IRQHandler
                0x08003ba4                SPI6_IRQHandler
                0x08003ba4                MDIOS_IRQHandler
                0x08003ba4                I2C4_EV_IRQHandler
                0x08003ba4                CAN3_TX_IRQHandler
                0x08003ba4                TIM2_IRQHandler
                0x08003ba4                OTG_FS_WKUP_IRQHandler
                0x08003ba4                TIM1_TRG_COM_TIM11_IRQHandler
                0x08003ba4                OTG_HS_IRQHandler
                0x08003ba4                DMA2D_IRQHandler
                0x08003ba4                EXTI1_IRQHandler
                0x08003ba4                SDMMC2_IRQHandler
                0x08003ba4                UART7_IRQHandler
                0x08003ba4                USART2_IRQHandler
                0x08003ba4                DFSDM1_FLT0_IRQHandler
                0x08003ba4                I2C2_ER_IRQHandler
                0x08003ba4                DMA2_Stream1_IRQHandler
                0x08003ba4                CAN1_SCE_IRQHandler
                0x08003ba4                FLASH_IRQHandler
                0x08003ba4                DMA2_Stream4_IRQHandler
                0x08003ba4                USART1_IRQHandler
                0x08003ba4                OTG_FS_IRQHandler
                0x08003ba4                SPI3_IRQHandler
                0x08003ba4                DMA1_Stream4_IRQHandler
                0x08003ba4                I2C1_ER_IRQHandler
                0x08003ba4                FMC_IRQHandler
                0x08003ba4                LPTIM1_IRQHandler
                0x08003ba4                I2C4_ER_IRQHandler
                0x08003ba4                DMA2_Stream6_IRQHandler
                0x08003ba4                SAI1_IRQHandler
 *fill*         0x08003ba6        0x2 
 .text.HAL_Init
                0x08003ba8       0x18 ./Drivers/STM32F7xx_HAL_Driver/Src/stm32f7xx_hal.o
                0x08003ba8                HAL_Init
 .text.HAL_IncTick
                0x08003bc0       0x18 ./Drivers/STM32F7xx_HAL_Driver/Src/stm32f7xx_hal.o
                0x08003bc0                HAL_IncTick
 .text.HAL_GetTick
                0x08003bd8        0xc ./Drivers/STM32F7xx_HAL_Driver/Src/stm32f7xx_hal.o
                0x08003bd8                HAL_GetTick
 .text.HAL_NVIC_SetPriorityGrouping
                0x08003be4       0x24 ./Drivers/STM32F7xx_HAL_Driver/Src/stm32f7xx_hal_cortex.o
                0x08003be4                HAL_NVIC_SetPriorityGrouping
 .text.HAL_NVIC_SetPriority
                0x08003c08       0x78 ./Drivers/STM32F7xx_HAL_Driver/Src/stm32f7xx_hal_cortex.o
                0x08003c08                HAL_NVIC_SetPriority
 .text.HAL_NVIC_EnableIRQ
                0x08003c80       0x1c ./Drivers/STM32F7xx_HAL_Driver/Src/stm32f7xx_hal_cortex.o
                0x08003c80                HAL_NVIC_EnableIRQ
 .text.HAL_DMA_Init
                0x08003c9c      0x138 ./Drivers/STM32F7xx_HAL_Driver/Src/stm32f7xx_hal_dma.o
                0x08003c9c                HAL_DMA_Init
 .text.HAL_DMA_DeInit
                0x08003dd4       0x8c ./Drivers/STM32F7xx_HAL_Driver/Src/stm32f7xx_hal_dma.o
                0x08003dd4                HAL_DMA_DeInit
 .text.HAL_DMA_Start_IT
                0x08003e60       0x80 ./Drivers/STM32F7xx_HAL_Driver/Src/stm32f7xx_hal_dma.o
                0x08003e60                HAL_DMA_Start_IT
 .text.HAL_DMA_Abort
                0x08003ee0       0x94 ./Drivers/STM32F7xx_HAL_Driver/Src/stm32f7xx_hal_dma.o
                0x08003ee0                HAL_DMA_Abort
 .text.HAL_DMA_Abort_IT
                0x08003f74       0x28 ./Drivers/STM32F7xx_HAL_Driver/Src/stm32f7xx_hal_dma.o
                0x08003f74                HAL_DMA_Abort_IT
 .text.HAL_DMA_IRQHandler
                0x08003f9c      0x1a8 ./Drivers/STM32F7xx_HAL_Driver/Src/stm32f7xx_hal_dma.o
                0x08003f9c                HAL_DMA_IRQHandler
 .text.HAL_DMA_GetError
                0x08004144        0x4 ./Drivers/STM32F7xx_HAL_Driver/Src/stm32f7xx_hal_dma.o
                0x08004144                HAL_DMA_GetError
 .text.HAL_GPIO_Init
                0x08004148      0x274 ./Drivers/STM32F7xx_HAL_Driver/Src/stm32f7xx_hal_gpio.o
                0x08004148                HAL_GPIO_Init
 .text.HAL_GPIO_DeInit
                0x080043bc      0x194 ./Drivers/STM32F7xx_HAL_Driver/Src/stm32f7xx_hal_gpio.o
                0x080043bc                HAL_GPIO_DeInit
 .text.HAL_GPIO_WritePin
                0x08004550        0x8 ./Drivers/STM32F7xx_HAL_Driver/Src/stm32f7xx_hal_gpio.o
                0x08004550                HAL_GPIO_WritePin
 .text.HAL_GPIO_TogglePin
                0x08004558       0x14 ./Drivers/STM32F7xx_HAL_Driver/Src/stm32f7xx_hal_gpio.o
                0x08004558                HAL_GPIO_TogglePin
 .text.HAL_PWR_EnableBkUpAccess
                0x0800456c       0x10 ./Drivers/STM32F7xx_HAL_Driver/Src/stm32f7xx_hal_pwr.o
                0x0800456c                HAL_PWR_EnableBkUpAccess
 .text.HAL_PWREx_EnableOverDrive
                0x0800457c       0x74 ./Drivers/STM32F7xx_HAL_Driver/Src/stm32f7xx_hal_pwr_ex.o
                0x0800457c                HAL_PWREx_EnableOverDrive
 .text.HAL_RCC_OscConfig
                0x080045f0      0x3ec ./Drivers/STM32F7xx_HAL_Driver/Src/stm32f7xx_hal_rcc.o
                0x080045f0                HAL_RCC_OscConfig
 .text.HAL_RCC_ClockConfig
                0x080049dc      0x1a8 ./Drivers/STM32F7xx_HAL_Driver/Src/stm32f7xx_hal_rcc.o
                0x080049dc                HAL_RCC_ClockConfig
 .text.HAL_RCC_GetSysClockFreq
                0x08004b84       0x68 ./Drivers/STM32F7xx_HAL_Driver/Src/stm32f7xx_hal_rcc.o
                0x08004b84                HAL_RCC_GetSysClockFreq
 .text.HAL_RCC_GetPCLK1Freq
                0x08004bec       0x20 ./Drivers/STM32F7xx_HAL_Driver/Src/stm32f7xx_hal_rcc.o
                0x08004bec                HAL_RCC_GetPCLK1Freq
 .text.HAL_RCC_GetPCLK2Freq
                0x08004c0c       0x20 ./Drivers/STM32F7xx_HAL_Driver/Src/stm32f7xx_hal_rcc.o
                0x08004c0c                HAL_RCC_GetPCLK2Freq
 .text.HAL_RCC_GetClockConfig
                0x08004c2c       0x44 ./Drivers/STM32F7xx_HAL_Driver/Src/stm32f7xx_hal_rcc.o
                0x08004c2c                HAL_RCC_GetClockConfig
 .text.HAL_RCCEx_PeriphCLKConfig
                0x08004c70      0x574 ./Drivers/STM32F7xx_HAL_Driver/Src/stm32f7xx_hal_rcc_ex.o
                0x08004c70                HAL_RCCEx_PeriphCLKConfig
 .text.SPI_WaitFifoStateUntilTimeout.constprop.0
                0x080051e4       0xe8 ./Drivers/STM32F7xx_HAL_Driver/Src/stm32f7xx_hal_spi.o
 .text.SPI_WaitFlagStateUntilTimeout.constprop.0
                0x080052cc       0xa8 ./Drivers/STM32F7xx_HAL_Driver/Src/stm32f7xx_hal_spi.o
 .text.SPI_EndRxTxTransaction.constprop.0
                0x08005374      0x11c ./Drivers/STM32F7xx_HAL_Driver/Src/stm32f7xx_hal_spi.o
 .text.SPI_AbortTx_ISR
                0x08005490       0xd4 ./Drivers/STM32F7xx_HAL_Driver/Src/stm32f7xx_hal_spi.o
 .text.SPI_EndRxTransaction
                0x08005564      0x140 ./Drivers/STM32F7xx_HAL_Driver/Src/stm32f7xx_hal_spi.o
 .text.SPI_AbortRx_ISR
                0x080056a4      0x128 ./Drivers/STM32F7xx_HAL_Driver/Src/stm32f7xx_hal_spi.o
 .text.HAL_SPI_Init
                0x080057cc       0xec ./Drivers/STM32F7xx_HAL_Driver/Src/stm32f7xx_hal_spi.o
                0x080057cc                HAL_SPI_Init
 .text.HAL_SPI_DeInit
                0x080058b8       0x30 ./Drivers/STM32F7xx_HAL_Driver/Src/stm32f7xx_hal_spi.o
                0x080058b8                HAL_SPI_DeInit
 .text.HAL_SPI_TransmitReceive_DMA
                0x080058e8      0x1bc ./Drivers/STM32F7xx_HAL_Driver/Src/stm32f7xx_hal_spi.o
                0x080058e8                HAL_SPI_TransmitReceive_DMA
 .text.HAL_SPI_Receive_DMA
                0x08005aa4      0x180 ./Drivers/STM32F7xx_HAL_Driver/Src/stm32f7xx_hal_spi.o
                0x08005aa4                HAL_SPI_Receive_DMA
 .text.HAL_SPI_Abort
                0x08005c24      0x174 ./Drivers/STM32F7xx_HAL_Driver/Src/stm32f7xx_hal_spi.o
                0x08005c24                HAL_SPI_Abort
 .text.HAL_SPI_TxRxCpltCallback
                0x08005d98        0x4 ./Drivers/STM32F7xx_HAL_Driver/Src/stm32f7xx_hal_spi.o
                0x08005d98                HAL_SPI_TxRxCpltCallback
 .text.SPI_DMAHalfReceiveCplt
                0x08005d9c        0xc ./Drivers/STM32F7xx_HAL_Driver/Src/stm32f7xx_hal_spi.o
 .text.HAL_SPI_TxRxHalfCpltCallback
                0x08005da8        0x4 ./Drivers/STM32F7xx_HAL_Driver/Src/stm32f7xx_hal_spi.o
                0x08005da8                HAL_SPI_TxRxHalfCpltCallback
 .text.SPI_DMAHalfTransmitReceiveCplt
                0x08005dac        0xc ./Drivers/STM32F7xx_HAL_Driver/Src/stm32f7xx_hal_spi.o
 .text.SPI_DMAError
                0x08005db8       0x24 ./Drivers/STM32F7xx_HAL_Driver/Src/stm32f7xx_hal_spi.o
 .text.SPI_DMAReceiveCplt
                0x08005ddc       0x6c ./Drivers/STM32F7xx_HAL_Driver/Src/stm32f7xx_hal_spi.o
 .text.SPI_DMATransmitReceiveCplt
                0x08005e48       0x5c ./Drivers/STM32F7xx_HAL_Driver/Src/stm32f7xx_hal_spi.o
 .text.HAL_TIM_Base_Init
                0x08005ea4      0x144 ./Drivers/STM32F7xx_HAL_Driver/Src/stm32f7xx_hal_tim.o
                0x08005ea4                HAL_TIM_Base_Init
 .text.HAL_TIM_Base_Start_IT
                0x08005fe8       0xa4 ./Drivers/STM32F7xx_HAL_Driver/Src/stm32f7xx_hal_tim.o
                0x08005fe8                HAL_TIM_Base_Start_IT
 .text.HAL_TIM_PWM_Init
                0x0800608c      0x144 ./Drivers/STM32F7xx_HAL_Driver/Src/stm32f7xx_hal_tim.o
                0x0800608c                HAL_TIM_PWM_Init
 .text.HAL_TIM_PWM_Start
                0x080061d0      0x138 ./Drivers/STM32F7xx_HAL_Driver/Src/stm32f7xx_hal_tim.o
                0x080061d0                HAL_TIM_PWM_Start
 .text.HAL_TIM_PWM_Stop
                0x08006308       0xe0 ./Drivers/STM32F7xx_HAL_Driver/Src/stm32f7xx_hal_tim.o
                0x08006308                HAL_TIM_PWM_Stop
 .text.HAL_TIM_PWM_ConfigChannel
                0x080063e8      0x300 ./Drivers/STM32F7xx_HAL_Driver/Src/stm32f7xx_hal_tim.o
                0x080063e8                HAL_TIM_PWM_ConfigChannel
 .text.HAL_TIM_GenerateEvent
                0x080066e8       0x2c ./Drivers/STM32F7xx_HAL_Driver/Src/stm32f7xx_hal_tim.o
                0x080066e8                HAL_TIM_GenerateEvent
 .text.HAL_TIM_ConfigClockSource
                0x08006714      0x154 ./Drivers/STM32F7xx_HAL_Driver/Src/stm32f7xx_hal_tim.o
                0x08006714                HAL_TIM_ConfigClockSource
 .text.HAL_TIM_OC_DelayElapsedCallback
                0x08006868        0x4 ./Drivers/STM32F7xx_HAL_Driver/Src/stm32f7xx_hal_tim.o
                0x08006868                HAL_TIM_OC_DelayElapsedCallback
 .text.HAL_TIM_IC_CaptureCallback
                0x0800686c        0x4 ./Drivers/STM32F7xx_HAL_Driver/Src/stm32f7xx_hal_tim.o
                0x0800686c                HAL_TIM_IC_CaptureCallback
 .text.HAL_TIM_PWM_PulseFinishedCallback
                0x08006870        0x4 ./Drivers/STM32F7xx_HAL_Driver/Src/stm32f7xx_hal_tim.o
                0x08006870                HAL_TIM_PWM_PulseFinishedCallback
 .text.HAL_TIM_TriggerCallback
                0x08006874        0x4 ./Drivers/STM32F7xx_HAL_Driver/Src/stm32f7xx_hal_tim.o
                0x08006874                HAL_TIM_TriggerCallback
 .text.HAL_TIM_IRQHandler
                0x08006878      0x158 ./Drivers/STM32F7xx_HAL_Driver/Src/stm32f7xx_hal_tim.o
                0x08006878                HAL_TIM_IRQHandler
 .text.HAL_TIMEx_MasterConfigSynchronization
                0x080069d0       0xb4 ./Drivers/STM32F7xx_HAL_Driver/Src/stm32f7xx_hal_tim_ex.o
                0x080069d0                HAL_TIMEx_MasterConfigSynchronization
 .text.HAL_TIMEx_ConfigBreakDeadTime
                0x08006a84       0x8c ./Drivers/STM32F7xx_HAL_Driver/Src/stm32f7xx_hal_tim_ex.o
                0x08006a84                HAL_TIMEx_ConfigBreakDeadTime
 .text.HAL_TIMEx_CommutCallback
                0x08006b10        0x4 ./Drivers/STM32F7xx_HAL_Driver/Src/stm32f7xx_hal_tim_ex.o
                0x08006b10                HAL_TIMEx_CommutCallback
 .text.HAL_TIMEx_BreakCallback
                0x08006b14        0x4 ./Drivers/STM32F7xx_HAL_Driver/Src/stm32f7xx_hal_tim_ex.o
                0x08006b14                HAL_TIMEx_BreakCallback
 .text.HAL_TIMEx_Break2Callback
                0x08006b18        0x4 ./Drivers/STM32F7xx_HAL_Driver/Src/stm32f7xx_hal_tim_ex.o
                0x08006b18                HAL_TIMEx_Break2Callback
 .text.HAL_UART_Transmit_DMA
                0x08006b1c       0x84 ./Drivers/STM32F7xx_HAL_Driver/Src/stm32f7xx_hal_uart.o
                0x08006b1c                HAL_UART_Transmit_DMA
 .text.HAL_UART_AbortReceive
                0x08006ba0       0xc0 ./Drivers/STM32F7xx_HAL_Driver/Src/stm32f7xx_hal_uart.o
                0x08006ba0                HAL_UART_AbortReceive
 .text.UART_DMATransmitCplt
                0x08006c60       0x44 ./Drivers/STM32F7xx_HAL_Driver/Src/stm32f7xx_hal_uart.o
 .text.HAL_UART_TxHalfCpltCallback
                0x08006ca4        0x4 ./Drivers/STM32F7xx_HAL_Driver/Src/stm32f7xx_hal_uart.o
                0x08006ca4                HAL_UART_TxHalfCpltCallback
 .text.UART_DMATxHalfCplt
                0x08006ca8        0xc ./Drivers/STM32F7xx_HAL_Driver/Src/stm32f7xx_hal_uart.o
 .text.HAL_UART_RxCpltCallback
                0x08006cb4        0x4 ./Drivers/STM32F7xx_HAL_Driver/Src/stm32f7xx_hal_uart.o
                0x08006cb4                HAL_UART_RxCpltCallback
 .text.HAL_UART_RxHalfCpltCallback
                0x08006cb8        0x4 ./Drivers/STM32F7xx_HAL_Driver/Src/stm32f7xx_hal_uart.o
                0x08006cb8                HAL_UART_RxHalfCpltCallback
 .text.UART_DMAError
                0x08006cbc       0xb4 ./Drivers/STM32F7xx_HAL_Driver/Src/stm32f7xx_hal_uart.o
 .text.UART_DMAAbortOnError
                0x08006d70       0x10 ./Drivers/STM32F7xx_HAL_Driver/Src/stm32f7xx_hal_uart.o
 .text.UART_DMARxHalfCplt
                0x08006d80       0x3c ./Drivers/STM32F7xx_HAL_Driver/Src/stm32f7xx_hal_uart.o
 .text.UART_DMAReceiveCplt
                0x08006dbc       0xbc ./Drivers/STM32F7xx_HAL_Driver/Src/stm32f7xx_hal_uart.o
 .text.HAL_UARTEx_WakeupCallback
                0x08006e78        0x4 ./Drivers/STM32F7xx_HAL_Driver/Src/stm32f7xx_hal_uart.o
                0x08006e78                HAL_UARTEx_WakeupCallback
 .text.HAL_UART_IRQHandler
                0x08006e7c      0x370 ./Drivers/STM32F7xx_HAL_Driver/Src/stm32f7xx_hal_uart.o
                0x08006e7c                HAL_UART_IRQHandler
 .text.UART_SetConfig
                0x080071ec      0x2a0 ./Drivers/STM32F7xx_HAL_Driver/Src/stm32f7xx_hal_uart.o
                0x080071ec                UART_SetConfig
 .text.UART_AdvFeatureConfig
                0x0800748c       0xb0 ./Drivers/STM32F7xx_HAL_Driver/Src/stm32f7xx_hal_uart.o
                0x0800748c                UART_AdvFeatureConfig
 .text.UART_CheckIdleState
                0x0800753c      0x250 ./Drivers/STM32F7xx_HAL_Driver/Src/stm32f7xx_hal_uart.o
                0x0800753c                UART_CheckIdleState
 .text.HAL_UART_Init
                0x0800778c       0x64 ./Drivers/STM32F7xx_HAL_Driver/Src/stm32f7xx_hal_uart.o
                0x0800778c                HAL_UART_Init
 .text.UART_Start_Receive_DMA
                0x080077f0       0x9c ./Drivers/STM32F7xx_HAL_Driver/Src/stm32f7xx_hal_uart.o
                0x080077f0                UART_Start_Receive_DMA
 .text.HAL_UARTEx_ReceiveToIdle_DMA
                0x0800788c       0x48 ./Drivers/STM32F7xx_HAL_Driver/Src/stm32f7xx_hal_uart_ex.o
                0x0800788c                HAL_UARTEx_ReceiveToIdle_DMA
 .text.HAL_UARTEx_GetRxEventType
                0x080078d4        0x4 ./Drivers/STM32F7xx_HAL_Driver/Src/stm32f7xx_hal_uart_ex.o
                0x080078d4                HAL_UARTEx_GetRxEventType
 .text.osKernelInitialize
                0x080078d8       0x38 ./Middlewares/Third_Party/FreeRTOS/Source/CMSIS_RTOS_V2/cmsis_os2.o
                0x080078d8                osKernelInitialize
 .text.osKernelStart
                0x08007910       0x44 ./Middlewares/Third_Party/FreeRTOS/Source/CMSIS_RTOS_V2/cmsis_os2.o
                0x08007910                osKernelStart
 .text.osKernelGetTickCount
                0x08007954       0x34 ./Middlewares/Third_Party/FreeRTOS/Source/CMSIS_RTOS_V2/cmsis_os2.o
                0x08007954                osKernelGetTickCount
 .text.osThreadNew
                0x08007988       0xa0 ./Middlewares/Third_Party/FreeRTOS/Source/CMSIS_RTOS_V2/cmsis_os2.o
                0x08007988                osThreadNew
 .text.osThreadFlagsSet
                0x08007a28       0x98 ./Middlewares/Third_Party/FreeRTOS/Source/CMSIS_RTOS_V2/cmsis_os2.o
                0x08007a28                osThreadFlagsSet
 .text.osThreadFlagsWait
                0x08007ac0      0x144 ./Middlewares/Third_Party/FreeRTOS/Source/CMSIS_RTOS_V2/cmsis_os2.o
                0x08007ac0                osThreadFlagsWait
 .text.osDelay  0x08007c04       0x40 ./Middlewares/Third_Party/FreeRTOS/Source/CMSIS_RTOS_V2/cmsis_os2.o
                0x08007c04                osDelay
 .text.osMessageQueueNew
                0x08007c44       0x90 ./Middlewares/Third_Party/FreeRTOS/Source/CMSIS_RTOS_V2/cmsis_os2.o
                0x08007c44                osMessageQueueNew
 .text.osMessageQueuePut
                0x08007cd4       0xa8 ./Middlewares/Third_Party/FreeRTOS/Source/CMSIS_RTOS_V2/cmsis_os2.o
                0x08007cd4                osMessageQueuePut
 .text.osMessageQueueGet
                0x08007d7c       0xa0 ./Middlewares/Third_Party/FreeRTOS/Source/CMSIS_RTOS_V2/cmsis_os2.o
                0x08007d7c                osMessageQueueGet
 .text.vApplicationGetIdleTaskMemory
                0x08007e1c       0x1c ./Middlewares/Third_Party/FreeRTOS/Source/CMSIS_RTOS_V2/cmsis_os2.o
                0x08007e1c                vApplicationGetIdleTaskMemory
 .text.vApplicationGetTimerTaskMemory
                0x08007e38       0x20 ./Middlewares/Third_Party/FreeRTOS/Source/CMSIS_RTOS_V2/cmsis_os2.o
                0x08007e38                vApplicationGetTimerTaskMemory
 .text.vListInitialise
                0x08007e58       0x18 ./Middlewares/Third_Party/FreeRTOS/Source/list.o
                0x08007e58                vListInitialise
 .text.vListInitialiseItem
                0x08007e70        0x8 ./Middlewares/Third_Party/FreeRTOS/Source/list.o
                0x08007e70                vListInitialiseItem
 .text.vListInsertEnd
                0x08007e78       0x1c ./Middlewares/Third_Party/FreeRTOS/Source/list.o
                0x08007e78                vListInsertEnd
 .text.vListInsert
                0x08007e94       0x30 ./Middlewares/Third_Party/FreeRTOS/Source/list.o
                0x08007e94                vListInsert
 .text.uxListRemove
                0x08007ec4       0x28 ./Middlewares/Third_Party/FreeRTOS/Source/list.o
                0x08007ec4                uxListRemove
 .text.prvCopyDataToQueue
                0x08007eec       0x70 ./Middlewares/Third_Party/FreeRTOS/Source/queue.o
 .text.xQueueGenericCreateStatic
                0x08007f5c       0xec ./Middlewares/Third_Party/FreeRTOS/Source/queue.o
                0x08007f5c                xQueueGenericCreateStatic
 .text.xQueueGenericCreate
                0x08008048       0x88 ./Middlewares/Third_Party/FreeRTOS/Source/queue.o
                0x08008048                xQueueGenericCreate
 .text.xQueueGenericSend
                0x080080d0      0x314 ./Middlewares/Third_Party/FreeRTOS/Source/queue.o
                0x080080d0                xQueueGenericSend
 .text.xQueueGenericSendFromISR
                0x080083e4       0xd8 ./Middlewares/Third_Party/FreeRTOS/Source/queue.o
                0x080083e4                xQueueGenericSendFromISR
 .text.xQueueReceive
                0x080084bc      0x31c ./Middlewares/Third_Party/FreeRTOS/Source/queue.o
                0x080084bc                xQueueReceive
 .text.xQueueReceiveFromISR
                0x080087d8       0xc4 ./Middlewares/Third_Party/FreeRTOS/Source/queue.o
                0x080087d8                xQueueReceiveFromISR
 .text.vQueueAddToRegistry
                0x0800889c       0x50 ./Middlewares/Third_Party/FreeRTOS/Source/queue.o
                0x0800889c                vQueueAddToRegistry
 .text.vQueueWaitForMessageRestricted
                0x080088ec       0xc8 ./Middlewares/Third_Party/FreeRTOS/Source/queue.o
                0x080088ec                vQueueWaitForMessageRestricted
 .text.prvAddNewTaskToReadyList
                0x080089b4      0x110 ./Middlewares/Third_Party/FreeRTOS/Source/tasks.o
 .text.prvInitialiseNewTask.constprop.0
                0x08008ac4      0x11c ./Middlewares/Third_Party/FreeRTOS/Source/tasks.o
 .text.prvIdleTask
                0x08008be0       0xa4 ./Middlewares/Third_Party/FreeRTOS/Source/tasks.o
 .text.xTaskCreateStatic
                0x08008c84       0x80 ./Middlewares/Third_Party/FreeRTOS/Source/tasks.o
                0x08008c84                xTaskCreateStatic
 .text.xTaskCreate
                0x08008d04       0x60 ./Middlewares/Third_Party/FreeRTOS/Source/tasks.o
                0x08008d04                xTaskCreate
 .text.vTaskStartScheduler
                0x08008d64      0x10c ./Middlewares/Third_Party/FreeRTOS/Source/tasks.o
                0x08008d64                vTaskStartScheduler
 .text.vTaskSuspendAll
                0x08008e70       0x10 ./Middlewares/Third_Party/FreeRTOS/Source/tasks.o
                0x08008e70                vTaskSuspendAll
 .text.xTaskGetTickCount
                0x08008e80        0xc ./Middlewares/Third_Party/FreeRTOS/Source/tasks.o
                0x08008e80                xTaskGetTickCount
 .text.xTaskGetTickCountFromISR
                0x08008e8c       0x10 ./Middlewares/Third_Party/FreeRTOS/Source/tasks.o
                0x08008e8c                xTaskGetTickCountFromISR
 .text.xTaskIncrementTick
                0x08008e9c      0x16c ./Middlewares/Third_Party/FreeRTOS/Source/tasks.o
                0x08008e9c                xTaskIncrementTick
 .text.xTaskResumeAll.part.0
                0x08009008      0x120 ./Middlewares/Third_Party/FreeRTOS/Source/tasks.o
 .text.xTaskResumeAll
                0x08009128       0x24 ./Middlewares/Third_Party/FreeRTOS/Source/tasks.o
                0x08009128                xTaskResumeAll
 .text.vTaskDelay
                0x0800914c       0xb4 ./Middlewares/Third_Party/FreeRTOS/Source/tasks.o
                0x0800914c                vTaskDelay
 .text.vTaskSwitchContext
                0x08009200       0x9c ./Middlewares/Third_Party/FreeRTOS/Source/tasks.o
                0x08009200                vTaskSwitchContext
 .text.vTaskPlaceOnEventList
                0x0800929c       0x8c ./Middlewares/Third_Party/FreeRTOS/Source/tasks.o
                0x0800929c                vTaskPlaceOnEventList
 .text.vTaskPlaceOnEventListRestricted
                0x08009328       0x98 ./Middlewares/Third_Party/FreeRTOS/Source/tasks.o
                0x08009328                vTaskPlaceOnEventListRestricted
 .text.xTaskRemoveFromEventList
                0x080093c0       0x90 ./Middlewares/Third_Party/FreeRTOS/Source/tasks.o
                0x080093c0                xTaskRemoveFromEventList
 .text.vTaskInternalSetTimeOutState
                0x08009450       0x18 ./Middlewares/Third_Party/FreeRTOS/Source/tasks.o
                0x08009450                vTaskInternalSetTimeOutState
 .text.xTaskCheckForTimeOut
                0x08009468       0x8c ./Middlewares/Third_Party/FreeRTOS/Source/tasks.o
                0x08009468                xTaskCheckForTimeOut
 .text.vTaskMissedYield
                0x080094f4        0xc ./Middlewares/Third_Party/FreeRTOS/Source/tasks.o
                0x080094f4                vTaskMissedYield
 .text.xTaskGetSchedulerState
                0x08009500       0x20 ./Middlewares/Third_Party/FreeRTOS/Source/tasks.o
                0x08009500                xTaskGetSchedulerState
 .text.xTaskPriorityDisinherit
                0x08009520       0x90 ./Middlewares/Third_Party/FreeRTOS/Source/tasks.o
                0x08009520                xTaskPriorityDisinherit
 .text.xTaskNotifyWait
                0x080095b0       0xec ./Middlewares/Third_Party/FreeRTOS/Source/tasks.o
                0x080095b0                xTaskNotifyWait
 .text.xTaskGenericNotify
                0x0800969c      0x108 ./Middlewares/Third_Party/FreeRTOS/Source/tasks.o
                0x0800969c                xTaskGenericNotify
 .text.xTaskGenericNotifyFromISR
                0x080097a4      0x138 ./Middlewares/Third_Party/FreeRTOS/Source/tasks.o
                0x080097a4                xTaskGenericNotifyFromISR
 .text.prvSwitchTimerLists
                0x080098dc       0x9c ./Middlewares/Third_Party/FreeRTOS/Source/timers.o
 .text.prvTimerTask
                0x08009978      0x2a0 ./Middlewares/Third_Party/FreeRTOS/Source/timers.o
 .text.xTimerCreateTimerTask
                0x08009c18       0xc0 ./Middlewares/Third_Party/FreeRTOS/Source/timers.o
                0x08009c18                xTimerCreateTimerTask
 .text.prvPortStartFirstTask
                0x08009cd8       0x28 ./Middlewares/Third_Party/FreeRTOS/Source/portable/GCC/ARM_CM7/r0p1/port.o
 .text.vPortEnableVFP
                0x08009d00       0x14 ./Middlewares/Third_Party/FreeRTOS/Source/portable/GCC/ARM_CM7/r0p1/port.o
 .text.prvTaskExitError
                0x08009d14       0x48 ./Middlewares/Third_Party/FreeRTOS/Source/portable/GCC/ARM_CM7/r0p1/port.o
 .text.pxPortInitialiseStack
                0x08009d5c       0x30 ./Middlewares/Third_Party/FreeRTOS/Source/portable/GCC/ARM_CM7/r0p1/port.o
                0x08009d5c                pxPortInitialiseStack
 *fill*         0x08009d8c        0x4 
 .text.SVC_Handler
                0x08009d90       0x24 ./Middlewares/Third_Party/FreeRTOS/Source/portable/GCC/ARM_CM7/r0p1/port.o
                0x08009d90                SVC_Handler
 .text.vPortEnterCritical
                0x08009db4       0x4c ./Middlewares/Third_Party/FreeRTOS/Source/portable/GCC/ARM_CM7/r0p1/port.o
                0x08009db4                vPortEnterCritical
 .text.vPortExitCritical
                0x08009e00       0x2c ./Middlewares/Third_Party/FreeRTOS/Source/portable/GCC/ARM_CM7/r0p1/port.o
                0x08009e00                vPortExitCritical
 *fill*         0x08009e2c        0x4 
 .text.PendSV_Handler
                0x08009e30       0x64 ./Middlewares/Third_Party/FreeRTOS/Source/portable/GCC/ARM_CM7/r0p1/port.o
                0x08009e30                PendSV_Handler
 .text.SysTick_Handler
                0x08009e94       0x30 ./Middlewares/Third_Party/FreeRTOS/Source/portable/GCC/ARM_CM7/r0p1/port.o
                0x08009e94                SysTick_Handler
 .text.vPortSetupTimerInterrupt
                0x08009ec4       0x28 ./Middlewares/Third_Party/FreeRTOS/Source/portable/GCC/ARM_CM7/r0p1/port.o
                0x08009ec4                vPortSetupTimerInterrupt
 .text.xPortStartScheduler
                0x08009eec      0x108 ./Middlewares/Third_Party/FreeRTOS/Source/portable/GCC/ARM_CM7/r0p1/port.o
                0x08009eec                xPortStartScheduler
 .text.vPortValidateInterruptPriority
                0x08009ff4       0x64 ./Middlewares/Third_Party/FreeRTOS/Source/portable/GCC/ARM_CM7/r0p1/port.o
                0x08009ff4                vPortValidateInterruptPriority
 .text.pvPortMalloc
                0x0800a058      0x174 ./Middlewares/Third_Party/FreeRTOS/Source/portable/MemMang/heap_4.o
                0x0800a058                pvPortMalloc
 .text.vPortFree
                0x0800a1cc       0xc8 ./Middlewares/Third_Party/FreeRTOS/Source/portable/MemMang/heap_4.o
                0x0800a1cc                vPortFree
 .text.snprintf
                0x0800a294       0x68 C:/ST/STM32CubeIDE_1.17.0/STM32CubeIDE/plugins/com.st.stm32cube.ide.mcu.externaltools.gnu-tools-for-stm32.12.3.rel1.win32_1.1.0.202410251130/tools/bin/../lib/gcc/arm-none-eabi/12.3.1/../../../../arm-none-eabi/lib/thumb/v7e-m+dp/hard\libc_nano.a(libc_a-snprintf.o)
                0x0800a294                sniprintf
                0x0800a294                snprintf
 .text.memset   0x0800a2fc       0x10 C:/ST/STM32CubeIDE_1.17.0/STM32CubeIDE/plugins/com.st.stm32cube.ide.mcu.externaltools.gnu-tools-for-stm32.12.3.rel1.win32_1.1.0.202410251130/tools/bin/../lib/gcc/arm-none-eabi/12.3.1/../../../../arm-none-eabi/lib/thumb/v7e-m+dp/hard\libc_nano.a(libc_a-memset.o)
                0x0800a2fc                memset
 .text._reclaim_reent
                0x0800a30c       0xac C:/ST/STM32CubeIDE_1.17.0/STM32CubeIDE/plugins/com.st.stm32cube.ide.mcu.externaltools.gnu-tools-for-stm32.12.3.rel1.win32_1.1.0.202410251130/tools/bin/../lib/gcc/arm-none-eabi/12.3.1/../../../../arm-none-eabi/lib/thumb/v7e-m+dp/hard\libc_nano.a(libc_a-reent.o)
                0x0800a30c                _reclaim_reent
 .text.__errno  0x0800a3b8        0xc C:/ST/STM32CubeIDE_1.17.0/STM32CubeIDE/plugins/com.st.stm32cube.ide.mcu.externaltools.gnu-tools-for-stm32.12.3.rel1.win32_1.1.0.202410251130/tools/bin/../lib/gcc/arm-none-eabi/12.3.1/../../../../arm-none-eabi/lib/thumb/v7e-m+dp/hard\libc_nano.a(libc_a-errno.o)
                0x0800a3b8                __errno
 .text.__libc_init_array
                0x0800a3c4       0x48 C:/ST/STM32CubeIDE_1.17.0/STM32CubeIDE/plugins/com.st.stm32cube.ide.mcu.externaltools.gnu-tools-for-stm32.12.3.rel1.win32_1.1.0.202410251130/tools/bin/../lib/gcc/arm-none-eabi/12.3.1/../../../../arm-none-eabi/lib/thumb/v7e-m+dp/hard\libc_nano.a(libc_a-init.o)
                0x0800a3c4                __libc_init_array
 .text.__retarget_lock_acquire_recursive
                0x0800a40c        0x2 C:/ST/STM32CubeIDE_1.17.0/STM32CubeIDE/plugins/com.st.stm32cube.ide.mcu.externaltools.gnu-tools-for-stm32.12.3.rel1.win32_1.1.0.202410251130/tools/bin/../lib/gcc/arm-none-eabi/12.3.1/../../../../arm-none-eabi/lib/thumb/v7e-m+dp/hard\libc_nano.a(libc_a-lock.o)
                0x0800a40c                __retarget_lock_acquire_recursive
 .text.__retarget_lock_release_recursive
                0x0800a40e        0x2 C:/ST/STM32CubeIDE_1.17.0/STM32CubeIDE/plugins/com.st.stm32cube.ide.mcu.externaltools.gnu-tools-for-stm32.12.3.rel1.win32_1.1.0.202410251130/tools/bin/../lib/gcc/arm-none-eabi/12.3.1/../../../../arm-none-eabi/lib/thumb/v7e-m+dp/hard\libc_nano.a(libc_a-lock.o)
                0x0800a40e                __retarget_lock_release_recursive
 .text.memcpy   0x0800a410       0x1c C:/ST/STM32CubeIDE_1.17.0/STM32CubeIDE/plugins/com.st.stm32cube.ide.mcu.externaltools.gnu-tools-for-stm32.12.3.rel1.win32_1.1.0.202410251130/tools/bin/../lib/gcc/arm-none-eabi/12.3.1/../../../../arm-none-eabi/lib/thumb/v7e-m+dp/hard\libc_nano.a(libc_a-memcpy-stub.o)
                0x0800a410                memcpy
 .text._free_r  0x0800a42c       0x94 C:/ST/STM32CubeIDE_1.17.0/STM32CubeIDE/plugins/com.st.stm32cube.ide.mcu.externaltools.gnu-tools-for-stm32.12.3.rel1.win32_1.1.0.202410251130/tools/bin/../lib/gcc/arm-none-eabi/12.3.1/../../../../arm-none-eabi/lib/thumb/v7e-m+dp/hard\libc_nano.a(libc_a-freer.o)
                0x0800a42c                _free_r
 .text.sbrk_aligned
                0x0800a4c0       0x44 C:/ST/STM32CubeIDE_1.17.0/STM32CubeIDE/plugins/com.st.stm32cube.ide.mcu.externaltools.gnu-tools-for-stm32.12.3.rel1.win32_1.1.0.202410251130/tools/bin/../lib/gcc/arm-none-eabi/12.3.1/../../../../arm-none-eabi/lib/thumb/v7e-m+dp/hard\libc_nano.a(libc_a-mallocr.o)
 .text._malloc_r
                0x0800a504      0x100 C:/ST/STM32CubeIDE_1.17.0/STM32CubeIDE/plugins/com.st.stm32cube.ide.mcu.externaltools.gnu-tools-for-stm32.12.3.rel1.win32_1.1.0.202410251130/tools/bin/../lib/gcc/arm-none-eabi/12.3.1/../../../../arm-none-eabi/lib/thumb/v7e-m+dp/hard\libc_nano.a(libc_a-mallocr.o)
                0x0800a504                _malloc_r
 .text.__malloc_lock
                0x0800a604        0xc C:/ST/STM32CubeIDE_1.17.0/STM32CubeIDE/plugins/com.st.stm32cube.ide.mcu.externaltools.gnu-tools-for-stm32.12.3.rel1.win32_1.1.0.202410251130/tools/bin/../lib/gcc/arm-none-eabi/12.3.1/../../../../arm-none-eabi/lib/thumb/v7e-m+dp/hard\libc_nano.a(libc_a-mlock.o)
                0x0800a604                __malloc_lock
 .text.__malloc_unlock
                0x0800a610        0xc C:/ST/STM32CubeIDE_1.17.0/STM32CubeIDE/plugins/com.st.stm32cube.ide.mcu.externaltools.gnu-tools-for-stm32.12.3.rel1.win32_1.1.0.202410251130/tools/bin/../lib/gcc/arm-none-eabi/12.3.1/../../../../arm-none-eabi/lib/thumb/v7e-m+dp/hard\libc_nano.a(libc_a-mlock.o)
                0x0800a610                __malloc_unlock
 .text.__ssputs_r
                0x0800a61c       0xb6 C:/ST/STM32CubeIDE_1.17.0/STM32CubeIDE/plugins/com.st.stm32cube.ide.mcu.externaltools.gnu-tools-for-stm32.12.3.rel1.win32_1.1.0.202410251130/tools/bin/../lib/gcc/arm-none-eabi/12.3.1/../../../../arm-none-eabi/lib/thumb/v7e-m+dp/hard\libc_nano.a(libc_a-nano-svfprintf.o)
                0x0800a61c                __ssputs_r
 *fill*         0x0800a6d2        0x2 
 .text._svfprintf_r
                0x0800a6d4      0x1f8 C:/ST/STM32CubeIDE_1.17.0/STM32CubeIDE/plugins/com.st.stm32cube.ide.mcu.externaltools.gnu-tools-for-stm32.12.3.rel1.win32_1.1.0.202410251130/tools/bin/../lib/gcc/arm-none-eabi/12.3.1/../../../../arm-none-eabi/lib/thumb/v7e-m+dp/hard\libc_nano.a(libc_a-nano-svfprintf.o)
                0x0800a6d4                _svfiprintf_r
                0x0800a6d4                _svfprintf_r
 .text._printf_common
                0x0800a8cc       0xda C:/ST/STM32CubeIDE_1.17.0/STM32CubeIDE/plugins/com.st.stm32cube.ide.mcu.externaltools.gnu-tools-for-stm32.12.3.rel1.win32_1.1.0.202410251130/tools/bin/../lib/gcc/arm-none-eabi/12.3.1/../../../../arm-none-eabi/lib/thumb/v7e-m+dp/hard\libc_nano.a(libc_a-nano-vfprintf_i.o)
                0x0800a8cc                _printf_common
 *fill*         0x0800a9a6        0x2 
 .text._printf_i
                0x0800a9a8      0x240 C:/ST/STM32CubeIDE_1.17.0/STM32CubeIDE/plugins/com.st.stm32cube.ide.mcu.externaltools.gnu-tools-for-stm32.12.3.rel1.win32_1.1.0.202410251130/tools/bin/../lib/gcc/arm-none-eabi/12.3.1/../../../../arm-none-eabi/lib/thumb/v7e-m+dp/hard\libc_nano.a(libc_a-nano-vfprintf_i.o)
                0x0800a9a8                _printf_i
 .text.memmove  0x0800abe8       0x34 C:/ST/STM32CubeIDE_1.17.0/STM32CubeIDE/plugins/com.st.stm32cube.ide.mcu.externaltools.gnu-tools-for-stm32.12.3.rel1.win32_1.1.0.202410251130/tools/bin/../lib/gcc/arm-none-eabi/12.3.1/../../../../arm-none-eabi/lib/thumb/v7e-m+dp/hard\libc_nano.a(libc_a-memmove.o)
                0x0800abe8                memmove
 .text._sbrk_r  0x0800ac1c       0x20 C:/ST/STM32CubeIDE_1.17.0/STM32CubeIDE/plugins/com.st.stm32cube.ide.mcu.externaltools.gnu-tools-for-stm32.12.3.rel1.win32_1.1.0.202410251130/tools/bin/../lib/gcc/arm-none-eabi/12.3.1/../../../../arm-none-eabi/lib/thumb/v7e-m+dp/hard\libc_nano.a(libc_a-sbrkr.o)
                0x0800ac1c                _sbrk_r
 .text._realloc_r
                0x0800ac3c       0x5c C:/ST/STM32CubeIDE_1.17.0/STM32CubeIDE/plugins/com.st.stm32cube.ide.mcu.externaltools.gnu-tools-for-stm32.12.3.rel1.win32_1.1.0.202410251130/tools/bin/../lib/gcc/arm-none-eabi/12.3.1/../../../../arm-none-eabi/lib/thumb/v7e-m+dp/hard\libc_nano.a(libc_a-reallocr.o)
                0x0800ac3c                _realloc_r
 .text._malloc_usable_size_r
                0x0800ac98       0x10 C:/ST/STM32CubeIDE_1.17.0/STM32CubeIDE/plugins/com.st.stm32cube.ide.mcu.externaltools.gnu-tools-for-stm32.12.3.rel1.win32_1.1.0.202410251130/tools/bin/../lib/gcc/arm-none-eabi/12.3.1/../../../../arm-none-eabi/lib/thumb/v7e-m+dp/hard\libc_nano.a(libc_a-msizer.o)
                0x0800ac98                _malloc_usable_size_r
 *(.glue_7)
 .glue_7        0x0800aca8        0x0 linker stubs
 *(.glue_7t)
 .glue_7t       0x0800aca8        0x0 linker stubs
 *(.eh_frame)
 .eh_frame      0x0800aca8        0x0 C:/ST/STM32CubeIDE_1.17.0/STM32CubeIDE/plugins/com.st.stm32cube.ide.mcu.externaltools.gnu-tools-for-stm32.12.3.rel1.win32_1.1.0.202410251130/tools/bin/../lib/gcc/arm-none-eabi/12.3.1/thumb/v7e-m+dp/hard/crtbegin.o
 *(.init)
 .init          0x0800aca8        0x4 C:/ST/STM32CubeIDE_1.17.0/STM32CubeIDE/plugins/com.st.stm32cube.ide.mcu.externaltools.gnu-tools-for-stm32.12.3.rel1.win32_1.1.0.202410251130/tools/bin/../lib/gcc/arm-none-eabi/12.3.1/thumb/v7e-m+dp/hard/crti.o
                0x0800aca8                _init
 .init          0x0800acac        0x8 C:/ST/STM32CubeIDE_1.17.0/STM32CubeIDE/plugins/com.st.stm32cube.ide.mcu.externaltools.gnu-tools-for-stm32.12.3.rel1.win32_1.1.0.202410251130/tools/bin/../lib/gcc/arm-none-eabi/12.3.1/thumb/v7e-m+dp/hard/crtn.o
 *(.fini)
 .fini          0x0800acb4        0x4 C:/ST/STM32CubeIDE_1.17.0/STM32CubeIDE/plugins/com.st.stm32cube.ide.mcu.externaltools.gnu-tools-for-stm32.12.3.rel1.win32_1.1.0.202410251130/tools/bin/../lib/gcc/arm-none-eabi/12.3.1/thumb/v7e-m+dp/hard/crti.o
                0x0800acb4                _fini
 .fini          0x0800acb8        0x8 C:/ST/STM32CubeIDE_1.17.0/STM32CubeIDE/plugins/com.st.stm32cube.ide.mcu.externaltools.gnu-tools-for-stm32.12.3.rel1.win32_1.1.0.202410251130/tools/bin/../lib/gcc/arm-none-eabi/12.3.1/thumb/v7e-m+dp/hard/crtn.o
                0x0800acc0                        . = ALIGN (0x4)
                0x0800acc0                        _etext = .

.vfp11_veneer   0x0800acc0        0x0
 .vfp11_veneer  0x0800acc0        0x0 linker stubs

.v4_bx          0x0800acc0        0x0
 .v4_bx         0x0800acc0        0x0 linker stubs

.iplt           0x0800acc0        0x0
 .iplt          0x0800acc0        0x0 C:/ST/STM32CubeIDE_1.17.0/STM32CubeIDE/plugins/com.st.stm32cube.ide.mcu.externaltools.gnu-tools-for-stm32.12.3.rel1.win32_1.1.0.202410251130/tools/bin/../lib/gcc/arm-none-eabi/12.3.1/thumb/v7e-m+dp/hard/crtbegin.o

.rodata         0x0800acc0      0x1fc
                0x0800acc0                        . = ALIGN (0x4)
 *(.rodata)
 *(.rodata*)
 .rodata.man_hw
                0x0800acc0       0x4c ./Core/Src/main.o
 .rodata.man_cfg
                0x0800ad0c       0x1c ./Core/Src/main.o
 .rodata.str1.4
                0x0800ad28        0xc ./Core/Src/main.o
 .rodata.defaultTask_attributes
                0x0800ad34       0x24 ./Core/Src/main.o
                0x0800ad34                defaultTask_attributes
 .rodata.str1.4
                0x0800ad58        0x9 ./Core/Src/manchester_fec.o
 *fill*         0x0800ad61        0x3 
 .rodata.identity_codec
                0x0800ad64       0x18 ./Core/Src/manchester_fec.o
 .rodata.queue_stats.str1.4
                0x0800ad7c       0x92 ./Core/Src/manchester_service.o
 *fill*         0x0800ae0e        0x2 
 .rodata.Manchester_CreateRtosObjects.str1.4
                0x0800ae10       0x40 ./Core/Src/manchester_service.o
 .rodata.APBPrescTable
                0x0800ae50        0x8 ./Core/Src/system_stm32f7xx.o
                0x0800ae50                APBPrescTable
 .rodata.AHBPrescTable
                0x0800ae58       0x10 ./Core/Src/system_stm32f7xx.o
                0x0800ae58                AHBPrescTable
 .rodata.flagBitshiftOffset.0
                0x0800ae68        0x8 ./Drivers/STM32F7xx_HAL_Driver/Src/stm32f7xx_hal_dma.o
 .rodata.vTaskStartScheduler.str1.4
                0x0800ae70        0x5 ./Middlewares/Third_Party/FreeRTOS/Source/tasks.o
 *fill*         0x0800ae75        0x3 
 .rodata.xTimerCreateTimerTask.str1.4
                0x0800ae78       0x10 ./Middlewares/Third_Party/FreeRTOS/Source/timers.o
 .rodata._svfprintf_r.str1.1
                0x0800ae88       0x11 C:/ST/STM32CubeIDE_1.17.0/STM32CubeIDE/plugins/com.st.stm32cube.ide.mcu.externaltools.gnu-tools-for-stm32.12.3.rel1.win32_1.1.0.202410251130/tools/bin/../lib/gcc/arm-none-eabi/12.3.1/../../../../arm-none-eabi/lib/thumb/v7e-m+dp/hard\libc_nano.a(libc_a-nano-svfprintf.o)
 .rodata._printf_i.str1.1
                0x0800ae99       0x22 C:/ST/STM32CubeIDE_1.17.0/STM32CubeIDE/plugins/com.st.stm32cube.ide.mcu.externaltools.gnu-tools-for-stm32.12.3.rel1.win32_1.1.0.202410251130/tools/bin/../lib/gcc/arm-none-eabi/12.3.1/../../../../arm-none-eabi/lib/thumb/v7e-m+dp/hard\libc_nano.a(libc_a-nano-vfprintf_i.o)
                0x0800aebc                        . = ALIGN (0x4)
 *fill*         0x0800aebb        0x1 

.ARM.extab      0x0800aebc        0x0
                0x0800aebc                        . = ALIGN (0x4)
 *(.ARM.extab* .gnu.linkonce.armextab.*)
                0x0800aebc                        . = ALIGN (0x4)

.ARM            0x0800aebc        0x8
                0x0800aebc                        . = ALIGN (0x4)
                0x0800aebc                        __exidx_start = .
 *(.ARM.exidx*)
 .ARM.exidx     0x0800aebc        0x8 C:/ST/STM32CubeIDE_1.17.0/STM32CubeIDE/plugins/com.st.stm32cube.ide.mcu.externaltools.gnu-tools-for-stm32.12.3.rel1.win32_1.1.0.202410251130/tools/bin/../lib/gcc/arm-none-eabi/12.3.1/../../../../arm-none-eabi/lib/thumb/v7e-m+dp/hard\libc_nano.a(libc_a-memchr.o)
 .ARM.exidx     0x0800aec4        0x0 C:/ST/STM32CubeIDE_1.17.0/STM32CubeIDE/plugins/com.st.stm32cube.ide.mcu.externaltools.gnu-tools-for-stm32.12.3.rel1.win32_1.1.0.202410251130/tools/bin/../lib/gcc/arm-none-eabi/12.3.1/thumb/v7e-m+dp/hard\libgcc.a(_udivmoddi4.o)
                                  0x8 (size before relaxing)
                0x0800aec4                        __exidx_end = .
                0x0800aec4                        . = ALIGN (0x4)

.preinit_array  0x0800aec4        0x0
                0x0800aec4                        . = ALIGN (0x4)
                0x0800aec4                        PROVIDE (__preinit_array_start = .)
 *(.preinit_array*)
                0x0800aec4                        PROVIDE (__preinit_array_end = .)
                0x0800aec4                        . = ALIGN (0x4)

.init_array     0x0800aec4        0x4
                0x0800aec4                        . = ALIGN (0x4)
                0x0800aec4                        PROVIDE (__init_array_start = .)
 *(SORT_BY_NAME(.init_array.*))
 *(.init_array*)
 .init_array    0x0800aec4        0x4 C:/ST/STM32CubeIDE_1.17.0/STM32CubeIDE/plugins/com.st.stm32cube.ide.mcu.externaltools.gnu-tools-for-stm32.12.3.rel1.win32_1.1.0.202410251130/tools/bin/../lib/gcc/arm-none-eabi/12.3.1/thumb/v7e-m+dp/hard/crtbegin.o
                0x0800aec8                        PROVIDE (__init_array_end = .)
                0x0800aec8                        . = ALIGN (0x4)

.fini_array     0x0800aec8        0x4
                0x0800aec8                        . = ALIGN (0x4)
                [!provide]                        PROVIDE (__fini_array_start = .)
 *(SORT_BY_NAME(.fini_array.*))
 *(.fini_array*)
 .fini_array    0x0800aec8        0x4 C:/ST/STM32CubeIDE_1.17.0/STM32CubeIDE/plugins/com.st.stm32cube.ide.mcu.externaltools.gnu-tools-for-stm32.12.3.rel1.win32_1.1.0.202410251130/tools/bin/../lib/gcc/arm-none-eabi/12.3.1/thumb/v7e-m+dp/hard/crtbegin.o
                [!provide]                        PROVIDE (__fini_array_end = .)
                0x0800aecc                        . = ALIGN (0x4)
                0x0800aecc                        _sidata = LOADADDR (.data)

.rel.dyn        0x0800aecc        0x0
 .rel.iplt      0x0800aecc        0x0 C:/ST/STM32CubeIDE_1.17.0/STM32CubeIDE/plugins/com.st.stm32cube.ide.mcu.externaltools.gnu-tools-for-stm32.12.3.rel1.win32_1.1.0.202410251130/tools/bin/../lib/gcc/arm-none-eabi/12.3.1/thumb/v7e-m+dp/hard/crtbegin.o

.data           0x20020000       0x60 load address 0x0800aecc
                0x20020000                        . = ALIGN (0x4)
                0x20020000                        _sdata = .
 *(.data)
 *(.data*)
 .data.SystemCoreClock
                0x20020000        0x4 ./Core/Src/system_stm32f7xx.o
                0x20020000                SystemCoreClock
 .data.uwTickFreq
                0x20020004        0x1 ./Drivers/STM32F7xx_HAL_Driver/Src/stm32f7xx_hal.o
                0x20020004                uwTickFreq
 *fill*         0x20020005        0x3 
 .data.uwTickPrio
                0x20020008        0x4 ./Drivers/STM32F7xx_HAL_Driver/Src/stm32f7xx_hal.o
                0x20020008                uwTickPrio
 .data.uxCriticalNesting
                0x2002000c        0x4 ./Middlewares/Third_Party/FreeRTOS/Source/portable/GCC/ARM_CM7/r0p1/port.o
 .data._impure_ptr
                0x20020010        0x4 C:/ST/STM32CubeIDE_1.17.0/STM32CubeIDE/plugins/com.st.stm32cube.ide.mcu.externaltools.gnu-tools-for-stm32.12.3.rel1.win32_1.1.0.202410251130/tools/bin/../lib/gcc/arm-none-eabi/12.3.1/../../../../arm-none-eabi/lib/thumb/v7e-m+dp/hard\libc_nano.a(libc_a-impure.o)
                0x20020010                _impure_ptr
 .data._impure_data
                0x20020014       0x4c C:/ST/STM32CubeIDE_1.17.0/STM32CubeIDE/plugins/com.st.stm32cube.ide.mcu.externaltools.gnu-tools-for-stm32.12.3.rel1.win32_1.1.0.202410251130/tools/bin/../lib/gcc/arm-none-eabi/12.3.1/../../../../arm-none-eabi/lib/thumb/v7e-m+dp/hard\libc_nano.a(libc_a-impure.o)
                0x20020014                _impure_data
 *(.RamFunc)
 *(.RamFunc*)
                0x20020060                        . = ALIGN (0x4)
                0x20020060                        _edata = .

.igot.plt       0x20020060        0x0 load address 0x0800af2c
 .igot.plt      0x20020060        0x0 C:/ST/STM32CubeIDE_1.17.0/STM32CubeIDE/plugins/com.st.stm32cube.ide.mcu.externaltools.gnu-tools-for-stm32.12.3.rel1.win32_1.1.0.202410251130/tools/bin/../lib/gcc/arm-none-eabi/12.3.1/thumb/v7e-m+dp/hard/crtbegin.o
                0x20020060                        . = ALIGN (0x4)

.bss            0x20020060    0x147e8 load address 0x0800af2c
                0x20020060                        _sbss = .
                0x20020060                        __bss_start__ = _sbss
 *(.bss)
 .bss           0x20020060       0x1c C:/ST/STM32CubeIDE_1.17.0/STM32CubeIDE/plugins/com.st.stm32cube.ide.mcu.externaltools.gnu-tools-for-stm32.12.3.rel1.win32_1.1.0.202410251130/tools/bin/../lib/gcc/arm-none-eabi/12.3.1/thumb/v7e-m+dp/hard/crtbegin.o
 *(.bss*)
 .bss.defaultTaskHandle
                0x2002007c        0x4 ./Core/Src/main.o
                0x2002007c                defaultTaskHandle
 .bss.hdma_usart3_tx
                0x20020080       0x60 ./Core/Src/main.o
                0x20020080                hdma_usart3_tx
 .bss.hdma_usart3_rx
                0x200200e0       0x60 ./Core/Src/main.o
                0x200200e0                hdma_usart3_rx
 .bss.huart3    0x20020140       0x88 ./Core/Src/main.o
                0x20020140                huart3
 .bss.hdma_tim1_up
                0x200201c8       0x60 ./Core/Src/main.o
                0x200201c8                hdma_tim1_up
 .bss.htim8     0x20020228       0x4c ./Core/Src/main.o
                0x20020228                htim8
 *fill*         0x20020274        0x4 
 .bss.htim1     0x20020278       0x4c ./Core/Src/main.o
                0x20020278                htim1
 .bss.hdma_spi1_rx
                0x200202c4       0x60 ./Core/Src/main.o
                0x200202c4                hdma_spi1_rx
 *fill*         0x20020324        0x4 
 .bss.hspi1     0x20020328       0x64 ./Core/Src/main.o
                0x20020328                hspi1
 .bss.g_dbg_previous_edge_valid
                0x2002038c        0x1 ./Core/Src/manchester_rx_dsp.o
 *fill*         0x2002038d        0x3 
 .bss.g_dbg_previous_edge
                0x20020390        0x8 ./Core/Src/manchester_rx_dsp.o
 .bss.g_dbg_edge_histogram
                0x20020398       0x80 ./Core/Src/manchester_rx_dsp.o
                0x20020398                g_dbg_edge_histogram
 .bss.g_dbg_max_pattern_match
                0x20020418        0x4 ./Core/Src/manchester_rx_dsp.o
                0x20020418                g_dbg_max_pattern_match
 .bss.g_dbg_valid_bits
                0x2002041c        0x8 ./Core/Src/manchester_rx_dsp.o
                0x2002041c                g_dbg_valid_bits
 .bss.g_dbg_invalid_pairs
                0x20020424        0x8 ./Core/Src/manchester_rx_dsp.o
                0x20020424                g_dbg_invalid_pairs
 .bss.g_dbg_edge_delta_count
                0x2002042c        0x4 ./Core/Src/manchester_rx_dsp.o
                0x2002042c                g_dbg_edge_delta_count
 .bss.g_dbg_edge_deltas
                0x20020430       0x80 ./Core/Src/manchester_rx_dsp.o
                0x20020430                g_dbg_edge_deltas
 .bss.g_dbg_timer_ticks
                0x200204b0        0x4 ./Core/Src/manchester_service.o
                0x200204b0                g_dbg_timer_ticks
 .bss.g_dbg_timer_clock_hz
                0x200204b4        0x4 ./Core/Src/manchester_service.o
                0x200204b4                g_dbg_timer_clock_hz
 .bss.g_dbg_pattern_corrupted_at
                0x200204b8        0x4 ./Core/Src/manchester_service.o
                0x200204b8                g_dbg_pattern_corrupted_at
 .bss.g_dbg_rx_block_number
                0x200204bc        0x4 ./Core/Src/manchester_service.o
                0x200204bc                g_dbg_rx_block_number
 .bss.g_dbg_pattern_length_1
                0x200204c0        0x2 ./Core/Src/manchester_service.o
                0x200204c0                g_dbg_pattern_length_1
 .bss.g_dbg_pattern_length_0
                0x200204c2        0x2 ./Core/Src/manchester_service.o
                0x200204c2                g_dbg_pattern_length_0
 .bss.g_rx_blocks_processed
                0x200204c4        0x4 ./Core/Src/manchester_service.o
                0x200204c4                g_rx_blocks_processed
 .bss.g_rx_cycles_max
                0x200204c8        0x4 ./Core/Src/manchester_service.o
                0x200204c8                g_rx_cycles_max
 .bss.g_rx_cycles_last
                0x200204cc        0x4 ./Core/Src/manchester_service.o
                0x200204cc                g_rx_cycles_last
 .bss.g_tx_reset_pending
                0x200204d0        0x1 ./Core/Src/manchester_service.o
 .bss.g_expected_rx_sequence_valid
                0x200204d1        0x1 ./Core/Src/manchester_service.o
 .bss.g_expected_rx_sequence
                0x200204d2        0x1 ./Core/Src/manchester_service.o
 .bss.g_tx_sequence
                0x200204d3        0x1 ./Core/Src/manchester_service.o
 .bss.g_uart_tx_busy
                0x200204d4        0x1 ./Core/Src/manchester_service.o
 *fill*         0x200204d5        0x3 
 .bss.g_uart_events
                0x200204d8       0x80 ./Core/Src/manchester_service.o
 .bss.g_uart_event_tail
                0x20020558        0x1 ./Core/Src/manchester_service.o
 .bss.g_uart_event_head
                0x20020559        0x1 ./Core/Src/manchester_service.o
 *fill*         0x2002055a        0x2 
 .bss.g_spi_pending
                0x2002055c        0x4 ./Core/Src/manchester_service.o
 .bss.g_uart_out_queue
                0x20020560        0x4 ./Core/Src/manchester_service.o
 .bss.g_rx_queue
                0x20020564        0x4 ./Core/Src/manchester_service.o
 .bss.g_tx_queue
                0x20020568        0x4 ./Core/Src/manchester_service.o
 .bss.g_app_task
                0x2002056c        0x4 ./Core/Src/manchester_service.o
 .bss.g_uart_task
                0x20020570        0x4 ./Core/Src/manchester_service.o
 .bss.g_tx_task
                0x20020574        0x4 ./Core/Src/manchester_service.o
 .bss.g_rx_task
                0x20020578        0x4 ./Core/Src/manchester_service.o
 .bss.g_uart_temporary
                0x2002057c      0x800 ./Core/Src/manchester_service.o
 .bss.g_uart_assembly
                0x20020d7c     0x1000 ./Core/Src/manchester_service.o
 .bss.g_tx_fec_ctx
                0x20021d7c       0x40 ./Core/Src/manchester_service.o
 .bss.g_tx_wire_bits
                0x20021dbc      0x200 ./Core/Src/manchester_service.o
 *fill*         0x20021fbc        0x4 
 .bss.g_decoder
                0x20021fc0     0x1860 ./Core/Src/manchester_service.o
 .bss.g_fec     0x20023820        0x4 ./Core/Src/manchester_service.o
 .bss.g_rx_sample_rate_hz
                0x20023824        0x4 ./Core/Src/manchester_service.o
 .bss.g_initialized
                0x20023828        0x1 ./Core/Src/manchester_service.o
 *fill*         0x20023829        0x3 
 .bss.g_diag    0x2002382c       0x38 ./Core/Src/manchester_service.o
 .bss.g_cfg     0x20023864       0x1c ./Core/Src/manchester_service.o
 .bss.g_hw      0x20023880       0x4c ./Core/Src/manchester_service.o
 .bss.htim6     0x200238cc       0x4c ./Core/Src/stm32f7xx_hal_timebase_tim.o
                0x200238cc                htim6
 .bss.__sbrk_heap_end
                0x20023918        0x4 ./Core/Src/sysmem.o
 .bss.uwTick    0x2002391c        0x4 ./Drivers/STM32F7xx_HAL_Driver/Src/stm32f7xx_hal.o
                0x2002391c                uwTick
 .bss.Timer_Stack
                0x20023920      0x400 ./Middlewares/Third_Party/FreeRTOS/Source/CMSIS_RTOS_V2/cmsis_os2.o
 .bss.Timer_TCB
                0x20023d20       0xa8 ./Middlewares/Third_Party/FreeRTOS/Source/CMSIS_RTOS_V2/cmsis_os2.o
 .bss.Idle_Stack
                0x20023dc8      0x200 ./Middlewares/Third_Party/FreeRTOS/Source/CMSIS_RTOS_V2/cmsis_os2.o
 .bss.Idle_TCB  0x20023fc8       0xa8 ./Middlewares/Third_Party/FreeRTOS/Source/CMSIS_RTOS_V2/cmsis_os2.o
 .bss.KernelState
                0x20024070        0x4 ./Middlewares/Third_Party/FreeRTOS/Source/CMSIS_RTOS_V2/cmsis_os2.o
 *fill*         0x20024074        0x4 
 .bss.xQueueRegistry
                0x20024078       0x40 ./Middlewares/Third_Party/FreeRTOS/Source/queue.o
                0x20024078                xQueueRegistry
 .bss.uxSchedulerSuspended
                0x200240b8        0x4 ./Middlewares/Third_Party/FreeRTOS/Source/tasks.o
 .bss.xNextTaskUnblockTime
                0x200240bc        0x4 ./Middlewares/Third_Party/FreeRTOS/Source/tasks.o
 .bss.uxTaskNumber
                0x200240c0        0x4 ./Middlewares/Third_Party/FreeRTOS/Source/tasks.o
 .bss.xNumOfOverflows
                0x200240c4        0x4 ./Middlewares/Third_Party/FreeRTOS/Source/tasks.o
 .bss.xYieldPending
                0x200240c8        0x4 ./Middlewares/Third_Party/FreeRTOS/Source/tasks.o
 .bss.uxPendedTicks
                0x200240cc        0x4 ./Middlewares/Third_Party/FreeRTOS/Source/tasks.o
 .bss.xSchedulerRunning
                0x200240d0        0x4 ./Middlewares/Third_Party/FreeRTOS/Source/tasks.o
 .bss.uxTopReadyPriority
                0x200240d4        0x4 ./Middlewares/Third_Party/FreeRTOS/Source/tasks.o
 .bss.xTickCount
                0x200240d8        0x4 ./Middlewares/Third_Party/FreeRTOS/Source/tasks.o
 .bss.uxCurrentNumberOfTasks
                0x200240dc        0x4 ./Middlewares/Third_Party/FreeRTOS/Source/tasks.o
 .bss.xSuspendedTaskList
                0x200240e0       0x14 ./Middlewares/Third_Party/FreeRTOS/Source/tasks.o
 .bss.uxDeletedTasksWaitingCleanUp
                0x200240f4        0x4 ./Middlewares/Third_Party/FreeRTOS/Source/tasks.o
 .bss.xTasksWaitingTermination
                0x200240f8       0x14 ./Middlewares/Third_Party/FreeRTOS/Source/tasks.o
 .bss.xPendingReadyList
                0x2002410c       0x14 ./Middlewares/Third_Party/FreeRTOS/Source/tasks.o
 .bss.pxOverflowDelayedTaskList
                0x20024120        0x4 ./Middlewares/Third_Party/FreeRTOS/Source/tasks.o
 .bss.pxDelayedTaskList
                0x20024124        0x4 ./Middlewares/Third_Party/FreeRTOS/Source/tasks.o
 .bss.xDelayedTaskList2
                0x20024128       0x14 ./Middlewares/Third_Party/FreeRTOS/Source/tasks.o
 .bss.xDelayedTaskList1
                0x2002413c       0x14 ./Middlewares/Third_Party/FreeRTOS/Source/tasks.o
 .bss.pxReadyTasksLists
                0x20024150      0x460 ./Middlewares/Third_Party/FreeRTOS/Source/tasks.o
 .bss.pxCurrentTCB
                0x200245b0        0x4 ./Middlewares/Third_Party/FreeRTOS/Source/tasks.o
                0x200245b0                pxCurrentTCB
 .bss.xStaticTimerQueue.0
                0x200245b4       0x50 ./Middlewares/Third_Party/FreeRTOS/Source/timers.o
 .bss.ucStaticTimerQueueStorage.1
                0x20024604       0xa0 ./Middlewares/Third_Party/FreeRTOS/Source/timers.o
 .bss.xLastTime.2
                0x200246a4        0x4 ./Middlewares/Third_Party/FreeRTOS/Source/timers.o
 .bss.xTimerTaskHandle
                0x200246a8        0x4 ./Middlewares/Third_Party/FreeRTOS/Source/timers.o
 .bss.xTimerQueue
                0x200246ac        0x4 ./Middlewares/Third_Party/FreeRTOS/Source/timers.o
 .bss.pxOverflowTimerList
                0x200246b0        0x4 ./Middlewares/Third_Party/FreeRTOS/Source/timers.o
 .bss.pxCurrentTimerList
                0x200246b4        0x4 ./Middlewares/Third_Party/FreeRTOS/Source/timers.o
 .bss.xActiveTimerList2
                0x200246b8       0x14 ./Middlewares/Third_Party/FreeRTOS/Source/timers.o
 .bss.xActiveTimerList1
                0x200246cc       0x14 ./Middlewares/Third_Party/FreeRTOS/Source/timers.o
 .bss.ulMaxPRIGROUPValue
                0x200246e0        0x4 ./Middlewares/Third_Party/FreeRTOS/Source/portable/GCC/ARM_CM7/r0p1/port.o
 .bss.ucMaxSysCallPriority
                0x200246e4        0x1 ./Middlewares/Third_Party/FreeRTOS/Source/portable/GCC/ARM_CM7/r0p1/port.o
 *fill*         0x200246e5        0x3 
 .bss.xBlockAllocatedBit
                0x200246e8        0x4 ./Middlewares/Third_Party/FreeRTOS/Source/portable/MemMang/heap_4.o
 .bss.xMinimumEverFreeBytesRemaining
                0x200246ec        0x4 ./Middlewares/Third_Party/FreeRTOS/Source/portable/MemMang/heap_4.o
 .bss.xFreeBytesRemaining
                0x200246f0        0x4 ./Middlewares/Third_Party/FreeRTOS/Source/portable/MemMang/heap_4.o
 .bss.pxEnd     0x200246f4        0x4 ./Middlewares/Third_Party/FreeRTOS/Source/portable/MemMang/heap_4.o
 .bss.xStart    0x200246f8        0x8 ./Middlewares/Third_Party/FreeRTOS/Source/portable/MemMang/heap_4.o
 .bss.ucHeap    0x20024700    0x10000 ./Middlewares/Third_Party/FreeRTOS/Source/portable/MemMang/heap_4.o
 .bss.__sf      0x20034700      0x138 C:/ST/STM32CubeIDE_1.17.0/STM32CubeIDE/plugins/com.st.stm32cube.ide.mcu.externaltools.gnu-tools-for-stm32.12.3.rel1.win32_1.1.0.202410251130/tools/bin/../lib/gcc/arm-none-eabi/12.3.1/../../../../arm-none-eabi/lib/thumb/v7e-m+dp/hard\libc_nano.a(libc_a-findfp.o)
                0x20034700                __sf
 .bss.errno     0x20034838        0x4 C:/ST/STM32CubeIDE_1.17.0/STM32CubeIDE/plugins/com.st.stm32cube.ide.mcu.externaltools.gnu-tools-for-stm32.12.3.rel1.win32_1.1.0.202410251130/tools/bin/../lib/gcc/arm-none-eabi/12.3.1/../../../../arm-none-eabi/lib/thumb/v7e-m+dp/hard\libc_nano.a(libc_a-reent.o)
                0x20034838                errno
 .bss.__lock___malloc_recursive_mutex
                0x2003483c        0x1 C:/ST/STM32CubeIDE_1.17.0/STM32CubeIDE/plugins/com.st.stm32cube.ide.mcu.externaltools.gnu-tools-for-stm32.12.3.rel1.win32_1.1.0.202410251130/tools/bin/../lib/gcc/arm-none-eabi/12.3.1/../../../../arm-none-eabi/lib/thumb/v7e-m+dp/hard\libc_nano.a(libc_a-lock.o)
                0x2003483c                __lock___malloc_recursive_mutex
 *fill*         0x2003483d        0x3 
 .bss.__malloc_sbrk_start
                0x20034840        0x4 C:/ST/STM32CubeIDE_1.17.0/STM32CubeIDE/plugins/com.st.stm32cube.ide.mcu.externaltools.gnu-tools-for-stm32.12.3.rel1.win32_1.1.0.202410251130/tools/bin/../lib/gcc/arm-none-eabi/12.3.1/../../../../arm-none-eabi/lib/thumb/v7e-m+dp/hard\libc_nano.a(libc_a-mallocr.o)
                0x20034840                __malloc_sbrk_start
 .bss.__malloc_free_list
                0x20034844        0x4 C:/ST/STM32CubeIDE_1.17.0/STM32CubeIDE/plugins/com.st.stm32cube.ide.mcu.externaltools.gnu-tools-for-stm32.12.3.rel1.win32_1.1.0.202410251130/tools/bin/../lib/gcc/arm-none-eabi/12.3.1/../../../../arm-none-eabi/lib/thumb/v7e-m+dp/hard\libc_nano.a(libc_a-mallocr.o)
                0x20034844                __malloc_free_list
 *(COMMON)
                0x20034848                        . = ALIGN (0x4)
                0x20034848                        _ebss = .
                0x20034848                        __bss_end__ = _ebss

.dma_buffer     0x20000000     0x9a00
                0x20000000                        . = ALIGN (0x20)
                0x20000000                        __dma_buffer_start__ = .
 *(.dma_buffer)
 .dma_buffer    0x20000000     0x9a00 ./Core/Src/manchester_service.o
 *(.dma_buffer*)
                0x20009a00                        . = ALIGN (0x20)
                0x20009a00                        __dma_buffer_end__ = .

._user_heap_stack
                0x20034848      0x600
                0x20034848                        . = ALIGN (0x8)
                [!provide]                        PROVIDE (end = .)
                0x20034848                        PROVIDE (_end = .)
                0x20034a48                        . = (. + _Min_Heap_Size)
 *fill*         0x20034848      0x200 
                0x20034e48                        . = (. + _Min_Stack_Size)
 *fill*         0x20034a48      0x400 
                0x20034e48                        . = ALIGN (0x8)

/DISCARD/
 libc.a(*)
 libm.a(*)
 libgcc.a(*)

.ARM.attributes
                0x00000000       0x2e
 *(.ARM.attributes)
 .ARM.attributes
                0x00000000       0x20 C:/ST/STM32CubeIDE_1.17.0/STM32CubeIDE/plugins/com.st.stm32cube.ide.mcu.externaltools.gnu-tools-for-stm32.12.3.rel1.win32_1.1.0.202410251130/tools/bin/../lib/gcc/arm-none-eabi/12.3.1/thumb/v7e-m+dp/hard/crti.o
 .ARM.attributes
                0x00000020       0x32 C:/ST/STM32CubeIDE_1.17.0/STM32CubeIDE/plugins/com.st.stm32cube.ide.mcu.externaltools.gnu-tools-for-stm32.12.3.rel1.win32_1.1.0.202410251130/tools/bin/../lib/gcc/arm-none-eabi/12.3.1/thumb/v7e-m+dp/hard/crtbegin.o
 .ARM.attributes
                0x00000052       0x32 ./Core/Src/main.o
 .ARM.attributes
                0x00000084       0x32 ./Core/Src/manchester_bits.o
 .ARM.attributes
                0x000000b6       0x32 ./Core/Src/manchester_crc.o
 .ARM.attributes
                0x000000e8       0x32 ./Core/Src/manchester_fec.o
 .ARM.attributes
                0x0000011a       0x32 ./Core/Src/manchester_frame.o
 .ARM.attributes
                0x0000014c       0x32 ./Core/Src/manchester_hal_callbacks.o
 .ARM.attributes
                0x0000017e       0x32 ./Core/Src/manchester_line.o
 .ARM.attributes
                0x000001b0       0x32 ./Core/Src/manchester_rx_dsp.o
 .ARM.attributes
                0x000001e2       0x32 ./Core/Src/manchester_service.o
 .ARM.attributes
                0x00000214       0x32 ./Core/Src/stm32f7xx_hal_msp.o
 .ARM.attributes
                0x00000246       0x32 ./Core/Src/stm32f7xx_hal_timebase_tim.o
 .ARM.attributes
                0x00000278       0x32 ./Core/Src/stm32f7xx_it.o
 .ARM.attributes
                0x000002aa       0x32 ./Core/Src/sysmem.o
 .ARM.attributes
                0x000002dc       0x32 ./Core/Src/system_stm32f7xx.o
 .ARM.attributes
                0x0000030e       0x21 ./Core/Startup/startup_stm32f767zitx.o
 .ARM.attributes
                0x0000032f       0x32 ./Drivers/STM32F7xx_HAL_Driver/Src/stm32f7xx_hal.o
 .ARM.attributes
                0x00000361       0x32 ./Drivers/STM32F7xx_HAL_Driver/Src/stm32f7xx_hal_cortex.o
 .ARM.attributes
                0x00000393       0x32 ./Drivers/STM32F7xx_HAL_Driver/Src/stm32f7xx_hal_dma.o
 .ARM.attributes
                0x000003c5       0x32 ./Drivers/STM32F7xx_HAL_Driver/Src/stm32f7xx_hal_gpio.o
 .ARM.attributes
                0x000003f7       0x32 ./Drivers/STM32F7xx_HAL_Driver/Src/stm32f7xx_hal_pwr.o
 .ARM.attributes
                0x00000429       0x32 ./Drivers/STM32F7xx_HAL_Driver/Src/stm32f7xx_hal_pwr_ex.o
 .ARM.attributes
                0x0000045b       0x32 ./Drivers/STM32F7xx_HAL_Driver/Src/stm32f7xx_hal_rcc.o
 .ARM.attributes
                0x0000048d       0x32 ./Drivers/STM32F7xx_HAL_Driver/Src/stm32f7xx_hal_rcc_ex.o
 .ARM.attributes
                0x000004bf       0x32 ./Drivers/STM32F7xx_HAL_Driver/Src/stm32f7xx_hal_spi.o
 .ARM.attributes
                0x000004f1       0x32 ./Drivers/STM32F7xx_HAL_Driver/Src/stm32f7xx_hal_tim.o
 .ARM.attributes
                0x00000523       0x32 ./Drivers/STM32F7xx_HAL_Driver/Src/stm32f7xx_hal_tim_ex.o
 .ARM.attributes
                0x00000555       0x32 ./Drivers/STM32F7xx_HAL_Driver/Src/stm32f7xx_hal_uart.o
 .ARM.attributes
                0x00000587       0x32 ./Drivers/STM32F7xx_HAL_Driver/Src/stm32f7xx_hal_uart_ex.o
 .ARM.attributes
                0x000005b9       0x32 ./Middlewares/Third_Party/FreeRTOS/Source/CMSIS_RTOS_V2/cmsis_os2.o
 .ARM.attributes
                0x000005eb       0x32 ./Middlewares/Third_Party/FreeRTOS/Source/list.o
 .ARM.attributes
                0x0000061d       0x32 ./Middlewares/Third_Party/FreeRTOS/Source/queue.o
 .ARM.attributes
                0x0000064f       0x32 ./Middlewares/Third_Party/FreeRTOS/Source/tasks.o
 .ARM.attributes
                0x00000681       0x32 ./Middlewares/Third_Party/FreeRTOS/Source/timers.o
 .ARM.attributes
                0x000006b3       0x32 ./Middlewares/Third_Party/FreeRTOS/Source/portable/GCC/ARM_CM7/r0p1/port.o
 .ARM.attributes
                0x000006e5       0x32 ./Middlewares/Third_Party/FreeRTOS/Source/portable/MemMang/heap_4.o
 .ARM.attributes
                0x00000717       0x32 C:/ST/STM32CubeIDE_1.17.0/STM32CubeIDE/plugins/com.st.stm32cube.ide.mcu.externaltools.gnu-tools-for-stm32.12.3.rel1.win32_1.1.0.202410251130/tools/bin/../lib/gcc/arm-none-eabi/12.3.1/../../../../arm-none-eabi/lib/thumb/v7e-m+dp/hard\libc_nano.a(libc_a-findfp.o)
 .ARM.attributes
                0x00000749       0x32 C:/ST/STM32CubeIDE_1.17.0/STM32CubeIDE/plugins/com.st.stm32cube.ide.mcu.externaltools.gnu-tools-for-stm32.12.3.rel1.win32_1.1.0.202410251130/tools/bin/../lib/gcc/arm-none-eabi/12.3.1/../../../../arm-none-eabi/lib/thumb/v7e-m+dp/hard\libc_nano.a(libc_a-snprintf.o)
 .ARM.attributes
                0x0000077b       0x32 C:/ST/STM32CubeIDE_1.17.0/STM32CubeIDE/plugins/com.st.stm32cube.ide.mcu.externaltools.gnu-tools-for-stm32.12.3.rel1.win32_1.1.0.202410251130/tools/bin/../lib/gcc/arm-none-eabi/12.3.1/../../../../arm-none-eabi/lib/thumb/v7e-m+dp/hard\libc_nano.a(libc_a-memset.o)
 .ARM.attributes
                0x000007ad       0x32 C:/ST/STM32CubeIDE_1.17.0/STM32CubeIDE/plugins/com.st.stm32cube.ide.mcu.externaltools.gnu-tools-for-stm32.12.3.rel1.win32_1.1.0.202410251130/tools/bin/../lib/gcc/arm-none-eabi/12.3.1/../../../../arm-none-eabi/lib/thumb/v7e-m+dp/hard\libc_nano.a(libc_a-reent.o)
 .ARM.attributes
                0x000007df       0x32 C:/ST/STM32CubeIDE_1.17.0/STM32CubeIDE/plugins/com.st.stm32cube.ide.mcu.externaltools.gnu-tools-for-stm32.12.3.rel1.win32_1.1.0.202410251130/tools/bin/../lib/gcc/arm-none-eabi/12.3.1/../../../../arm-none-eabi/lib/thumb/v7e-m+dp/hard\libc_nano.a(libc_a-impure.o)
 .ARM.attributes
                0x00000811       0x32 C:/ST/STM32CubeIDE_1.17.0/STM32CubeIDE/plugins/com.st.stm32cube.ide.mcu.externaltools.gnu-tools-for-stm32.12.3.rel1.win32_1.1.0.202410251130/tools/bin/../lib/gcc/arm-none-eabi/12.3.1/../../../../arm-none-eabi/lib/thumb/v7e-m+dp/hard\libc_nano.a(libc_a-errno.o)
 .ARM.attributes
                0x00000843       0x32 C:/ST/STM32CubeIDE_1.17.0/STM32CubeIDE/plugins/com.st.stm32cube.ide.mcu.externaltools.gnu-tools-for-stm32.12.3.rel1.win32_1.1.0.202410251130/tools/bin/../lib/gcc/arm-none-eabi/12.3.1/../../../../arm-none-eabi/lib/thumb/v7e-m+dp/hard\libc_nano.a(libc_a-init.o)
 .ARM.attributes
                0x00000875       0x32 C:/ST/STM32CubeIDE_1.17.0/STM32CubeIDE/plugins/com.st.stm32cube.ide.mcu.externaltools.gnu-tools-for-stm32.12.3.rel1.win32_1.1.0.202410251130/tools/bin/../lib/gcc/arm-none-eabi/12.3.1/../../../../arm-none-eabi/lib/thumb/v7e-m+dp/hard\libc_nano.a(libc_a-lock.o)
 .ARM.attributes
                0x000008a7       0x32 C:/ST/STM32CubeIDE_1.17.0/STM32CubeIDE/plugins/com.st.stm32cube.ide.mcu.externaltools.gnu-tools-for-stm32.12.3.rel1.win32_1.1.0.202410251130/tools/bin/../lib/gcc/arm-none-eabi/12.3.1/../../../../arm-none-eabi/lib/thumb/v7e-m+dp/hard\libc_nano.a(libc_a-memcpy-stub.o)
 .ARM.attributes
                0x000008d9       0x32 C:/ST/STM32CubeIDE_1.17.0/STM32CubeIDE/plugins/com.st.stm32cube.ide.mcu.externaltools.gnu-tools-for-stm32.12.3.rel1.win32_1.1.0.202410251130/tools/bin/../lib/gcc/arm-none-eabi/12.3.1/../../../../arm-none-eabi/lib/thumb/v7e-m+dp/hard\libc_nano.a(libc_a-freer.o)
 .ARM.attributes
                0x0000090b       0x32 C:/ST/STM32CubeIDE_1.17.0/STM32CubeIDE/plugins/com.st.stm32cube.ide.mcu.externaltools.gnu-tools-for-stm32.12.3.rel1.win32_1.1.0.202410251130/tools/bin/../lib/gcc/arm-none-eabi/12.3.1/../../../../arm-none-eabi/lib/thumb/v7e-m+dp/hard\libc_nano.a(libc_a-mallocr.o)
 .ARM.attributes
                0x0000093d       0x32 C:/ST/STM32CubeIDE_1.17.0/STM32CubeIDE/plugins/com.st.stm32cube.ide.mcu.externaltools.gnu-tools-for-stm32.12.3.rel1.win32_1.1.0.202410251130/tools/bin/../lib/gcc/arm-none-eabi/12.3.1/../../../../arm-none-eabi/lib/thumb/v7e-m+dp/hard\libc_nano.a(libc_a-mlock.o)
 .ARM.attributes
                0x0000096f       0x32 C:/ST/STM32CubeIDE_1.17.0/STM32CubeIDE/plugins/com.st.stm32cube.ide.mcu.externaltools.gnu-tools-for-stm32.12.3.rel1.win32_1.1.0.202410251130/tools/bin/../lib/gcc/arm-none-eabi/12.3.1/../../../../arm-none-eabi/lib/thumb/v7e-m+dp/hard\libc_nano.a(libc_a-nano-svfprintf.o)
 .ARM.attributes
                0x000009a1       0x32 C:/ST/STM32CubeIDE_1.17.0/STM32CubeIDE/plugins/com.st.stm32cube.ide.mcu.externaltools.gnu-tools-for-stm32.12.3.rel1.win32_1.1.0.202410251130/tools/bin/../lib/gcc/arm-none-eabi/12.3.1/../../../../arm-none-eabi/lib/thumb/v7e-m+dp/hard\libc_nano.a(libc_a-nano-vfprintf_i.o)
 .ARM.attributes
                0x000009d3       0x32 C:/ST/STM32CubeIDE_1.17.0/STM32CubeIDE/plugins/com.st.stm32cube.ide.mcu.externaltools.gnu-tools-for-stm32.12.3.rel1.win32_1.1.0.202410251130/tools/bin/../lib/gcc/arm-none-eabi/12.3.1/../../../../arm-none-eabi/lib/thumb/v7e-m+dp/hard\libc_nano.a(libc_a-memmove.o)
 .ARM.attributes
                0x00000a05       0x32 C:/ST/STM32CubeIDE_1.17.0/STM32CubeIDE/plugins/com.st.stm32cube.ide.mcu.externaltools.gnu-tools-for-stm32.12.3.rel1.win32_1.1.0.202410251130/tools/bin/../lib/gcc/arm-none-eabi/12.3.1/../../../../arm-none-eabi/lib/thumb/v7e-m+dp/hard\libc_nano.a(libc_a-sbrkr.o)
 .ARM.attributes
                0x00000a37       0x1c C:/ST/STM32CubeIDE_1.17.0/STM32CubeIDE/plugins/com.st.stm32cube.ide.mcu.externaltools.gnu-tools-for-stm32.12.3.rel1.win32_1.1.0.202410251130/tools/bin/../lib/gcc/arm-none-eabi/12.3.1/../../../../arm-none-eabi/lib/thumb/v7e-m+dp/hard\libc_nano.a(libc_a-memchr.o)
 .ARM.attributes
                0x00000a53       0x32 C:/ST/STM32CubeIDE_1.17.0/STM32CubeIDE/plugins/com.st.stm32cube.ide.mcu.externaltools.gnu-tools-for-stm32.12.3.rel1.win32_1.1.0.202410251130/tools/bin/../lib/gcc/arm-none-eabi/12.3.1/../../../../arm-none-eabi/lib/thumb/v7e-m+dp/hard\libc_nano.a(libc_a-reallocr.o)
 .ARM.attributes