Archive member included to satisfy reference by file (symbol)

C:/ST/STM32CubeIDE_1.17.0/STM32CubeIDE/plugins/com.st.stm32cube.ide.mcu.externaltools.gnu-tools-for-stm32.12.3.rel1.win32_1.1.0.202410251130/tools/bin/../lib/gcc/arm-none-eabi/12.3.1/../../../../arm-none-eabi/lib/thumb/v7e-m+fp/hard\libc_nano.a(libc_a-exit.o)
                              C:/ST/STM32CubeIDE_1.17.0/STM32CubeIDE/plugins/com.st.stm32cube.ide.mcu.externaltools.gnu-tools-for-stm32.12.3.rel1.win32_1.1.0.202410251130/tools/bin/../lib/gcc/arm-none-eabi/12.3.1/../../../../arm-none-eabi/lib/thumb/v7e-m+fp/hard/crt0.o (exit)
C:/ST/STM32CubeIDE_1.17.0/STM32CubeIDE/plugins/com.st.stm32cube.ide.mcu.externaltools.gnu-tools-for-stm32.12.3.rel1.win32_1.1.0.202410251130/tools/bin/../lib/gcc/arm-none-eabi/12.3.1/../../../../arm-none-eabi/lib/thumb/v7e-m+fp/hard\libc_nano.a(libc_a-findfp.o)
                              ./Middlewares/Third_Party/FreeRTOS/Source/tasks.o (__sf)
C:/ST/STM32CubeIDE_1.17.0/STM32CubeIDE/plugins/com.st.stm32cube.ide.mcu.externaltools.gnu-tools-for-stm32.12.3.rel1.win32_1.1.0.202410251130/tools/bin/../lib/gcc/arm-none-eabi/12.3.1/../../../../arm-none-eabi/lib/thumb/v7e-m+fp/hard\libc_nano.a(libc_a-fwalk.o)
                              C:/ST/STM32CubeIDE_1.17.0/STM32CubeIDE/plugins/com.st.stm32cube.ide.mcu.externaltools.gnu-tools-for-stm32.12.3.rel1.win32_1.1.0.202410251130/tools/bin/../lib/gcc/arm-none-eabi/12.3.1/../../../../arm-none-eabi/lib/thumb/v7e-m+fp/hard\libc_nano.a(libc_a-findfp.o) (_fwalk_sglue)
C:/ST/STM32CubeIDE_1.17.0/STM32CubeIDE/plugins/com.st.stm32cube.ide.mcu.externaltools.gnu-tools-for-stm32.12.3.rel1.win32_1.1.0.202410251130/tools/bin/../lib/gcc/arm-none-eabi/12.3.1/../../../../arm-none-eabi/lib/thumb/v7e-m+fp/hard\libc_nano.a(libc_a-snprintf.o)
                              ./Core/Src/manchester_service.o (snprintf)
C:/ST/STM32CubeIDE_1.17.0/STM32CubeIDE/plugins/com.st.stm32cube.ide.mcu.externaltools.gnu-tools-for-stm32.12.3.rel1.win32_1.1.0.202410251130/tools/bin/../lib/gcc/arm-none-eabi/12.3.1/../../../../arm-none-eabi/lib/thumb/v7e-m+fp/hard\libc_nano.a(libc_a-stdio.o)
                              C:/ST/STM32CubeIDE_1.17.0/STM32CubeIDE/plugins/com.st.stm32cube.ide.mcu.externaltools.gnu-tools-for-stm32.12.3.rel1.win32_1.1.0.202410251130/tools/bin/../lib/gcc/arm-none-eabi/12.3.1/../../../../arm-none-eabi/lib/thumb/v7e-m+fp/hard\libc_nano.a(libc_a-findfp.o) (__sread)
C:/ST/STM32CubeIDE_1.17.0/STM32CubeIDE/plugins/com.st.stm32cube.ide.mcu.externaltools.gnu-tools-for-stm32.12.3.rel1.win32_1.1.0.202410251130/tools/bin/../lib/gcc/arm-none-eabi/12.3.1/../../../../arm-none-eabi/lib/thumb/v7e-m+fp/hard\libc_nano.a(libc_a-memset.o)
                              C:/ST/STM32CubeIDE_1.17.0/STM32CubeIDE/plugins/com.st.stm32cube.ide.mcu.externaltools.gnu-tools-for-stm32.12.3.rel1.win32_1.1.0.202410251130/tools/bin/../lib/gcc/arm-none-eabi/12.3.1/../../../../arm-none-eabi/lib/thumb/v7e-m+fp/hard/crt0.o (memset)
C:/ST/STM32CubeIDE_1.17.0/STM32CubeIDE/plugins/com.st.stm32cube.ide.mcu.externaltools.gnu-tools-for-stm32.12.3.rel1.win32_1.1.0.202410251130/tools/bin/../lib/gcc/arm-none-eabi/12.3.1/../../../../arm-none-eabi/lib/thumb/v7e-m+fp/hard\libc_nano.a(libc_a-closer.o)
                              C:/ST/STM32CubeIDE_1.17.0/STM32CubeIDE/plugins/com.st.stm32cube.ide.mcu.externaltools.gnu-tools-for-stm32.12.3.rel1.win32_1.1.0.202410251130/tools/bin/../lib/gcc/arm-none-eabi/12.3.1/../../../../arm-none-eabi/lib/thumb/v7e-m+fp/hard\libc_nano.a(libc_a-stdio.o) (_close_r)
C:/ST/STM32CubeIDE_1.17.0/STM32CubeIDE/plugins/com.st.stm32cube.ide.mcu.externaltools.gnu-tools-for-stm32.12.3.rel1.win32_1.1.0.202410251130/tools/bin/../lib/gcc/arm-none-eabi/12.3.1/../../../../arm-none-eabi/lib/thumb/v7e-m+fp/hard\libc_nano.a(libc_a-reent.o)
                              ./Middlewares/Third_Party/FreeRTOS/Source/tasks.o (_reclaim_reent)
C:/ST/STM32CubeIDE_1.17.0/STM32CubeIDE/plugins/com.st.stm32cube.ide.mcu.externaltools.gnu-tools-for-stm32.12.3.rel1.win32_1.1.0.202410251130/tools/bin/../lib/gcc/arm-none-eabi/12.3.1/../../../../arm-none-eabi/lib/thumb/v7e-m+fp/hard\libc_nano.a(libc_a-impure.o)
                              ./Middlewares/Third_Party/FreeRTOS/Source/tasks.o (_impure_ptr)
C:/ST/STM32CubeIDE_1.17.0/STM32CubeIDE/plugins/com.st.stm32cube.ide.mcu.externaltools.gnu-tools-for-stm32.12.3.rel1.win32_1.1.0.202410251130/tools/bin/../lib/gcc/arm-none-eabi/12.3.1/../../../../arm-none-eabi/lib/thumb/v7e-m+fp/hard\libc_nano.a(libc_a-lseekr.o)
                              C:/ST/STM32CubeIDE_1.17.0/STM32CubeIDE/plugins/com.st.stm32cube.ide.mcu.externaltools.gnu-tools-for-stm32.12.3.rel1.win32_1.1.0.202410251130/tools/bin/../lib/gcc/arm-none-eabi/12.3.1/../../../../arm-none-eabi/lib/thumb/v7e-m+fp/hard\libc_nano.a(libc_a-stdio.o) (_lseek_r)
[...]
Memory Configuration

Name             Origin             Length             Attributes
FLASH            0x08000000         0x00100000         xr
DTCMRAM          0x20000000         0x00010000         xrw
RAM              0x20010000         0x00040000         xrw
*default*        0x00000000         0xffffffff

Linker script and memory map

LOAD C:/ST/STM32CubeIDE_1.17.0/STM32CubeIDE/plugins/com.st.stm32cube.ide.mcu.externaltools.gnu-tools-for-stm32.12.3.rel1.win32_1.1.0.202410251130/tools/bin/../lib/gcc/arm-none-eabi/12.3.1/thumb/v7e-m+fp/hard/crti.o
LOAD C:/ST/STM32CubeIDE_1.17.0/STM32CubeIDE/plugins/com.st.stm32cube.ide.mcu.externaltools.gnu-tools-for-stm32.12.3.rel1.win32_1.1.0.202410251130/tools/bin/../lib/gcc/arm-none-eabi/12.3.1/thumb/v7e-m+fp/hard/crtbegin.o
LOAD C:/ST/STM32CubeIDE_1.17.0/STM32CubeIDE/plugins/com.st.stm32cube.ide.mcu.externaltools.gnu-tools-for-stm32.12.3.rel1.win32_1.1.0.202410251130/tools/bin/../lib/gcc/arm-none-eabi/12.3.1/../../../../arm-none-eabi/lib/thumb/v7e-m+fp/hard/crt0.o
LOAD ./Core/Src/freertos.o
LOAD ./Core/Src/main.o
LOAD ./Core/Src/manchester_bits.o
LOAD ./Core/Src/manchester_crc.o
LOAD ./Core/Src/manchester_fec.o
LOAD ./Core/Src/manchester_frame.o
LOAD ./Core/Src/manchester_hal_callbacks.o
LOAD ./Core/Src/manchester_line.o
LOAD ./Core/Src/manchester_rx_dsp.o
LOAD ./Core/Src/manchester_service.o
LOAD ./Core/Src/stm32f7xx_hal_msp.o
LOAD ./Core/Src/stm32f7xx_hal_timebase_tim.o
LOAD ./Core/Src/stm32f7xx_it.o
LOAD ./Core/Src/syscalls.o
LOAD ./Core/Src/sysmem.o
LOAD ./Core/Src/system_stm32f7xx.o
LOAD ./Core/Startup/startup_stm32f746zgtx.o
LOAD ./Drivers/STM32F7xx_HAL_Driver/Src/stm32f7xx_hal.o
LOAD ./Drivers/STM32F7xx_HAL_Driver/Src/stm32f7xx_hal_cortex.o
LOAD ./Drivers/STM32F7xx_HAL_Driver/Src/stm32f7xx_hal_dma.o
LOAD ./Drivers/STM32F7xx_HAL_Driver/Src/stm32f7xx_hal_dma_ex.o
LOAD ./Drivers/STM32F7xx_HAL_Driver/Src/stm32f7xx_hal_exti.o
LOAD ./Drivers/STM32F7xx_HAL_Driver/Src/stm32f7xx_hal_flash.o
LOAD ./Drivers/STM32F7xx_HAL_Driver/Src/stm32f7xx_hal_flash_ex.o
LOAD ./Drivers/STM32F7xx_HAL_Driver/Src/stm32f7xx_hal_gpio.o
LOAD ./Drivers/STM32F7xx_HAL_Driver/Src/stm32f7xx_hal_i2c.o
LOAD ./Drivers/STM32F7xx_HAL_Driver/Src/stm32f7xx_hal_i2c_ex.o
LOAD ./Drivers/STM32F7xx_HAL_Driver/Src/stm32f7xx_hal_pwr.o
LOAD ./Drivers/STM32F7xx_HAL_Driver/Src/stm32f7xx_hal_pwr_ex.o
LOAD ./Drivers/STM32F7xx_HAL_Driver/Src/stm32f7xx_hal_rcc.o
LOAD ./Drivers/STM32F7xx_HAL_Driver/Src/stm32f7xx_hal_rcc_ex.o
LOAD ./Drivers/STM32F7xx_HAL_Driver/Src/stm32f7xx_hal_spi.o
LOAD ./Drivers/STM32F7xx_HAL_Driver/Src/stm32f7xx_hal_spi_ex.o
LOAD ./Drivers/STM32F7xx_HAL_Driver/Src/stm32f7xx_hal_tim.o
LOAD ./Drivers/STM32F7xx_HAL_Driver/Src/stm32f7xx_hal_tim_ex.o
LOAD ./Drivers/STM32F7xx_HAL_Driver/Src/stm32f7xx_hal_uart.o
LOAD ./Drivers/STM32F7xx_HAL_Driver/Src/stm32f7xx_hal_uart_ex.o
LOAD ./Middlewares/Third_Party/FreeRTOS/Source/CMSIS_RTOS_V2/cmsis_os2.o
LOAD ./Middlewares/Third_Party/FreeRTOS/Source/croutine.o
LOAD ./Middlewares/Third_Party/FreeRTOS/Source/event_groups.o
LOAD ./Middlewares/Third_Party/FreeRTOS/Source/list.o
LOAD ./Middlewares/Third_Party/FreeRTOS/Source/queue.o
LOAD ./Middlewares/Third_Party/FreeRTOS/Source/stream_buffer.o
LOAD ./Middlewares/Third_Party/FreeRTOS/Source/tasks.o
LOAD ./Middlewares/Third_Party/FreeRTOS/Source/timers.o
LOAD ./Middlewares/Third_Party/FreeRTOS/Source/portable/GCC/ARM_CM7/r0p1/port.o
LOAD ./Middlewares/Third_Party/FreeRTOS/Source/portable/MemMang/heap_4.o
START GROUP
LOAD C:/ST/STM32CubeIDE_1.17.0/STM32CubeIDE/plugins/com.st.stm32cube.ide.mcu.externaltools.gnu-tools-for-stm32.12.3.rel1.win32_1.1.0.202410251130/tools/bin/../lib/gcc/arm-none-eabi/12.3.1/../../../../arm-none-eabi/lib/thumb/v7e-m+fp/hard\libc_nano.a
LOAD C:/ST/STM32CubeIDE_1.17.0/STM32CubeIDE/plugins/com.st.stm32cube.ide.mcu.externaltools.gnu-tools-for-stm32.12.3.rel1.win32_1.1.0.202410251130/tools/bin/../lib/gcc/arm-none-eabi/12.3.1/../../../../arm-none-eabi/lib/thumb/v7e-m+fp/hard\libm.a
END GROUP
START GROUP
LOAD C:/ST/STM32CubeIDE_1.17.0/STM32CubeIDE/plugins/com.st.stm32cube.ide.mcu.externaltools.gnu-tools-for-stm32.12.3.rel1.win32_1.1.0.202410251130/tools/bin/../lib/gcc/arm-none-eabi/12.3.1/thumb/v7e-m+fp/hard\libgcc.a
LOAD C:/ST/STM32CubeIDE_1.17.0/STM32CubeIDE/plugins/com.st.stm32cube.ide.mcu.externaltools.gnu-tools-for-stm32.12.3.rel1.win32_1.1.0.202410251130/tools/bin/../lib/gcc/arm-none-eabi/12.3.1/../../../../arm-none-eabi/lib/thumb/v7e-m+fp/hard\libc_nano.a
END GROUP
START GROUP
LOAD C:/ST/STM32CubeIDE_1.17.0/STM32CubeIDE/plugins/com.st.stm32cube.ide.mcu.externaltools.gnu-tools-for-stm32.12.3.rel1.win32_1.1.0.202410251130/tools/bin/../lib/gcc/arm-none-eabi/12.3.1/thumb/v7e-m+fp/hard\libgcc.a
LOAD C:/ST/STM32CubeIDE_1.17.0/STM32CubeIDE/plugins/com.st.stm32cube.ide.mcu.externaltools.gnu-tools-for-stm32.12.3.rel1.win32_1.1.0.202410251130/tools/bin/../lib/gcc/arm-none-eabi/12.3.1/../../../../arm-none-eabi/lib/thumb/v7e-m+fp/hard\libc_nano.a
LOAD C:/ST/STM32CubeIDE_1.17.0/STM32CubeIDE/plugins/com.st.stm32cube.ide.mcu.externaltools.gnu-tools-for-stm32.12.3.rel1.win32_1.1.0.202410251130/tools/bin/../lib/gcc/arm-none-eabi/12.3.1/../../../../arm-none-eabi/lib/thumb/v7e-m+fp/hard\libnosys.a
END GROUP
START GROUP
LOAD C:/ST/STM32CubeIDE_1.17.0/STM32CubeIDE/plugins/com.st.stm32cube.ide.mcu.externaltools.gnu-tools-for-stm32.12.3.rel1.win32_1.1.0.202410251130/tools/bin/../lib/gcc/arm-none-eabi/12.3.1/thumb/v7e-m+fp/hard\libgcc.a
LOAD C:/ST/STM32CubeIDE_1.17.0/STM32CubeIDE/plugins/com.st.stm32cube.ide.mcu.externaltools.gnu-tools-for-stm32.12.3.rel1.win32_1.1.0.202410251130/tools/bin/../lib/gcc/arm-none-eabi/12.3.1/../../../../arm-none-eabi/lib/thumb/v7e-m+fp/hard\libc_nano.a
LOAD C:/ST/STM32CubeIDE_1.17.0/STM32CubeIDE/plugins/com.st.stm32cube.ide.mcu.externaltools.gnu-tools-for-stm32.12.3.rel1.win32_1.1.0.202410251130/tools/bin/../lib/gcc/arm-none-eabi/12.3.1/../../../../arm-none-eabi/lib/thumb/v7e-m+fp/hard\libnosys.a
END GROUP
LOAD C:/ST/STM32CubeIDE_1.17.0/STM32CubeIDE/plugins/com.st.stm32cube.ide.mcu.externaltools.gnu-tools-for-stm32.12.3.rel1.win32_1.1.0.202410251130/tools/bin/../lib/gcc/arm-none-eabi/12.3.1/thumb/v7e-m+fp/hard/crtend.o
LOAD C:/ST/STM32CubeIDE_1.17.0/STM32CubeIDE/plugins/com.st.stm32cube.ide.mcu.externaltools.gnu-tools-for-stm32.12.3.rel1.win32_1.1.0.202410251130/tools/bin/../lib/gcc/arm-none-eabi/12.3.1/thumb/v7e-m+fp/hard/crtn.o
                0x20050000                        _estack = (ORIGIN (RAM) + LENGTH (RAM))
                0x00000200                        _Min_Heap_Size = 0x200
                0x00000400                        _Min_Stack_Size = 0x400

.isr_vector     0x08000000      0x1c8
                0x08000000                        . = ALIGN (0x4)
 *(.isr_vector)
 .isr_vector    0x08000000      0x1c8 ./Core/Startup/startup_stm32f746zgtx.o
                0x08000000                g_pfnVectors
                0x080001c8                        . = ALIGN (0x4)

.text           0x080001d0     0xb260
                0x080001d0                        . = ALIGN (0x4)
 *(.text)
 .text          0x080001d0       0x40 C:/ST/STM32CubeIDE_1.17.0/STM32CubeIDE/plugins/com.st.stm32cube.ide.mcu.externaltools.gnu-tools-for-stm32.12.3.rel1.win32_1.1.0.202410251130/tools/bin/../lib/gcc/arm-none-eabi/12.3.1/thumb/v7e-m+fp/hard/crtbegin.o
 .text          0x08000210       0xa0 C:/ST/STM32CubeIDE_1.17.0/STM32CubeIDE/plugins/com.st.stm32cube.ide.mcu.externaltools.gnu-tools-for-stm32.12.3.rel1.win32_1.1.0.202410251130/tools/bin/../lib/gcc/arm-none-eabi/12.3.1/../../../../arm-none-eabi/lib/thumb/v7e-m+fp/hard\libc_nano.a(libc_a-memchr.o)
                0x08000210                memchr
 .text          0x080002b0       0x30 C:/ST/STM32CubeIDE_1.17.0/STM32CubeIDE/plugins/com.st.stm32cube.ide.mcu.externaltools.gnu-tools-for-stm32.12.3.rel1.win32_1.1.0.202410251130/tools/bin/../lib/gcc/arm-none-eabi/12.3.1/thumb/v7e-m+fp/hard\libgcc.a(_aeabi_uldivmod.o)
                0x080002b0                __aeabi_uldivmod
 .text          0x080002e0      0x2bc C:/ST/STM32CubeIDE_1.17.0/STM32CubeIDE/plugins/com.st.stm32cube.ide.mcu.externaltools.gnu-tools-for-stm32.12.3.rel1.win32_1.1.0.202410251130/tools/bin/../lib/gcc/arm-none-eabi/12.3.1/thumb/v7e-m+fp/hard\libgcc.a(_udivmoddi4.o)
                0x080002e0                __udivmoddi4
 .text          0x0800059c        0x4 C:/ST/STM32CubeIDE_1.17.0/STM32CubeIDE/plugins/com.st.stm32cube.ide.mcu.externaltools.gnu-tools-for-stm32.12.3.rel1.win32_1.1.0.202410251130/tools/bin/../lib/gcc/arm-none-eabi/12.3.1/thumb/v7e-m+fp/hard\libgcc.a(_dvmd_tls.o)
                0x0800059c                __aeabi_idiv0
                0x0800059c                __aeabi_ldiv0
 *(.text*)
 .text.StartDefaultTask
                0x080005a0        0xc ./Core/Src/main.o
                0x080005a0                StartDefaultTask
 .text.SystemClock_Config
                0x080005ac       0xb0 ./Core/Src/main.o
                0x080005ac                SystemClock_Config
 .text.startup.main
                0x0800065c      0x5bc ./Core/Src/main.o
                0x0800065c                main
 .text.HAL_TIM_PeriodElapsedCallback
                0x08000c18       0x14 ./Core/Src/main.o
                0x08000c18                HAL_TIM_PeriodElapsedCallback
 .text.Error_Handler
                0x08000c2c        0x4 ./Core/Src/main.o
                0x08000c2c                Error_Handler
 .text.man_bit_writer_init
                0x08000c30       0x1c ./Core/Src/manchester_bits.o
                0x08000c30                man_bit_writer_init
 .text.man_bit_writer_put_byte
                0x08000c4c      0x150 ./Core/Src/manchester_bits.o
                0x08000c4c                man_bit_writer_put_byte
 .text.man_bit_get
                0x08000d9c       0x14 ./Core/Src/manchester_bits.o
                0x08000d9c                man_bit_get
 .text.man_crc16_ccitt_false
                0x08000db0       0x8c ./Core/Src/manchester_crc.o
                0x08000db0                man_crc16_ccitt_false
 .text.identity_reset
                0x08000e3c        0x8 ./Core/Src/manchester_fec.o
 .text.identity_push_rx_bit
                0x08000e44       0x40 ./Core/Src/manchester_fec.o
 .text.identity_encoded_bits
                0x08000e84        0x4 ./Core/Src/manchester_fec.o
 .text.identity_encode
                0x08000e88       0x2c ./Core/Src/manchester_fec.o
 .text.man_fec_identity_codec
                0x08000eb4        0x8 ./Core/Src/manchester_fec.o
                0x08000eb4                man_fec_identity_codec
 .text.man_fec_hamming74_codec
                0x08000ebc        0x4 ./Core/Src/manchester_fec.o
                0x08000ebc                man_fec_hamming74_codec
 .text.man_frame_build_wire_bits
                0x08000ec0      0x108 ./Core/Src/manchester_frame.o
                0x08000ec0                man_frame_build_wire_bits
 .text.HAL_SPI_RxHalfCpltCallback
                0x08000fc8        0x4 ./Core/Src/manchester_hal_callbacks.o
                0x08000fc8                HAL_SPI_RxHalfCpltCallback
 .text.HAL_SPI_RxCpltCallback
                0x08000fcc        0x4 ./Core/Src/manchester_hal_callbacks.o
                0x08000fcc                HAL_SPI_RxCpltCallback
 .text.HAL_SPI_ErrorCallback
                0x08000fd0        0x4 ./Core/Src/manchester_hal_callbacks.o
                0x08000fd0                HAL_SPI_ErrorCallback
 .text.HAL_UARTEx_RxEventCallback
                0x08000fd4        0x4 ./Core/Src/manchester_hal_callbacks.o
                0x08000fd4                HAL_UARTEx_RxEventCallback
 .text.HAL_UART_TxCpltCallback
                0x08000fd8        0x4 ./Core/Src/manchester_hal_callbacks.o
                0x08000fd8                HAL_UART_TxCpltCallback
 .text.HAL_UART_ErrorCallback
                0x08000fdc        0x4 ./Core/Src/manchester_hal_callbacks.o
                0x08000fdc                HAL_UART_ErrorCallback
 .text.man_line_encode_bsrr
                0x08000fe0       0xf0 ./Core/Src/manchester_line.o
                0x08000fe0                man_line_encode_bsrr
 .text.path_finish_body
                0x080010d0      0x118 ./Core/Src/manchester_rx_dsp.o
 .text.path_push_chip.part.0
                0x080011e8      0x26c ./Core/Src/manchester_rx_dsp.o
 .text.man_rx_decoder_init
                0x08001454      0x64c ./Core/Src/manchester_rx_dsp.o
                0x08001454                man_rx_decoder_init
 .text.man_rx_decoder_reset
                0x08001aa0       0x9c ./Core/Src/manchester_rx_dsp.o
                0x08001aa0                man_rx_decoder_reset
 .text.man_rx_decoder_feed_packed
                0x08001b3c      0x9b4 ./Core/Src/manchester_rx_dsp.o
                0x08001b3c                man_rx_decoder_feed_packed
 .text.rf_apply_rx_gpio
                0x080024f0       0x94 ./Core/Src/manchester_service.o
 .text.DiagnosticsTask
                0x08002584       0x58 ./Core/Src/manchester_service.o
 .text.service_uart_tx
                0x080025dc       0x88 ./Core/Src/manchester_service.o
 .text.tx_dma_error
                0x08002664       0x5c ./Core/Src/manchester_service.o
 .text.tx_dma_done
                0x080026c0       0x5c ./Core/Src/manchester_service.o
 .text.tx_dma_half
                0x0800271c       0x14 ./Core/Src/manchester_service.o
 .text.queue_stats
                0x08002730       0xb8 ./Core/Src/manchester_service.o
 .text.queue_tx_packet
                0x080027e8       0x9c ./Core/Src/manchester_service.o
 .text.rx_frame_to_queue
                0x08002884       0x44 ./Core/Src/manchester_service.o
 .text.consume_uart_block.constprop.0
                0x080028c8       0xc0 ./Core/Src/manchester_service.o
 .text.UartTask
                0x08002988      0x358 ./Core/Src/manchester_service.o
 .text.ManchesterRxTask
                0x08002ce0      0x298 ./Core/Src/manchester_service.o
 .text.ApplicationTask
                0x08002f78      0x108 ./Core/Src/manchester_service.o
 .text.Manchester_TestHookMutateWireBits
                0x08003080        0x4 ./Core/Src/manchester_service.o
                0x08003080                Manchester_TestHookMutateWireBits
 .text.ManchesterTxTask
                0x08003084      0x2b4 ./Core/Src/manchester_service.o
 .text.Manchester_ServiceInit
                0x08003338      0x328 ./Core/Src/manchester_service.o
                0x08003338                Manchester_ServiceInit
 .text.Manchester_CreateRtosObjects
                0x08003660      0x188 ./Core/Src/manchester_service.o
                0x08003660                Manchester_CreateRtosObjects
 .text.Manchester_OnSpiTxRxHalfComplete
                0x080037e8       0x40 ./Core/Src/manchester_service.o
                0x080037e8                Manchester_OnSpiTxRxHalfComplete
 .text.Manchester_OnSpiTxRxComplete
                0x08003828       0x40 ./Core/Src/manchester_service.o
                0x08003828                Manchester_OnSpiTxRxComplete
 .text.Manchester_OnSpiError
                0x08003868       0x40 ./Core/Src/manchester_service.o
                0x08003868                Manchester_OnSpiError
 .text.Manchester_OnUartRxEvent
                0x080038a8       0x90 ./Core/Src/manchester_service.o
                0x080038a8                Manchester_OnUartRxEvent
 .text.Manchester_OnUartTxComplete
                0x08003938       0x2c ./Core/Src/manchester_service.o
                0x08003938                Manchester_OnUartTxComplete
 .text.Manchester_OnUartError
                0x08003964       0x2c ./Core/Src/manchester_service.o
                0x08003964                Manchester_OnUartError
 .text.HAL_MspInit
                0x08003990       0x40 ./Core/Src/stm32f7xx_hal_msp.o
                0x08003990                HAL_MspInit
 .text.HAL_SPI_MspInit
                0x080039d0      0x104 ./Core/Src/stm32f7xx_hal_msp.o
                0x080039d0                HAL_SPI_MspInit
 .text.HAL_SPI_MspDeInit
                0x08003ad4       0x58 ./Core/Src/stm32f7xx_hal_msp.o
                0x08003ad4                HAL_SPI_MspDeInit
 .text.HAL_TIM_Base_MspInit
                0x08003b2c       0xc0 ./Core/Src/stm32f7xx_hal_msp.o
                0x08003b2c                HAL_TIM_Base_MspInit
 *fill*         0x08003bec        0x4 
 .text.HAL_TIM_MspPostInit
                0x08003bf0       0xa4 ./Core/Src/stm32f7xx_hal_msp.o
                0x08003bf0                HAL_TIM_MspPostInit
 .text.HAL_UART_MspInit
                0x08003c94      0x120 ./Core/Src/stm32f7xx_hal_msp.o
                0x08003c94                HAL_UART_MspInit
 .text.HAL_InitTick
                0x08003db4       0xa4 ./Core/Src/stm32f7xx_hal_timebase_tim.o
                0x08003db4                HAL_InitTick
 .text.NMI_Handler
                0x08003e58        0x4 ./Core/Src/stm32f7xx_it.o
                0x08003e58                NMI_Handler
 .text.HardFault_Handler
                0x08003e5c        0x4 ./Core/Src/stm32f7xx_it.o
                0x08003e5c                HardFault_Handler
 .text.MemManage_Handler
                0x08003e60        0x4 ./Core/Src/stm32f7xx_it.o
                0x08003e60                MemManage_Handler
 .text.BusFault_Handler
                0x08003e64        0x4 ./Core/Src/stm32f7xx_it.o
                0x08003e64                BusFault_Handler
 .text.UsageFault_Handler
                0x08003e68        0x4 ./Core/Src/stm32f7xx_it.o
                0x08003e68                UsageFault_Handler
 .text.DebugMon_Handler
                0x08003e6c        0x4 ./Core/Src/stm32f7xx_it.o
                0x08003e6c                DebugMon_Handler
 .text.DMA1_Stream1_IRQHandler
                0x08003e70        0xc ./Core/Src/stm32f7xx_it.o
                0x08003e70                DMA1_Stream1_IRQHandler
 .text.DMA1_Stream3_IRQHandler
                0x08003e7c        0xc ./Core/Src/stm32f7xx_it.o
                0x08003e7c                DMA1_Stream3_IRQHandler
 .text.USART3_IRQHandler
                0x08003e88        0xc ./Core/Src/stm32f7xx_it.o
                0x08003e88                USART3_IRQHandler
 .text.TIM6_DAC_IRQHandler
                0x08003e94        0xc ./Core/Src/stm32f7xx_it.o
                0x08003e94                TIM6_DAC_IRQHandler
 .text.DMA2_Stream0_IRQHandler
                0x08003ea0        0xc ./Core/Src/stm32f7xx_it.o
                0x08003ea0                DMA2_Stream0_IRQHandler
 .text.DMA2_Stream5_IRQHandler
                0x08003eac        0xc ./Core/Src/stm32f7xx_it.o
                0x08003eac                DMA2_Stream5_IRQHandler
 .text._sbrk    0x08003eb8       0x48 ./Core/Src/sysmem.o
                0x08003eb8                _sbrk
 .text.SystemInit
                0x08003f00       0x14 ./Core/Src/system_stm32f7xx.o
                0x08003f00                SystemInit
 .text.Reset_Handler
                0x08003f14       0x50 ./Core/Startup/startup_stm32f746zgtx.o
                0x08003f14                Reset_Handler
 .text.Default_Handler
                0x08003f64        0x2 ./Core/Startup/startup_stm32f746zgtx.o
                0x08003f64                RTC_Alarm_IRQHandler
                0x08003f64                EXTI2_IRQHandler
                0x08003f64                TIM8_CC_IRQHandler
                0x08003f64                UART8_IRQHandler
                0x08003f64                SPI4_IRQHandler
                0x08003f64                TIM1_CC_IRQHandler
                0x08003f64                DMA1_Stream5_IRQHandler
                0x08003f64                PVD_IRQHandler
                0x08003f64                TAMP_STAMP_IRQHandler
                0x08003f64                CAN2_RX1_IRQHandler
                0x08003f64                EXTI3_IRQHandler
                0x08003f64                TIM8_TRG_COM_TIM14_IRQHandler
                0x08003f64                TIM1_UP_TIM10_IRQHandler
                0x08003f64                TIM8_UP_TIM13_IRQHandler
                0x08003f64                I2C3_ER_IRQHandler
                0x08003f64                EXTI0_IRQHandler
                0x08003f64                I2C2_EV_IRQHandler
                0x08003f64                DMA1_Stream2_IRQHandler
                0x08003f64                CAN1_RX0_IRQHandler
                0x08003f64                FPU_IRQHandler
                0x08003f64                OTG_HS_WKUP_IRQHandler
                0x08003f64                LTDC_ER_IRQHandler
                0x08003f64                CAN2_SCE_IRQHandler
                0x08003f64                DMA2_Stream2_IRQHandler
                0x08003f64                SPI1_IRQHandler
                0x08003f64                TIM1_BRK_TIM9_IRQHandler
                0x08003f64                DCMI_IRQHandler
                0x08003f64                CAN2_RX0_IRQHandler
                0x08003f64                DMA2_Stream3_IRQHandler
                0x08003f64                SAI2_IRQHandler
                0x08003f64                USART6_IRQHandler
                0x08003f64                CAN1_RX1_IRQHandler
                0x08003f64                UART5_IRQHandler
                0x08003f64                TIM4_IRQHandler
                0x08003f64                QUADSPI_IRQHandler
                0x08003f64                I2C1_EV_IRQHandler
                0x08003f64                DMA1_Stream6_IRQHandler
                0x08003f64                UART4_IRQHandler
                0x08003f64                TIM3_IRQHandler
                0x08003f64                RCC_IRQHandler
                0x08003f64                TIM8_BRK_TIM12_IRQHandler
                0x08003f64                Default_Handler
                0x08003f64                CEC_IRQHandler
                0x08003f64                EXTI15_10_IRQHandler
                0x08003f64                ADC_IRQHandler
                0x08003f64                DMA1_Stream7_IRQHandler
                0x08003f64                SPI5_IRQHandler
                0x08003f64                TIM7_IRQHandler
                0x08003f64                SDMMC1_IRQHandler
                0x08003f64                CAN2_TX_IRQHandler
                0x08003f64                TIM5_IRQHandler
                0x08003f64                DMA2_Stream7_IRQHandler
                0x08003f64                I2C3_EV_IRQHandler
                0x08003f64                EXTI9_5_IRQHandler
                0x08003f64                RTC_WKUP_IRQHandler
                0x08003f64                LTDC_IRQHandler
                0x08003f64                ETH_WKUP_IRQHandler
                0x08003f64                SPDIF_RX_IRQHandler
                0x08003f64                SPI2_IRQHandler
                0x08003f64                OTG_HS_EP1_IN_IRQHandler
                0x08003f64                DMA1_Stream0_IRQHandler
                0x08003f64                CAN1_TX_IRQHandler
                0x08003f64                EXTI4_IRQHandler
                0x08003f64                RNG_IRQHandler
                0x08003f64                ETH_IRQHandler
                0x08003f64                OTG_HS_EP1_OUT_IRQHandler
                0x08003f64                WWDG_IRQHandler
                0x08003f64                SPI6_IRQHandler
                0x08003f64                I2C4_EV_IRQHandler
                0x08003f64                TIM2_IRQHandler
                0x08003f64                OTG_FS_WKUP_IRQHandler
                0x08003f64                TIM1_TRG_COM_TIM11_IRQHandler
                0x08003f64                OTG_HS_IRQHandler
                0x08003f64                DMA2D_IRQHandler
                0x08003f64                EXTI1_IRQHandler
                0x08003f64                UART7_IRQHandler
                0x08003f64                USART2_IRQHandler
                0x08003f64                I2C2_ER_IRQHandler
                0x08003f64                DMA2_Stream1_IRQHandler
                0x08003f64                CAN1_SCE_IRQHandler
                0x08003f64                FLASH_IRQHandler
                0x08003f64                DMA2_Stream4_IRQHandler
                0x08003f64                USART1_IRQHandler
                0x08003f64                OTG_FS_IRQHandler
                0x08003f64                SPI3_IRQHandler
                0x08003f64                DMA1_Stream4_IRQHandler
                0x08003f64                I2C1_ER_IRQHandler
                0x08003f64                FMC_IRQHandler
                0x08003f64                LPTIM1_IRQHandler
                0x08003f64                I2C4_ER_IRQHandler
                0x08003f64                DMA2_Stream6_IRQHandler
                0x08003f64                SAI1_IRQHandler
 *fill*         0x08003f66        0x2 
 .text.HAL_Init
                0x08003f68       0x18 ./Drivers/STM32F7xx_HAL_Driver/Src/stm32f7xx_hal.o
                0x08003f68                HAL_Init
 .text.HAL_IncTick
                0x08003f80       0x18 ./Drivers/STM32F7xx_HAL_Driver/Src/stm32f7xx_hal.o
                0x08003f80                HAL_IncTick
 .text.HAL_GetTick
                0x08003f98        0xc ./Drivers/STM32F7xx_HAL_Driver/Src/stm32f7xx_hal.o
                0x08003f98                HAL_GetTick
 .text.HAL_Delay
                0x08003fa4       0x24 ./Drivers/STM32F7xx_HAL_Driver/Src/stm32f7xx_hal.o
                0x08003fa4                HAL_Delay
 .text.HAL_NVIC_SetPriorityGrouping
                0x08003fc8       0x24 ./Drivers/STM32F7xx_HAL_Driver/Src/stm32f7xx_hal_cortex.o
                0x08003fc8                HAL_NVIC_SetPriorityGrouping
 .text.HAL_NVIC_SetPriority
                0x08003fec       0x78 ./Drivers/STM32F7xx_HAL_Driver/Src/stm32f7xx_hal_cortex.o
                0x08003fec                HAL_NVIC_SetPriority
 .text.HAL_NVIC_EnableIRQ
                0x08004064       0x1c ./Drivers/STM32F7xx_HAL_Driver/Src/stm32f7xx_hal_cortex.o
                0x08004064                HAL_NVIC_EnableIRQ
 .text.HAL_DMA_Init
                0x08004080      0x138 ./Drivers/STM32F7xx_HAL_Driver/Src/stm32f7xx_hal_dma.o
                0x08004080                HAL_DMA_Init
 .text.HAL_DMA_DeInit
                0x080041b8       0x8c ./Drivers/STM32F7xx_HAL_Driver/Src/stm32f7xx_hal_dma.o
                0x080041b8                HAL_DMA_DeInit
 .text.HAL_DMA_Start_IT
                0x08004244       0x80 ./Drivers/STM32F7xx_HAL_Driver/Src/stm32f7xx_hal_dma.o
                0x08004244                HAL_DMA_Start_IT
 .text.HAL_DMA_Abort
                0x080042c4       0x94 ./Drivers/STM32F7xx_HAL_Driver/Src/stm32f7xx_hal_dma.o
                0x080042c4                HAL_DMA_Abort
 .text.HAL_DMA_Abort_IT
                0x08004358       0x28 ./Drivers/STM32F7xx_HAL_Driver/Src/stm32f7xx_hal_dma.o
                0x08004358                HAL_DMA_Abort_IT
 .text.HAL_DMA_IRQHandler
                0x08004380      0x1a8 ./Drivers/STM32F7xx_HAL_Driver/Src/stm32f7xx_hal_dma.o
                0x08004380                HAL_DMA_IRQHandler
 .text.HAL_DMA_GetError
                0x08004528        0x4 ./Drivers/STM32F7xx_HAL_Driver/Src/stm32f7xx_hal_dma.o
                0x08004528                HAL_DMA_GetError
 .text.HAL_GPIO_Init
                0x0800452c      0x274 ./Drivers/STM32F7xx_HAL_Driver/Src/stm32f7xx_hal_gpio.o
                0x0800452c                HAL_GPIO_Init
 .text.HAL_GPIO_DeInit
                0x080047a0      0x194 ./Drivers/STM32F7xx_HAL_Driver/Src/stm32f7xx_hal_gpio.o
                0x080047a0                HAL_GPIO_DeInit
 .text.HAL_GPIO_WritePin
                0x08004934        0x8 ./Drivers/STM32F7xx_HAL_Driver/Src/stm32f7xx_hal_gpio.o
                0x08004934                HAL_GPIO_WritePin
 .text.HAL_GPIO_TogglePin
                0x0800493c       0x14 ./Drivers/STM32F7xx_HAL_Driver/Src/stm32f7xx_hal_gpio.o
                0x0800493c                HAL_GPIO_TogglePin
 .text.HAL_PWR_EnableBkUpAccess
                0x08004950       0x10 ./Drivers/STM32F7xx_HAL_Driver/Src/stm32f7xx_hal_pwr.o
                0x08004950                HAL_PWR_EnableBkUpAccess
 .text.HAL_PWREx_EnableOverDrive
                0x08004960       0x74 ./Drivers/STM32F7xx_HAL_Driver/Src/stm32f7xx_hal_pwr_ex.o
                0x08004960                HAL_PWREx_EnableOverDrive
 .text.HAL_RCC_OscConfig
                0x080049d4      0x3dc ./Drivers/STM32F7xx_HAL_Driver/Src/stm32f7xx_hal_rcc.o
                0x080049d4                HAL_RCC_OscConfig
 .text.HAL_RCC_ClockConfig
                0x08004db0      0x1a8 ./Drivers/STM32F7xx_HAL_Driver/Src/stm32f7xx_hal_rcc.o
                0x08004db0                HAL_RCC_ClockConfig
 .text.HAL_RCC_GetSysClockFreq
                0x08004f58       0x68 ./Drivers/STM32F7xx_HAL_Driver/Src/stm32f7xx_hal_rcc.o
                0x08004f58                HAL_RCC_GetSysClockFreq
 .text.HAL_RCC_GetPCLK1Freq
                0x08004fc0       0x20 ./Drivers/STM32F7xx_HAL_Driver/Src/stm32f7xx_hal_rcc.o
                0x08004fc0                HAL_RCC_GetPCLK1Freq
 .text.HAL_RCC_GetPCLK2Freq
                0x08004fe0       0x20 ./Drivers/STM32F7xx_HAL_Driver/Src/stm32f7xx_hal_rcc.o
                0x08004fe0                HAL_RCC_GetPCLK2Freq
 .text.HAL_RCC_GetClockConfig
                0x08005000       0x44 ./Drivers/STM32F7xx_HAL_Driver/Src/stm32f7xx_hal_rcc.o
                0x08005000                HAL_RCC_GetClockConfig
 .text.HAL_RCCEx_PeriphCLKConfig
                0x08005044      0x528 ./Drivers/STM32F7xx_HAL_Driver/Src/stm32f7xx_hal_rcc_ex.o
                0x08005044                HAL_RCCEx_PeriphCLKConfig
 .text.SPI_WaitFifoStateUntilTimeout.constprop.0
                0x0800556c       0xe8 ./Drivers/STM32F7xx_HAL_Driver/Src/stm32f7xx_hal_spi.o
 .text.SPI_EndRxTxTransaction
                0x08005654      0x174 ./Drivers/STM32F7xx_HAL_Driver/Src/stm32f7xx_hal_spi.o
 .text.SPI_WaitFlagStateUntilTimeout.constprop.0
                0x080057c8       0xa8 ./Drivers/STM32F7xx_HAL_Driver/Src/stm32f7xx_hal_spi.o
 .text.SPI_EndRxTxTransaction.constprop.0
                0x08005870      0x11c ./Drivers/STM32F7xx_HAL_Driver/Src/stm32f7xx_hal_spi.o
 .text.SPI_AbortTx_ISR
                0x0800598c       0xd4 ./Drivers/STM32F7xx_HAL_Driver/Src/stm32f7xx_hal_spi.o
 .text.SPI_EndRxTransaction
                0x08005a60      0x140 ./Drivers/STM32F7xx_HAL_Driver/Src/stm32f7xx_hal_spi.o
 .text.SPI_AbortRx_ISR
                0x08005ba0      0x128 ./Drivers/STM32F7xx_HAL_Driver/Src/stm32f7xx_hal_spi.o
 .text.HAL_SPI_Init
                0x08005cc8       0xec ./Drivers/STM32F7xx_HAL_Driver/Src/stm32f7xx_hal_spi.o
                0x08005cc8                HAL_SPI_Init
 .text.HAL_SPI_DeInit
                0x08005db4       0x30 ./Drivers/STM32F7xx_HAL_Driver/Src/stm32f7xx_hal_spi.o
                0x08005db4                HAL_SPI_DeInit
 .text.HAL_SPI_Transmit
                0x08005de4      0x1d4 ./Drivers/STM32F7xx_HAL_Driver/Src/stm32f7xx_hal_spi.o
                0x08005de4                HAL_SPI_Transmit
 .text.HAL_SPI_TransmitReceive_DMA
                0x08005fb8      0x1bc ./Drivers/STM32F7xx_HAL_Driver/Src/stm32f7xx_hal_spi.o
                0x08005fb8                HAL_SPI_TransmitReceive_DMA
 .text.HAL_SPI_Receive_DMA
                0x08006174      0x180 ./Drivers/STM32F7xx_HAL_Driver/Src/stm32f7xx_hal_spi.o
                0x08006174                HAL_SPI_Receive_DMA
 .text.HAL_SPI_Abort
                0x080062f4      0x174 ./Drivers/STM32F7xx_HAL_Driver/Src/stm32f7xx_hal_spi.o
                0x080062f4                HAL_SPI_Abort
 .text.HAL_SPI_TxRxCpltCallback
                0x08006468        0x4 ./Drivers/STM32F7xx_HAL_Driver/Src/stm32f7xx_hal_spi.o
                0x08006468                HAL_SPI_TxRxCpltCallback
 .text.SPI_DMAHalfReceiveCplt
                0x0800646c        0xc ./Drivers/STM32F7xx_HAL_Driver/Src/stm32f7xx_hal_spi.o
 .text.HAL_SPI_TxRxHalfCpltCallback
                0x08006478        0x4 ./Drivers/STM32F7xx_HAL_Driver/Src/stm32f7xx_hal_spi.o
                0x08006478                HAL_SPI_TxRxHalfCpltCallback
 .text.SPI_DMAHalfTransmitReceiveCplt
                0x0800647c        0xc ./Drivers/STM32F7xx_HAL_Driver/Src/stm32f7xx_hal_spi.o
 .text.SPI_DMAError
                0x08006488       0x24 ./Drivers/STM32F7xx_HAL_Driver/Src/stm32f7xx_hal_spi.o
 .text.SPI_DMAReceiveCplt
                0x080064ac       0x6c ./Drivers/STM32F7xx_HAL_Driver/Src/stm32f7xx_hal_spi.o
 .text.SPI_DMATransmitReceiveCplt
                0x08006518       0x5c ./Drivers/STM32F7xx_HAL_Driver/Src/stm32f7xx_hal_spi.o
 .text.HAL_TIM_Base_Init
                0x08006574      0x144 ./Drivers/STM32F7xx_HAL_Driver/Src/stm32f7xx_hal_tim.o
                0x08006574                HAL_TIM_Base_Init
 .text.HAL_TIM_Base_Start_IT
                0x080066b8       0xa4 ./Drivers/STM32F7xx_HAL_Driver/Src/stm32f7xx_hal_tim.o
                0x080066b8                HAL_TIM_Base_Start_IT
 .text.HAL_TIM_PWM_MspInit
                0x0800675c        0x4 ./Drivers/STM32F7xx_HAL_Driver/Src/stm32f7xx_hal_tim.o
                0x0800675c                HAL_TIM_PWM_MspInit
 .text.HAL_TIM_PWM_Init
                0x08006760      0x144 ./Drivers/STM32F7xx_HAL_Driver/Src/stm32f7xx_hal_tim.o
                0x08006760                HAL_TIM_PWM_Init
 .text.HAL_TIM_PWM_Start
                0x080068a4      0x138 ./Drivers/STM32F7xx_HAL_Driver/Src/stm32f7xx_hal_tim.o
                0x080068a4                HAL_TIM_PWM_Start
 .text.HAL_TIM_PWM_Stop
                0x080069dc       0xe0 ./Drivers/STM32F7xx_HAL_Driver/Src/stm32f7xx_hal_tim.o
                0x080069dc                HAL_TIM_PWM_Stop
 .text.HAL_TIM_PWM_Start_IT
                0x08006abc      0x15c ./Drivers/STM32F7xx_HAL_Driver/Src/stm32f7xx_hal_tim.o
                0x08006abc                HAL_TIM_PWM_Start_IT
 .text.HAL_TIM_PWM_ConfigChannel
                0x08006c18      0x300 ./Drivers/STM32F7xx_HAL_Driver/Src/stm32f7xx_hal_tim.o
                0x08006c18                HAL_TIM_PWM_ConfigChannel
 .text.HAL_TIM_GenerateEvent
                0x08006f18       0x2c ./Drivers/STM32F7xx_HAL_Driver/Src/stm32f7xx_hal_tim.o
                0x08006f18                HAL_TIM_GenerateEvent
 .text.HAL_TIM_ConfigClockSource
                0x08006f44      0x154 ./Drivers/STM32F7xx_HAL_Driver/Src/stm32f7xx_hal_tim.o
                0x08006f44                HAL_TIM_ConfigClockSource
 .text.HAL_TIM_OC_DelayElapsedCallback
                0x08007098        0x4 ./Drivers/STM32F7xx_HAL_Driver/Src/stm32f7xx_hal_tim.o
                0x08007098                HAL_TIM_OC_DelayElapsedCallback
 .text.HAL_TIM_IC_CaptureCallback
                0x0800709c        0x4 ./Drivers/STM32F7xx_HAL_Driver/Src/stm32f7xx_hal_tim.o
                0x0800709c                HAL_TIM_IC_CaptureCallback
 .text.HAL_TIM_PWM_PulseFinishedCallback
                0x080070a0        0x4 ./Drivers/STM32F7xx_HAL_Driver/Src/stm32f7xx_hal_tim.o
                0x080070a0                HAL_TIM_PWM_PulseFinishedCallback
 .text.HAL_TIM_TriggerCallback
                0x080070a4        0x4 ./Drivers/STM32F7xx_HAL_Driver/Src/stm32f7xx_hal_tim.o
                0x080070a4                HAL_TIM_TriggerCallback
 .text.HAL_TIM_IRQHandler
                0x080070a8      0x158 ./Drivers/STM32F7xx_HAL_Driver/Src/stm32f7xx_hal_tim.o
                0x080070a8                HAL_TIM_IRQHandler
 .text.HAL_TIMEx_MasterConfigSynchronization
                0x08007200       0xb4 ./Drivers/STM32F7xx_HAL_Driver/Src/stm32f7xx_hal_tim_ex.o
                0x08007200                HAL_TIMEx_MasterConfigSynchronization
 .text.HAL_TIMEx_ConfigBreakDeadTime
                0x080072b4       0x8c ./Drivers/STM32F7xx_HAL_Driver/Src/stm32f7xx_hal_tim_ex.o
                0x080072b4                HAL_TIMEx_ConfigBreakDeadTime
 .text.HAL_TIMEx_CommutCallback
                0x08007340        0x4 ./Drivers/STM32F7xx_HAL_Driver/Src/stm32f7xx_hal_tim_ex.o
                0x08007340                HAL_TIMEx_CommutCallback
 .text.HAL_TIMEx_BreakCallback
                0x08007344        0x4 ./Drivers/STM32F7xx_HAL_Driver/Src/stm32f7xx_hal_tim_ex.o
                0x08007344                HAL_TIMEx_BreakCallback
 .text.HAL_TIMEx_Break2Callback
                0x08007348        0x4 ./Drivers/STM32F7xx_HAL_Driver/Src/stm32f7xx_hal_tim_ex.o
                0x08007348                HAL_TIMEx_Break2Callback
 .text.HAL_UART_Transmit_DMA
                0x0800734c       0x84 ./Drivers/STM32F7xx_HAL_Driver/Src/stm32f7xx_hal_uart.o
                0x0800734c                HAL_UART_Transmit_DMA
 .text.HAL_UART_AbortReceive
                0x080073d0       0xc0 ./Drivers/STM32F7xx_HAL_Driver/Src/stm32f7xx_hal_uart.o
                0x080073d0                HAL_UART_AbortReceive
 .text.UART_DMATransmitCplt
                0x08007490       0x44 ./Drivers/STM32F7xx_HAL_Driver/Src/stm32f7xx_hal_uart.o
 .text.HAL_UART_TxHalfCpltCallback
                0x080074d4        0x4 ./Drivers/STM32F7xx_HAL_Driver/Src/stm32f7xx_hal_uart.o
                0x080074d4                HAL_UART_TxHalfCpltCallback
 .text.UART_DMATxHalfCplt
                0x080074d8        0xc ./Drivers/STM32F7xx_HAL_Driver/Src/stm32f7xx_hal_uart.o
 .text.HAL_UART_RxCpltCallback
                0x080074e4        0x4 ./Drivers/STM32F7xx_HAL_Driver/Src/stm32f7xx_hal_uart.o
                0x080074e4                HAL_UART_RxCpltCallback
 .text.HAL_UART_RxHalfCpltCallback
                0x080074e8        0x4 ./Drivers/STM32F7xx_HAL_Driver/Src/stm32f7xx_hal_uart.o
                0x080074e8                HAL_UART_RxHalfCpltCallback
 .text.UART_DMAError
                0x080074ec       0xb4 ./Drivers/STM32F7xx_HAL_Driver/Src/stm32f7xx_hal_uart.o
 .text.UART_DMAAbortOnError
                0x080075a0       0x10 ./Drivers/STM32F7xx_HAL_Driver/Src/stm32f7xx_hal_uart.o
 .text.HAL_UART_IRQHandler
                0x080075b0      0x350 ./Drivers/STM32F7xx_HAL_Driver/Src/stm32f7xx_hal_uart.o
                0x080075b0                HAL_UART_IRQHandler
 .text.UART_DMARxHalfCplt
                0x08007900       0x3c ./Drivers/STM32F7xx_HAL_Driver/Src/stm32f7xx_hal_uart.o
 .text.UART_DMAReceiveCplt
                0x0800793c       0xbc ./Drivers/STM32F7xx_HAL_Driver/Src/stm32f7xx_hal_uart.o
 .text.UART_SetConfig
                0x080079f8      0x2a0 ./Drivers/STM32F7xx_HAL_Driver/Src/stm32f7xx_hal_uart.o
                0x080079f8                UART_SetConfig
 .text.UART_AdvFeatureConfig
                0x08007c98       0xb0 ./Drivers/STM32F7xx_HAL_Driver/Src/stm32f7xx_hal_uart.o
                0x08007c98                UART_AdvFeatureConfig
 .text.UART_CheckIdleState
                0x08007d48      0x124 ./Drivers/STM32F7xx_HAL_Driver/Src/stm32f7xx_hal_uart.o
                0x08007d48                UART_CheckIdleState
 .text.HAL_UART_Init
                0x08007e6c       0x64 ./Drivers/STM32F7xx_HAL_Driver/Src/stm32f7xx_hal_uart.o
                0x08007e6c                HAL_UART_Init
 .text.UART_Start_Receive_DMA
                0x08007ed0       0x9c ./Drivers/STM32F7xx_HAL_Driver/Src/stm32f7xx_hal_uart.o
                0x08007ed0                UART_Start_Receive_DMA
 .text.HAL_UARTEx_ReceiveToIdle_DMA
                0x08007f6c       0x48 ./Drivers/STM32F7xx_HAL_Driver/Src/stm32f7xx_hal_uart_ex.o
                0x08007f6c                HAL_UARTEx_ReceiveToIdle_DMA
 .text.HAL_UARTEx_GetRxEventType
                0x08007fb4        0x4 ./Drivers/STM32F7xx_HAL_Driver/Src/stm32f7xx_hal_uart_ex.o
                0x08007fb4                HAL_UARTEx_GetRxEventType
 .text.osKernelInitialize
                0x08007fb8       0x38 ./Middlewares/Third_Party/FreeRTOS/Source/CMSIS_RTOS_V2/cmsis_os2.o
                0x08007fb8                osKernelInitialize
 .text.osKernelStart
                0x08007ff0       0x44 ./Middlewares/Third_Party/FreeRTOS/Source/CMSIS_RTOS_V2/cmsis_os2.o
                0x08007ff0                osKernelStart
 .text.osKernelGetTickCount
                0x08008034       0x34 ./Middlewares/Third_Party/FreeRTOS/Source/CMSIS_RTOS_V2/cmsis_os2.o
                0x08008034                osKernelGetTickCount
 .text.osThreadNew
                0x08008068       0xa0 ./Middlewares/Third_Party/FreeRTOS/Source/CMSIS_RTOS_V2/cmsis_os2.o
                0x08008068                osThreadNew
 .text.osThreadFlagsSet
                0x08008108       0x98 ./Middlewares/Third_Party/FreeRTOS/Source/CMSIS_RTOS_V2/cmsis_os2.o
                0x08008108                osThreadFlagsSet
 .text.osThreadFlagsClear
                0x080081a0       0x7c ./Middlewares/Third_Party/FreeRTOS/Source/CMSIS_RTOS_V2/cmsis_os2.o
                0x080081a0                osThreadFlagsClear
 .text.osThreadFlagsWait
                0x0800821c      0x144 ./Middlewares/Third_Party/FreeRTOS/Source/CMSIS_RTOS_V2/cmsis_os2.o
                0x0800821c                osThreadFlagsWait
 .text.osDelay  0x08008360       0x40 ./Middlewares/Third_Party/FreeRTOS/Source/CMSIS_RTOS_V2/cmsis_os2.o
                0x08008360                osDelay
 .text.osMessageQueueNew
                0x080083a0       0x90 ./Middlewares/Third_Party/FreeRTOS/Source/CMSIS_RTOS_V2/cmsis_os2.o
                0x080083a0                osMessageQueueNew
 .text.osMessageQueuePut
                0x08008430       0xa8 ./Middlewares/Third_Party/FreeRTOS/Source/CMSIS_RTOS_V2/cmsis_os2.o
                0x08008430                osMessageQueuePut
 .text.osMessageQueueGet
                0x080084d8       0xa0 ./Middlewares/Third_Party/FreeRTOS/Source/CMSIS_RTOS_V2/cmsis_os2.o
                0x080084d8                osMessageQueueGet
 .text.vApplicationGetIdleTaskMemory
                0x08008578       0x1c ./Middlewares/Third_Party/FreeRTOS/Source/CMSIS_RTOS_V2/cmsis_os2.o
                0x08008578                vApplicationGetIdleTaskMemory
 .text.vApplicationGetTimerTaskMemory
                0x08008594       0x20 ./Middlewares/Third_Party/FreeRTOS/Source/CMSIS_RTOS_V2/cmsis_os2.o
                0x08008594                vApplicationGetTimerTaskMemory
 .text.vListInitialise
                0x080085b4       0x18 ./Middlewares/Third_Party/FreeRTOS/Source/list.o
                0x080085b4                vListInitialise
 .text.vListInitialiseItem
                0x080085cc        0x8 ./Middlewares/Third_Party/FreeRTOS/Source/list.o
                0x080085cc                vListInitialiseItem
 .text.vListInsertEnd
                0x080085d4       0x1c ./Middlewares/Third_Party/FreeRTOS/Source/list.o
                0x080085d4                vListInsertEnd
 .text.vListInsert
                0x080085f0       0x30 ./Middlewares/Third_Party/FreeRTOS/Source/list.o
                0x080085f0                vListInsert
 .text.uxListRemove
                0x08008620       0x28 ./Middlewares/Third_Party/FreeRTOS/Source/list.o
                0x08008620                uxListRemove
 .text.prvCopyDataToQueue
                0x08008648       0x70 ./Middlewares/Third_Party/FreeRTOS/Source/queue.o
 .text.xQueueGenericCreateStatic
                0x080086b8       0xec ./Middlewares/Third_Party/FreeRTOS/Source/queue.o
                0x080086b8                xQueueGenericCreateStatic
 .text.xQueueGenericCreate
                0x080087a4       0x88 ./Middlewares/Third_Party/FreeRTOS/Source/queue.o
                0x080087a4                xQueueGenericCreate
 .text.xQueueGenericSend
                0x0800882c      0x314 ./Middlewares/Third_Party/FreeRTOS/Source/queue.o
                0x0800882c                xQueueGenericSend
 .text.xQueueGenericSendFromISR
                0x08008b40       0xd8 ./Middlewares/Third_Party/FreeRTOS/Source/queue.o
                0x08008b40                xQueueGenericSendFromISR
 .text.xQueueReceive
                0x08008c18      0x31c ./Middlewares/Third_Party/FreeRTOS/Source/queue.o
                0x08008c18                xQueueReceive
 .text.xQueueReceiveFromISR
                0x08008f34       0xc4 ./Middlewares/Third_Party/FreeRTOS/Source/queue.o
                0x08008f34                xQueueReceiveFromISR
 .text.vQueueAddToRegistry
                0x08008ff8       0x50 ./Middlewares/Third_Party/FreeRTOS/Source/queue.o
                0x08008ff8                vQueueAddToRegistry
 .text.vQueueWaitForMessageRestricted
                0x08009048       0xc8 ./Middlewares/Third_Party/FreeRTOS/Source/queue.o
                0x08009048                vQueueWaitForMessageRestricted
 .text.prvAddNewTaskToReadyList
                0x08009110      0x110 ./Middlewares/Third_Party/FreeRTOS/Source/tasks.o
 .text.prvInitialiseNewTask.constprop.0
                0x08009220      0x11c ./Middlewares/Third_Party/FreeRTOS/Source/tasks.o
 .text.prvIdleTask
                0x0800933c       0xa4 ./Middlewares/Third_Party/FreeRTOS/Source/tasks.o
 .text.xTaskCreateStatic
                0x080093e0       0x80 ./Middlewares/Third_Party/FreeRTOS/Source/tasks.o
                0x080093e0                xTaskCreateStatic
 .text.xTaskCreate
                0x08009460       0x60 ./Middlewares/Third_Party/FreeRTOS/Source/tasks.o
                0x08009460                xTaskCreate
 .text.vTaskStartScheduler
                0x080094c0      0x10c ./Middlewares/Third_Party/FreeRTOS/Source/tasks.o
                0x080094c0                vTaskStartScheduler
 .text.vTaskSuspendAll
                0x080095cc       0x10 ./Middlewares/Third_Party/FreeRTOS/Source/tasks.o
                0x080095cc                vTaskSuspendAll
 .text.xTaskGetTickCount
                0x080095dc        0xc ./Middlewares/Third_Party/FreeRTOS/Source/tasks.o
                0x080095dc                xTaskGetTickCount
 .text.xTaskGetTickCountFromISR
                0x080095e8       0x10 ./Middlewares/Third_Party/FreeRTOS/Source/tasks.o
                0x080095e8                xTaskGetTickCountFromISR
 .text.xTaskIncrementTick
                0x080095f8      0x16c ./Middlewares/Third_Party/FreeRTOS/Source/tasks.o
                0x080095f8                xTaskIncrementTick
 .text.xTaskResumeAll.part.0
                0x08009764      0x120 ./Middlewares/Third_Party/FreeRTOS/Source/tasks.o
 .text.xTaskResumeAll
                0x08009884       0x24 ./Middlewares/Third_Party/FreeRTOS/Source/tasks.o
                0x08009884                xTaskResumeAll
 .text.vTaskDelay
                0x080098a8       0xb4 ./Middlewares/Third_Party/FreeRTOS/Source/tasks.o
                0x080098a8                vTaskDelay
 .text.vTaskSwitchContext
                0x0800995c       0x9c ./Middlewares/Third_Party/FreeRTOS/Source/tasks.o
                0x0800995c                vTaskSwitchContext
 .text.vTaskPlaceOnEventList
                0x080099f8       0x8c ./Middlewares/Third_Party/FreeRTOS/Source/tasks.o
                0x080099f8                vTaskPlaceOnEventList
 .text.vTaskPlaceOnEventListRestricted
                0x08009a84       0x98 ./Middlewares/Third_Party/FreeRTOS/Source/tasks.o
                0x08009a84                vTaskPlaceOnEventListRestricted
 .text.xTaskRemoveFromEventList
                0x08009b1c       0x90 ./Middlewares/Third_Party/FreeRTOS/Source/tasks.o
                0x08009b1c                xTaskRemoveFromEventList
 .text.vTaskInternalSetTimeOutState
                0x08009bac       0x18 ./Middlewares/Third_Party/FreeRTOS/Source/tasks.o
                0x08009bac                vTaskInternalSetTimeOutState
 .text.xTaskCheckForTimeOut
                0x08009bc4       0x8c ./Middlewares/Third_Party/FreeRTOS/Source/tasks.o
                0x08009bc4                xTaskCheckForTimeOut
 .text.vTaskMissedYield
                0x08009c50        0xc ./Middlewares/Third_Party/FreeRTOS/Source/tasks.o
                0x08009c50                vTaskMissedYield
 .text.xTaskGetCurrentTaskHandle
                0x08009c5c        0xc ./Middlewares/Third_Party/FreeRTOS/Source/tasks.o
                0x08009c5c                xTaskGetCurrentTaskHandle
 .text.xTaskGetSchedulerState
                0x08009c68       0x20 ./Middlewares/Third_Party/FreeRTOS/Source/tasks.o
                0x08009c68                xTaskGetSchedulerState
 .text.xTaskPriorityDisinherit
                0x08009c88       0x90 ./Middlewares/Third_Party/FreeRTOS/Source/tasks.o
                0x08009c88                xTaskPriorityDisinherit
 .text.xTaskNotifyWait
                0x08009d18       0xec ./Middlewares/Third_Party/FreeRTOS/Source/tasks.o
                0x08009d18                xTaskNotifyWait
 .text.xTaskGenericNotify
                0x08009e04      0x108 ./Middlewares/Third_Party/FreeRTOS/Source/tasks.o
                0x08009e04                xTaskGenericNotify
 .text.xTaskGenericNotifyFromISR
                0x08009f0c      0x138 ./Middlewares/Third_Party/FreeRTOS/Source/tasks.o
                0x08009f0c                xTaskGenericNotifyFromISR
 .text.prvSwitchTimerLists
                0x0800a044       0x9c ./Middlewares/Third_Party/FreeRTOS/Source/timers.o
 .text.prvTimerTask
                0x0800a0e0      0x2a0 ./Middlewares/Third_Party/FreeRTOS/Source/timers.o
 .text.xTimerCreateTimerTask
                0x0800a380       0xc0 ./Middlewares/Third_Party/FreeRTOS/Source/timers.o
                0x0800a380                xTimerCreateTimerTask
 .text.prvPortStartFirstTask
                0x0800a440       0x28 ./Middlewares/Third_Party/FreeRTOS/Source/portable/GCC/ARM_CM7/r0p1/port.o
 .text.vPortEnableVFP
                0x0800a468       0x14 ./Middlewares/Third_Party/FreeRTOS/Source/portable/GCC/ARM_CM7/r0p1/port.o
 .text.prvTaskExitError
                0x0800a47c       0x48 ./Middlewares/Third_Party/FreeRTOS/Source/portable/GCC/ARM_CM7/r0p1/port.o
 .text.pxPortInitialiseStack
                0x0800a4c4       0x30 ./Middlewares/Third_Party/FreeRTOS/Source/portable/GCC/ARM_CM7/r0p1/port.o
                0x0800a4c4                pxPortInitialiseStack
 *fill*         0x0800a4f4        0xc 
 .text.SVC_Handler
                0x0800a500       0x24 ./Middlewares/Third_Party/FreeRTOS/Source/portable/GCC/ARM_CM7/r0p1/port.o
                0x0800a500                SVC_Handler
 .text.vPortEnterCritical
                0x0800a524       0x4c ./Middlewares/Third_Party/FreeRTOS/Source/portable/GCC/ARM_CM7/r0p1/port.o
                0x0800a524                vPortEnterCritical
 .text.vPortExitCritical
                0x0800a570       0x2c ./Middlewares/Third_Party/FreeRTOS/Source/portable/GCC/ARM_CM7/r0p1/port.o
                0x0800a570                vPortExitCritical
 *fill*         0x0800a59c        0x4 
 .text.PendSV_Handler
                0x0800a5a0       0x64 ./Middlewares/Third_Party/FreeRTOS/Source/portable/GCC/ARM_CM7/r0p1/port.o
                0x0800a5a0                PendSV_Handler
 .text.SysTick_Handler
                0x0800a604       0x30 ./Middlewares/Third_Party/FreeRTOS/Source/portable/GCC/ARM_CM7/r0p1/port.o
                0x0800a604                SysTick_Handler
 .text.vPortSetupTimerInterrupt
                0x0800a634       0x28 ./Middlewares/Third_Party/FreeRTOS/Source/portable/GCC/ARM_CM7/r0p1/port.o
                0x0800a634                vPortSetupTimerInterrupt
 .text.xPortStartScheduler
                0x0800a65c      0x108 ./Middlewares/Third_Party/FreeRTOS/Source/portable/GCC/ARM_CM7/r0p1/port.o
                0x0800a65c                xPortStartScheduler
 .text.vPortValidateInterruptPriority
                0x0800a764       0x64 ./Middlewares/Third_Party/FreeRTOS/Source/portable/GCC/ARM_CM7/r0p1/port.o
                0x0800a764                vPortValidateInterruptPriority
 .text.pvPortMalloc
                0x0800a7c8      0x174 ./Middlewares/Third_Party/FreeRTOS/Source/portable/MemMang/heap_4.o
                0x0800a7c8                pvPortMalloc
 .text.vPortFree
                0x0800a93c       0xc8 ./Middlewares/Third_Party/FreeRTOS/Source/portable/MemMang/heap_4.o
                0x0800a93c                vPortFree
 .text.snprintf
                0x0800aa04       0x68 C:/ST/STM32CubeIDE_1.17.0/STM32CubeIDE/plugins/com.st.stm32cube.ide.mcu.externaltools.gnu-tools-for-stm32.12.3.rel1.win32_1.1.0.202410251130/tools/bin/../lib/gcc/arm-none-eabi/12.3.1/../../../../arm-none-eabi/lib/thumb/v7e-m+fp/hard\libc_nano.a(libc_a-snprintf.o)
                0x0800aa04                sniprintf
                0x0800aa04                snprintf
 .text.memset   0x0800aa6c       0x10 C:/ST/STM32CubeIDE_1.17.0/STM32CubeIDE/plugins/com.st.stm32cube.ide.mcu.externaltools.gnu-tools-for-stm32.12.3.rel1.win32_1.1.0.202410251130/tools/bin/../lib/gcc/arm-none-eabi/12.3.1/../../../../arm-none-eabi/lib/thumb/v7e-m+fp/hard\libc_nano.a(libc_a-memset.o)
                0x0800aa6c                memset
 .text._reclaim_reent
                0x0800aa7c       0xac C:/ST/STM32CubeIDE_1.17.0/STM32CubeIDE/plugins/com.st.stm32cube.ide.mcu.externaltools.gnu-tools-for-stm32.12.3.rel1.win32_1.1.0.202410251130/tools/bin/../lib/gcc/arm-none-eabi/12.3.1/../../../../arm-none-eabi/lib/thumb/v7e-m+fp/hard\libc_nano.a(libc_a-reent.o)
                0x0800aa7c                _reclaim_reent
 .text.__errno  0x0800ab28        0xc C:/ST/STM32CubeIDE_1.17.0/STM32CubeIDE/plugins/com.st.stm32cube.ide.mcu.externaltools.gnu-tools-for-stm32.12.3.rel1.win32_1.1.0.202410251130/tools/bin/../lib/gcc/arm-none-eabi/12.3.1/../../../../arm-none-eabi/lib/thumb/v7e-m+fp/hard\libc_nano.a(libc_a-errno.o)
                0x0800ab28                __errno
 .text.__libc_init_array
                0x0800ab34       0x48 C:/ST/STM32CubeIDE_1.17.0/STM32CubeIDE/plugins/com.st.stm32cube.ide.mcu.externaltools.gnu-tools-for-stm32.12.3.rel1.win32_1.1.0.202410251130/tools/bin/../lib/gcc/arm-none-eabi/12.3.1/../../../../arm-none-eabi/lib/thumb/v7e-m+fp/hard\libc_nano.a(libc_a-init.o)
                0x0800ab34                __libc_init_array
 .text.__retarget_lock_acquire_recursive
                0x0800ab7c        0x2 C:/ST/STM32CubeIDE_1.17.0/STM32CubeIDE/plugins/com.st.stm32cube.ide.mcu.externaltools.gnu-tools-for-stm32.12.3.rel1.win32_1.1.0.202410251130/tools/bin/../lib/gcc/arm-none-eabi/12.3.1/../../../../arm-none-eabi/lib/thumb/v7e-m+fp/hard\libc_nano.a(libc_a-lock.o)
                0x0800ab7c                __retarget_lock_acquire_recursive
 .text.__retarget_lock_release_recursive
                0x0800ab7e        0x2 C:/ST/STM32CubeIDE_1.17.0/STM32CubeIDE/plugins/com.st.stm32cube.ide.mcu.externaltools.gnu-tools-for-stm32.12.3.rel1.win32_1.1.0.202410251130/tools/bin/../lib/gcc/arm-none-eabi/12.3.1/../../../../arm-none-eabi/lib/thumb/v7e-m+fp/hard\libc_nano.a(libc_a-lock.o)
                0x0800ab7e                __retarget_lock_release_recursive
 .text.memcpy   0x0800ab80       0x1c C:/ST/STM32CubeIDE_1.17.0/STM32CubeIDE/plugins/com.st.stm32cube.ide.mcu.externaltools.gnu-tools-for-stm32.12.3.rel1.win32_1.1.0.202410251130/tools/bin/../lib/gcc/arm-none-eabi/12.3.1/../../../../arm-none-eabi/lib/thumb/v7e-m+fp/hard\libc_nano.a(libc_a-memcpy-stub.o)
                0x0800ab80                memcpy
 .text._free_r  0x0800ab9c       0x94 C:/ST/STM32CubeIDE_1.17.0/STM32CubeIDE/plugins/com.st.stm32cube.ide.mcu.externaltools.gnu-tools-for-stm32.12.3.rel1.win32_1.1.0.202410251130/tools/bin/../lib/gcc/arm-none-eabi/12.3.1/../../../../arm-none-eabi/lib/thumb/v7e-m+fp/hard\libc_nano.a(libc_a-freer.o)
                0x0800ab9c                _free_r
 .text.sbrk_aligned
                0x0800ac30       0x44 C:/ST/STM32CubeIDE_1.17.0/STM32CubeIDE/plugins/com.st.stm32cube.ide.mcu.externaltools.gnu-tools-for-stm32.12.3.rel1.win32_1.1.0.202410251130/tools/bin/../lib/gcc/arm-none-eabi/12.3.1/../../../../arm-none-eabi/lib/thumb/v7e-m+fp/hard\libc_nano.a(libc_a-mallocr.o)
 .text._malloc_r
                0x0800ac74      0x100 C:/ST/STM32CubeIDE_1.17.0/STM32CubeIDE/plugins/com.st.stm32cube.ide.mcu.externaltools.gnu-tools-for-stm32.12.3.rel1.win32_1.1.0.202410251130/tools/bin/../lib/gcc/arm-none-eabi/12.3.1/../../../../arm-none-eabi/lib/thumb/v7e-m+fp/hard\libc_nano.a(libc_a-mallocr.o)
                0x0800ac74                _malloc_r
 .text.__malloc_lock
                0x0800ad74        0xc C:/ST/STM32CubeIDE_1.17.0/STM32CubeIDE/plugins/com.st.stm32cube.ide.mcu.externaltools.gnu-tools-for-stm32.12.3.rel1.win32_1.1.0.202410251130/tools/bin/../lib/gcc/arm-none-eabi/12.3.1/../../../../arm-none-eabi/lib/thumb/v7e-m+fp/hard\libc_nano.a(libc_a-mlock.o)
                0x0800ad74                __malloc_lock
 .text.__malloc_unlock
                0x0800ad80        0xc C:/ST/STM32CubeIDE_1.17.0/STM32CubeIDE/plugins/com.st.stm32cube.ide.mcu.externaltools.gnu-tools-for-stm32.12.3.rel1.win32_1.1.0.202410251130/tools/bin/../lib/gcc/arm-none-eabi/12.3.1/../../../../arm-none-eabi/lib/thumb/v7e-m+fp/hard\libc_nano.a(libc_a-mlock.o)
                0x0800ad80                __malloc_unlock
 .text.__ssputs_r
                0x0800ad8c       0xb6 C:/ST/STM32CubeIDE_1.17.0/STM32CubeIDE/plugins/com.st.stm32cube.ide.mcu.externaltools.gnu-tools-for-stm32.12.3.rel1.win32_1.1.0.202410251130/tools/bin/../lib/gcc/arm-none-eabi/12.3.1/../../../../arm-none-eabi/lib/thumb/v7e-m+fp/hard\libc_nano.a(libc_a-nano-svfprintf.o)
                0x0800ad8c                __ssputs_r
 *fill*         0x0800ae42        0x2 
 .text._svfprintf_r
                0x0800ae44      0x1f8 C:/ST/STM32CubeIDE_1.17.0/STM32CubeIDE/plugins/com.st.stm32cube.ide.mcu.externaltools.gnu-tools-for-stm32.12.3.rel1.win32_1.1.0.202410251130/tools/bin/../lib/gcc/arm-none-eabi/12.3.1/../../../../arm-none-eabi/lib/thumb/v7e-m+fp/hard\libc_nano.a(libc_a-nano-svfprintf.o)
                0x0800ae44                _svfiprintf_r
                0x0800ae44                _svfprintf_r
 .text._printf_common
                0x0800b03c       0xda C:/ST/STM32CubeIDE_1.17.0/STM32CubeIDE/plugins/com.st.stm32cube.ide.mcu.externaltools.gnu-tools-for-stm32.12.3.rel1.win32_1.1.0.202410251130/tools/bin/../lib/gcc/arm-none-eabi/12.3.1/../../../../arm-none-eabi/lib/thumb/v7e-m+fp/hard\libc_nano.a(libc_a-nano-vfprintf_i.o)
                0x0800b03c                _printf_common
 *fill*         0x0800b116        0x2 
 .text._printf_i
                0x0800b118      0x240 C:/ST/STM32CubeIDE_1.17.0/STM32CubeIDE/plugins/com.st.stm32cube.ide.mcu.externaltools.gnu-tools-for-stm32.12.3.rel1.win32_1.1.0.202410251130/tools/bin/../lib/gcc/arm-none-eabi/12.3.1/../../../../arm-none-eabi/lib/thumb/v7e-m+fp/hard\libc_nano.a(libc_a-nano-vfprintf_i.o)
                0x0800b118                _printf_i
 .text.memmove  0x0800b358       0x34 C:/ST/STM32CubeIDE_1.17.0/STM32CubeIDE/plugins/com.st.stm32cube.ide.mcu.externaltools.gnu-tools-for-stm32.12.3.rel1.win32_1.1.0.202410251130/tools/bin/../lib/gcc/arm-none-eabi/12.3.1/../../../../arm-none-eabi/lib/thumb/v7e-m+fp/hard\libc_nano.a(libc_a-memmove.o)
                0x0800b358                memmove
 .text._sbrk_r  0x0800b38c       0x20 C:/ST/STM32CubeIDE_1.17.0/STM32CubeIDE/plugins/com.st.stm32cube.ide.mcu.externaltools.gnu-tools-for-stm32.12.3.rel1.win32_1.1.0.202410251130/tools/bin/../lib/gcc/arm-none-eabi/12.3.1/../../../../arm-none-eabi/lib/thumb/v7e-m+fp/hard\libc_nano.a(libc_a-sbrkr.o)
                0x0800b38c                _sbrk_r
 .text._realloc_r
                0x0800b3ac       0x5c C:/ST/STM32CubeIDE_1.17.0/STM32CubeIDE/plugins/com.st.stm32cube.ide.mcu.externaltools.gnu-tools-for-stm32.12.3.rel1.win32_1.1.0.202410251130/tools/bin/../lib/gcc/arm-none-eabi/12.3.1/../../../../arm-none-eabi/lib/thumb/v7e-m+fp/hard\libc_nano.a(libc_a-reallocr.o)
                0x0800b3ac                _realloc_r
 .text._malloc_usable_size_r
                0x0800b408       0x10 C:/ST/STM32CubeIDE_1.17.0/STM32CubeIDE/plugins/com.st.stm32cube.ide.mcu.externaltools.gnu-tools-for-stm32.12.3.rel1.win32_1.1.0.202410251130/tools/bin/../lib/gcc/arm-none-eabi/12.3.1/../../../../arm-none-eabi/lib/thumb/v7e-m+fp/hard\libc_nano.a(libc_a-msizer.o)
                0x0800b408                _malloc_usable_size_r
 *(.glue_7)
 .glue_7        0x0800b418        0x0 linker stubs
 *(.glue_7t)
 .glue_7t       0x0800b418        0x0 linker stubs
 *(.eh_frame)
 .eh_frame      0x0800b418        0x0 C:/ST/STM32CubeIDE_1.17.0/STM32CubeIDE/plugins/com.st.stm32cube.ide.mcu.externaltools.gnu-tools-for-stm32.12.3.rel1.win32_1.1.0.202410251130/tools/bin/../lib/gcc/arm-none-eabi/12.3.1/thumb/v7e-m+fp/hard/crtbegin.o
 *(.init)
 .init          0x0800b418        0x4 C:/ST/STM32CubeIDE_1.17.0/STM32CubeIDE/plugins/com.st.stm32cube.ide.mcu.externaltools.gnu-tools-for-stm32.12.3.rel1.win32_1.1.0.202410251130/tools/bin/../lib/gcc/arm-none-eabi/12.3.1/thumb/v7e-m+fp/hard/crti.o
                0x0800b418                _init
 .init          0x0800b41c        0x8 C:/ST/STM32CubeIDE_1.17.0/STM32CubeIDE/plugins/com.st.stm32cube.ide.mcu.externaltools.gnu-tools-for-stm32.12.3.rel1.win32_1.1.0.202410251130/tools/bin/../lib/gcc/arm-none-eabi/12.3.1/thumb/v7e-m+fp/hard/crtn.o
 *(.fini)
 .fini          0x0800b424        0x4 C:/ST/STM32CubeIDE_1.17.0/STM32CubeIDE/plugins/com.st.stm32cube.ide.mcu.externaltools.gnu-tools-for-stm32.12.3.rel1.win32_1.1.0.202410251130/tools/bin/../lib/gcc/arm-none-eabi/12.3.1/thumb/v7e-m+fp/hard/crti.o
                0x0800b424                _fini
 .fini          0x0800b428        0x8 C:/ST/STM32CubeIDE_1.17.0/STM32CubeIDE/plugins/com.st.stm32cube.ide.mcu.externaltools.gnu-tools-for-stm32.12.3.rel1.win32_1.1.0.202410251130/tools/bin/../lib/gcc/arm-none-eabi/12.3.1/thumb/v7e-m+fp/hard/crtn.o
                0x0800b430                        . = ALIGN (0x4)
                0x0800b430                        _etext = .

.vfp11_veneer   0x0800b430        0x0
 .vfp11_veneer  0x0800b430        0x0 linker stubs

.v4_bx          0x0800b430        0x0
 .v4_bx         0x0800b430        0x0 linker stubs

.iplt           0x0800b430        0x0
 .iplt          0x0800b430        0x0 C:/ST/STM32CubeIDE_1.17.0/STM32CubeIDE/plugins/com.st.stm32cube.ide.mcu.externaltools.gnu-tools-for-stm32.12.3.rel1.win32_1.1.0.202410251130/tools/bin/../lib/gcc/arm-none-eabi/12.3.1/thumb/v7e-m+fp/hard/crtbegin.o

.rodata         0x0800b430      0x218
                0x0800b430                        . = ALIGN (0x4)
 *(.rodata)
 *(.rodata*)
 .rodata.man_hw
                0x0800b430       0x64 ./Core/Src/main.o
 .rodata.man_cfg
                0x0800b494       0x20 ./Core/Src/main.o
 .rodata.str1.4
                0x0800b4b4        0xc ./Core/Src/main.o
 .rodata.defaultTask_attributes
                0x0800b4c0       0x24 ./Core/Src/main.o
                0x0800b4c0                defaultTask_attributes
 .rodata.str1.4
                0x0800b4e4        0x9 ./Core/Src/manchester_fec.o
 *fill*         0x0800b4ed        0x3 
 .rodata.identity_codec
                0x0800b4f0       0x18 ./Core/Src/manchester_fec.o
 .rodata.queue_stats.str1.4
                0x0800b508       0x92 ./Core/Src/manchester_service.o
 *fill*         0x0800b59a        0x2 
 .rodata.Manchester_CreateRtosObjects.str1.4
                0x0800b59c       0x40 ./Core/Src/manchester_service.o
 .rodata.APBPrescTable
                0x0800b5dc        0x8 ./Core/Src/system_stm32f7xx.o
                0x0800b5dc                APBPrescTable
 .rodata.AHBPrescTable
                0x0800b5e4       0x10 ./Core/Src/system_stm32f7xx.o
                0x0800b5e4                AHBPrescTable
 .rodata.flagBitshiftOffset.0
                0x0800b5f4        0x8 ./Drivers/STM32F7xx_HAL_Driver/Src/stm32f7xx_hal_dma.o
 .rodata.vTaskStartScheduler.str1.4
                0x0800b5fc        0x5 ./Middlewares/Third_Party/FreeRTOS/Source/tasks.o
 *fill*         0x0800b601        0x3 
 .rodata.xTimerCreateTimerTask.str1.4
                0x0800b604       0x10 ./Middlewares/Third_Party/FreeRTOS/Source/timers.o
 .rodata._svfprintf_r.str1.1
                0x0800b614       0x11 C:/ST/STM32CubeIDE_1.17.0/STM32CubeIDE/plugins/com.st.stm32cube.ide.mcu.externaltools.gnu-tools-for-stm32.12.3.rel1.win32_1.1.0.202410251130/tools/bin/../lib/gcc/arm-none-eabi/12.3.1/../../../../arm-none-eabi/lib/thumb/v7e-m+fp/hard\libc_nano.a(libc_a-nano-svfprintf.o)
 .rodata._printf_i.str1.1
                0x0800b625       0x22 C:/ST/STM32CubeIDE_1.17.0/STM32CubeIDE/plugins/com.st.stm32cube.ide.mcu.externaltools.gnu-tools-for-stm32.12.3.rel1.win32_1.1.0.202410251130/tools/bin/../lib/gcc/arm-none-eabi/12.3.1/../../../../arm-none-eabi/lib/thumb/v7e-m+fp/hard\libc_nano.a(libc_a-nano-vfprintf_i.o)
                0x0800b648                        . = ALIGN (0x4)
 *fill*         0x0800b647        0x1 

.ARM.extab      0x0800b648        0x0
                0x0800b648                        . = ALIGN (0x4)
 *(.ARM.extab* .gnu.linkonce.armextab.*)
                0x0800b648                        . = ALIGN (0x4)

.ARM            0x0800b648        0x8
                0x0800b648                        . = ALIGN (0x4)
                0x0800b648                        __exidx_start = .
 *(.ARM.exidx*)
 .ARM.exidx     0x0800b648        0x8 C:/ST/STM32CubeIDE_1.17.0/STM32CubeIDE/plugins/com.st.stm32cube.ide.mcu.externaltools.gnu-tools-for-stm32.12.3.rel1.win32_1.1.0.202410251130/tools/bin/../lib/gcc/arm-none-eabi/12.3.1/../../../../arm-none-eabi/lib/thumb/v7e-m+fp/hard\libc_nano.a(libc_a-memchr.o)
 .ARM.exidx     0x0800b650        0x0 C:/ST/STM32CubeIDE_1.17.0/STM32CubeIDE/plugins/com.st.stm32cube.ide.mcu.externaltools.gnu-tools-for-stm32.12.3.rel1.win32_1.1.0.202410251130/tools/bin/../lib/gcc/arm-none-eabi/12.3.1/thumb/v7e-m+fp/hard\libgcc.a(_udivmoddi4.o)
                                  0x8 (size before relaxing)
                0x0800b650                        __exidx_end = .
                0x0800b650                        . = ALIGN (0x4)

.preinit_array  0x0800b650        0x0
                0x0800b650                        . = ALIGN (0x4)
                0x0800b650                        PROVIDE (__preinit_array_start = .)
 *(.preinit_array*)
                0x0800b650                        PROVIDE (__preinit_array_end = .)
                0x0800b650                        . = ALIGN (0x4)

.init_array     0x0800b650        0x4
                0x0800b650                        . = ALIGN (0x4)
                0x0800b650                        PROVIDE (__init_array_start = .)
 *(SORT_BY_NAME(.init_array.*))
 *(.init_array*)
 .init_array    0x0800b650        0x4 C:/ST/STM32CubeIDE_1.17.0/STM32CubeIDE/plugins/com.st.stm32cube.ide.mcu.externaltools.gnu-tools-for-stm32.12.3.rel1.win32_1.1.0.202410251130/tools/bin/../lib/gcc/arm-none-eabi/12.3.1/thumb/v7e-m+fp/hard/crtbegin.o
                0x0800b654                        PROVIDE (__init_array_end = .)
                0x0800b654                        . = ALIGN (0x4)

.fini_array     0x0800b654        0x4
                0x0800b654                        . = ALIGN (0x4)
                [!provide]                        PROVIDE (__fini_array_start = .)
 *(SORT_BY_NAME(.fini_array.*))
 *(.fini_array*)
 .fini_array    0x0800b654        0x4 C:/ST/STM32CubeIDE_1.17.0/STM32CubeIDE/plugins/com.st.stm32cube.ide.mcu.externaltools.gnu-tools-for-stm32.12.3.rel1.win32_1.1.0.202410251130/tools/bin/../lib/gcc/arm-none-eabi/12.3.1/thumb/v7e-m+fp/hard/crtbegin.o
                [!provide]                        PROVIDE (__fini_array_end = .)
                0x0800b658                        . = ALIGN (0x4)
                0x0800b658                        _sidata = LOADADDR (.data)

.rel.dyn        0x0800b658        0x0
 .rel.iplt      0x0800b658        0x0 C:/ST/STM32CubeIDE_1.17.0/STM32CubeIDE/plugins/com.st.stm32cube.ide.mcu.externaltools.gnu-tools-for-stm32.12.3.rel1.win32_1.1.0.202410251130/tools/bin/../lib/gcc/arm-none-eabi/12.3.1/thumb/v7e-m+fp/hard/crtbegin.o

.data           0x20010000       0x60 load address 0x0800b658
                0x20010000                        . = ALIGN (0x4)
                0x20010000                        _sdata = .
 *(.data)
 *(.data*)
 .data.SystemCoreClock
                0x20010000        0x4 ./Core/Src/system_stm32f7xx.o
                0x20010000                SystemCoreClock
 .data.uwTickFreq
                0x20010004        0x1 ./Drivers/STM32F7xx_HAL_Driver/Src/stm32f7xx_hal.o
                0x20010004                uwTickFreq
 *fill*         0x20010005        0x3 
 .data.uwTickPrio
                0x20010008        0x4 ./Drivers/STM32F7xx_HAL_Driver/Src/stm32f7xx_hal.o
                0x20010008                uwTickPrio
 .data.uxCriticalNesting
                0x2001000c        0x4 ./Middlewares/Third_Party/FreeRTOS/Source/portable/GCC/ARM_CM7/r0p1/port.o
 .data._impure_ptr
                0x20010010        0x4 C:/ST/STM32CubeIDE_1.17.0/STM32CubeIDE/plugins/com.st.stm32cube.ide.mcu.externaltools.gnu-tools-for-stm32.12.3.rel1.win32_1.1.0.202410251130/tools/bin/../lib/gcc/arm-none-eabi/12.3.1/../../../../arm-none-eabi/lib/thumb/v7e-m+fp/hard\libc_nano.a(libc_a-impure.o)
                0x20010010                _impure_ptr
 .data._impure_data
                0x20010014       0x4c C:/ST/STM32CubeIDE_1.17.0/STM32CubeIDE/plugins/com.st.stm32cube.ide.mcu.externaltools.gnu-tools-for-stm32.12.3.rel1.win32_1.1.0.202410251130/tools/bin/../lib/gcc/arm-none-eabi/12.3.1/../../../../arm-none-eabi/lib/thumb/v7e-m+fp/hard\libc_nano.a(libc_a-impure.o)
                0x20010014                _impure_data
 *(.RamFunc)
 *(.RamFunc*)
                0x20010060                        . = ALIGN (0x4)
                0x20010060                        _edata = .

.igot.plt       0x20010060        0x0 load address 0x0800b6b8
 .igot.plt      0x20010060        0x0 C:/ST/STM32CubeIDE_1.17.0/STM32CubeIDE/plugins/com.st.stm32cube.ide.mcu.externaltools.gnu-tools-for-stm32.12.3.rel1.win32_1.1.0.202410251130/tools/bin/../lib/gcc/arm-none-eabi/12.3.1/thumb/v7e-m+fp/hard/crtbegin.o
                0x20010060                        . = ALIGN (0x4)

.bss            0x20010060    0x157b0 load address 0x0800b6b8
                0x20010060                        _sbss = .
                0x20010060                        __bss_start__ = _sbss
 *(.bss)
 .bss           0x20010060       0x1c C:/ST/STM32CubeIDE_1.17.0/STM32CubeIDE/plugins/com.st.stm32cube.ide.mcu.externaltools.gnu-tools-for-stm32.12.3.rel1.win32_1.1.0.202410251130/tools/bin/../lib/gcc/arm-none-eabi/12.3.1/thumb/v7e-m+fp/hard/crtbegin.o
 *(.bss*)
 .bss.defaultTaskHandle
                0x2001007c        0x4 ./Core/Src/main.o
                0x2001007c                defaultTaskHandle
 .bss.hdma_usart3_tx
                0x20010080       0x60 ./Core/Src/main.o
                0x20010080                hdma_usart3_tx
 .bss.hdma_usart3_rx
                0x200100e0       0x60 ./Core/Src/main.o
                0x200100e0                hdma_usart3_rx
 .bss.huart3    0x20010140       0x88 ./Core/Src/main.o
                0x20010140                huart3
 .bss.hdma_tim1_up
                0x200101c8       0x60 ./Core/Src/main.o
                0x200101c8                hdma_tim1_up
 .bss.htim8     0x20010228       0x4c ./Core/Src/main.o
                0x20010228                htim8
 .bss.htim3     0x20010274       0x4c ./Core/Src/main.o
                0x20010274                htim3
 .bss.htim1     0x200102c0       0x4c ./Core/Src/main.o
                0x200102c0                htim1
 .bss.hdma_spi4_rx
                0x2001030c       0x60 ./Core/Src/main.o
                0x2001030c                hdma_spi4_rx
 .bss.hspi4     0x2001036c       0x64 ./Core/Src/main.o
                0x2001036c                hspi4
 .bss.hspi1     0x200103d0       0x64 ./Core/Src/main.o
                0x200103d0                hspi1
 .bss.g_dbg_previous_edge_valid
                0x20010434        0x1 ./Core/Src/manchester_rx_dsp.o
 *fill*         0x20010435        0x3 
 .bss.g_dbg_previous_edge
                0x20010438        0x8 ./Core/Src/manchester_rx_dsp.o
 .bss.g_dbg_edge_histogram
                0x20010440       0x80 ./Core/Src/manchester_rx_dsp.o
                0x20010440                g_dbg_edge_histogram
 .bss.g_dbg_max_pattern_match
                0x200104c0        0x4 ./Core/Src/manchester_rx_dsp.o
                0x200104c0                g_dbg_max_pattern_match
 .bss.g_dbg_valid_bits
                0x200104c4        0x8 ./Core/Src/manchester_rx_dsp.o
                0x200104c4                g_dbg_valid_bits
 .bss.g_dbg_invalid_pairs
                0x200104cc        0x8 ./Core/Src/manchester_rx_dsp.o
                0x200104cc                g_dbg_invalid_pairs
 .bss.g_dbg_edge_delta_count
                0x200104d4        0x4 ./Core/Src/manchester_rx_dsp.o
                0x200104d4                g_dbg_edge_delta_count
 .bss.g_dbg_edge_deltas
                0x200104d8       0x80 ./Core/Src/manchester_rx_dsp.o
                0x200104d8                g_dbg_edge_deltas
 .bss.g_rx_reset_requested
                0x20010558        0x1 ./Core/Src/manchester_service.o
 .bss.g_rx_muted
                0x20010559        0x1 ./Core/Src/manchester_service.o
 *fill*         0x2001055a        0x2 
 .bss.g_dbg_timer_ticks
                0x2001055c        0x4 ./Core/Src/manchester_service.o
                0x2001055c                g_dbg_timer_ticks
 .bss.g_dbg_timer_clock_hz
                0x20010560        0x4 ./Core/Src/manchester_service.o
                0x20010560                g_dbg_timer_clock_hz
 .bss.g_dbg_pattern_corrupted_at
                0x20010564        0x4 ./Core/Src/manchester_service.o
                0x20010564                g_dbg_pattern_corrupted_at
 .bss.g_dbg_rx_block_number
                0x20010568        0x4 ./Core/Src/manchester_service.o
                0x20010568                g_dbg_rx_block_number
 .bss.g_dbg_pattern_length_1
                0x2001056c        0x2 ./Core/Src/manchester_service.o
                0x2001056c                g_dbg_pattern_length_1
 .bss.g_dbg_pattern_length_0
                0x2001056e        0x2 ./Core/Src/manchester_service.o
                0x2001056e                g_dbg_pattern_length_0
 .bss.g_rx_blocks_processed
                0x20010570        0x4 ./Core/Src/manchester_service.o
                0x20010570                g_rx_blocks_processed
 .bss.g_rx_cycles_max
                0x20010574        0x4 ./Core/Src/manchester_service.o
                0x20010574                g_rx_cycles_max
 .bss.g_rx_cycles_last
                0x20010578        0x4 ./Core/Src/manchester_service.o
                0x20010578                g_rx_cycles_last
 .bss.g_tx_reset_pending
                0x2001057c        0x1 ./Core/Src/manchester_service.o
 .bss.g_expected_rx_sequence_valid
                0x2001057d        0x1 ./Core/Src/manchester_service.o
 .bss.g_expected_rx_sequence
                0x2001057e        0x1 ./Core/Src/manchester_service.o
 .bss.g_tx_sequence
                0x2001057f        0x1 ./Core/Src/manchester_service.o
 .bss.g_uart_tx_busy
                0x20010580        0x1 ./Core/Src/manchester_service.o
 *fill*         0x20010581        0x3 
 .bss.g_uart_events
                0x20010584       0x80 ./Core/Src/manchester_service.o
 .bss.g_uart_event_tail
                0x20010604        0x1 ./Core/Src/manchester_service.o
 .bss.g_uart_event_head
                0x20010605        0x1 ./Core/Src/manchester_service.o
 *fill*         0x20010606        0x2 
 .bss.g_spi_pending
                0x20010608        0x4 ./Core/Src/manchester_service.o
 .bss.g_uart_out_queue
                0x2001060c        0x4 ./Core/Src/manchester_service.o
 .bss.g_rx_queue
                0x20010610        0x4 ./Core/Src/manchester_service.o
 .bss.g_tx_queue
                0x20010614        0x4 ./Core/Src/manchester_service.o
 .bss.g_app_task
                0x20010618        0x4 ./Core/Src/manchester_service.o
 .bss.g_uart_task
                0x2001061c        0x4 ./Core/Src/manchester_service.o
 .bss.g_tx_task
                0x20010620        0x4 ./Core/Src/manchester_service.o
 .bss.g_rx_task
                0x20010624        0x4 ./Core/Src/manchester_service.o
 .bss.g_uart_temporary
                0x20010628      0x800 ./Core/Src/manchester_service.o
 .bss.g_uart_assembly
                0x20010e28     0x1000 ./Core/Src/manchester_service.o
 .bss.g_tx_fec_ctx
                0x20011e28       0x40 ./Core/Src/manchester_service.o
 .bss.g_tx_wire_bits
                0x20011e68      0x200 ./Core/Src/manchester_service.o
 .bss.g_decoder
                0x20012068     0x2768 ./Core/Src/manchester_service.o
 .bss.g_fec     0x200147d0        0x4 ./Core/Src/manchester_service.o
 .bss.g_rx_sample_rate_hz
                0x200147d4        0x4 ./Core/Src/manchester_service.o
 .bss.g_initialized
                0x200147d8        0x1 ./Core/Src/manchester_service.o
 *fill*         0x200147d9        0x3 
 .bss.g_diag    0x200147dc       0x38 ./Core/Src/manchester_service.o
 .bss.g_cfg     0x20014814       0x20 ./Core/Src/manchester_service.o
 .bss.g_hw      0x20014834       0x64 ./Core/Src/manchester_service.o
 .bss.htim6     0x20014898       0x4c ./Core/Src/stm32f7xx_hal_timebase_tim.o
                0x20014898                htim6
 .bss.__sbrk_heap_end
                0x200148e4        0x4 ./Core/Src/sysmem.o
 .bss.uwTick    0x200148e8        0x4 ./Drivers/STM32F7xx_HAL_Driver/Src/stm32f7xx_hal.o
                0x200148e8                uwTick
 .bss.Timer_Stack
                0x200148ec      0x400 ./Middlewares/Third_Party/FreeRTOS/Source/CMSIS_RTOS_V2/cmsis_os2.o
 .bss.Timer_TCB
                0x20014cec       0xa8 ./Middlewares/Third_Party/FreeRTOS/Source/CMSIS_RTOS_V2/cmsis_os2.o
 .bss.Idle_Stack
                0x20014d94      0x200 ./Middlewares/Third_Party/FreeRTOS/Source/CMSIS_RTOS_V2/cmsis_os2.o
 .bss.Idle_TCB  0x20014f94       0xa8 ./Middlewares/Third_Party/FreeRTOS/Source/CMSIS_RTOS_V2/cmsis_os2.o
 .bss.KernelState
                0x2001503c        0x4 ./Middlewares/Third_Party/FreeRTOS/Source/CMSIS_RTOS_V2/cmsis_os2.o
 .bss.xQueueRegistry
                0x20015040       0x40 ./Middlewares/Third_Party/FreeRTOS/Source/queue.o
                0x20015040                xQueueRegistry
 .bss.uxSchedulerSuspended
                0x20015080        0x4 ./Middlewares/Third_Party/FreeRTOS/Source/tasks.o
 .bss.xNextTaskUnblockTime
                0x20015084        0x4 ./Middlewares/Third_Party/FreeRTOS/Source/tasks.o
 .bss.uxTaskNumber
                0x20015088        0x4 ./Middlewares/Third_Party/FreeRTOS/Source/tasks.o
 .bss.xNumOfOverflows
                0x2001508c        0x4 ./Middlewares/Third_Party/FreeRTOS/Source/tasks.o
 .bss.xYieldPending
                0x20015090        0x4 ./Middlewares/Third_Party/FreeRTOS/Source/tasks.o
 .bss.uxPendedTicks
                0x20015094        0x4 ./Middlewares/Third_Party/FreeRTOS/Source/tasks.o
 .bss.xSchedulerRunning
                0x20015098        0x4 ./Middlewares/Third_Party/FreeRTOS/Source/tasks.o
 .bss.uxTopReadyPriority
                0x2001509c        0x4 ./Middlewares/Third_Party/FreeRTOS/Source/tasks.o
 .bss.xTickCount
                0x200150a0        0x4 ./Middlewares/Third_Party/FreeRTOS/Source/tasks.o
 .bss.uxCurrentNumberOfTasks
                0x200150a4        0x4 ./Middlewares/Third_Party/FreeRTOS/Source/tasks.o
 .bss.xSuspendedTaskList
                0x200150a8       0x14 ./Middlewares/Third_Party/FreeRTOS/Source/tasks.o
 .bss.uxDeletedTasksWaitingCleanUp
                0x200150bc        0x4 ./Middlewares/Third_Party/FreeRTOS/Source/tasks.o
 .bss.xTasksWaitingTermination
                0x200150c0       0x14 ./Middlewares/Third_Party/FreeRTOS/Source/tasks.o
 .bss.xPendingReadyList
                0x200150d4       0x14 ./Middlewares/Third_Party/FreeRTOS/Source/tasks.o
 .bss.pxOverflowDelayedTaskList
                0x200150e8        0x4 ./Middlewares/Third_Party/FreeRTOS/Source/tasks.o
 .bss.pxDelayedTaskList
                0x200150ec        0x4 ./Middlewares/Third_Party/FreeRTOS/Source/tasks.o
 .bss.xDelayedTaskList2
                0x200150f0       0x14 ./Middlewares/Third_Party/FreeRTOS/Source/tasks.o
 .bss.xDelayedTaskList1
                0x20015104       0x14 ./Middlewares/Third_Party/FreeRTOS/Source/tasks.o
 .bss.pxReadyTasksLists
                0x20015118      0x460 ./Middlewares/Third_Party/FreeRTOS/Source/tasks.o
 .bss.pxCurrentTCB
                0x20015578        0x4 ./Middlewares/Third_Party/FreeRTOS/Source/tasks.o
                0x20015578                pxCurrentTCB
 .bss.xStaticTimerQueue.0
                0x2001557c       0x50 ./Middlewares/Third_Party/FreeRTOS/Source/timers.o
 .bss.ucStaticTimerQueueStorage.1
                0x200155cc       0xa0 ./Middlewares/Third_Party/FreeRTOS/Source/timers.o
 .bss.xLastTime.2
                0x2001566c        0x4 ./Middlewares/Third_Party/FreeRTOS/Source/timers.o
 .bss.xTimerTaskHandle
                0x20015670        0x4 ./Middlewares/Third_Party/FreeRTOS/Source/timers.o
 .bss.xTimerQueue
                0x20015674        0x4 ./Middlewares/Third_Party/FreeRTOS/Source/timers.o
 .bss.pxOverflowTimerList
                0x20015678        0x4 ./Middlewares/Third_Party/FreeRTOS/Source/timers.o
 .bss.pxCurrentTimerList
                0x2001567c        0x4 ./Middlewares/Third_Party/FreeRTOS/Source/timers.o
 .bss.xActiveTimerList2
                0x20015680       0x14 ./Middlewares/Third_Party/FreeRTOS/Source/timers.o
 .bss.xActiveTimerList1
                0x20015694       0x14 ./Middlewares/Third_Party/FreeRTOS/Source/timers.o
 .bss.ulMaxPRIGROUPValue
                0x200156a8        0x4 ./Middlewares/Third_Party/FreeRTOS/Source/portable/GCC/ARM_CM7/r0p1/port.o
 .bss.ucMaxSysCallPriority
                0x200156ac        0x1 ./Middlewares/Third_Party/FreeRTOS/Source/portable/GCC/ARM_CM7/r0p1/port.o
 *fill*         0x200156ad        0x3 
 .bss.xBlockAllocatedBit
                0x200156b0        0x4 ./Middlewares/Third_Party/FreeRTOS/Source/portable/MemMang/heap_4.o
 .bss.xMinimumEverFreeBytesRemaining
                0x200156b4        0x4 ./Middlewares/Third_Party/FreeRTOS/Source/portable/MemMang/heap_4.o
 .bss.xFreeBytesRemaining
                0x200156b8        0x4 ./Middlewares/Third_Party/FreeRTOS/Source/portable/MemMang/heap_4.o
 .bss.pxEnd     0x200156bc        0x4 ./Middlewares/Third_Party/FreeRTOS/Source/portable/MemMang/heap_4.o
 .bss.xStart    0x200156c0        0x8 ./Middlewares/Third_Party/FreeRTOS/Source/portable/MemMang/heap_4.o
 .bss.ucHeap    0x200156c8    0x10000 ./Middlewares/Third_Party/FreeRTOS/Source/portable/MemMang/heap_4.o
 .bss.__sf      0x200256c8      0x138 C:/ST/STM32CubeIDE_1.17.0/STM32CubeIDE/plugins/com.st.stm32cube.ide.mcu.externaltools.gnu-tools-for-stm32.12.3.rel1.win32_1.1.0.202410251130/tools/bin/../lib/gcc/arm-none-eabi/12.3.1/../../../../arm-none-eabi/lib/thumb/v7e-m+fp/hard\libc_nano.a(libc_a-findfp.o)
                0x200256c8                __sf
 .bss.errno     0x20025800        0x4 C:/ST/STM32CubeIDE_1.17.0/STM32CubeIDE/plugins/com.st.stm32cube.ide.mcu.externaltools.gnu-tools-for-stm32.12.3.rel1.win32_1.1.0.202410251130/tools/bin/../lib/gcc/arm-none-eabi/12.3.1/../../../../arm-none-eabi/lib/thumb/v7e-m+fp/hard\libc_nano.a(libc_a-reent.o)
                0x20025800                errno
 .bss.__lock___malloc_recursive_mutex
                0x20025804        0x1 C:/ST/STM32CubeIDE_1.17.0/STM32CubeIDE/plugins/com.st.stm32cube.ide.mcu.externaltools.gnu-tools-for-stm32.12.3.rel1.win32_1.1.0.202410251130/tools/bin/../lib/gcc/arm-none-eabi/12.3.1/../../../../arm-none-eabi/lib/thumb/v7e-m+fp/hard\libc_nano.a(libc_a-lock.o)
                0x20025804                __lock___malloc_recursive_mutex
 *fill*         0x20025805        0x3 
 .bss.__malloc_sbrk_start
                0x20025808        0x4 C:/ST/STM32CubeIDE_1.17.0/STM32CubeIDE/plugins/com.st.stm32cube.ide.mcu.externaltools.gnu-tools-for-stm32.12.3.rel1.win32_1.1.0.202410251130/tools/bin/../lib/gcc/arm-none-eabi/12.3.1/../../../../arm-none-eabi/lib/thumb/v7e-m+fp/hard\libc_nano.a(libc_a-mallocr.o)
                0x20025808                __malloc_sbrk_start
 .bss.__malloc_free_list
                0x2002580c        0x4 C:/ST/STM32CubeIDE_1.17.0/STM32CubeIDE/plugins/com.st.stm32cube.ide.mcu.externaltools.gnu-tools-for-stm32.12.3.rel1.win32_1.1.0.202410251130/tools/bin/../lib/gcc/arm-none-eabi/12.3.1/../../../../arm-none-eabi/lib/thumb/v7e-m+fp/hard\libc_nano.a(libc_a-mallocr.o)
                0x2002580c                __malloc_free_list
 *(COMMON)
                0x20025810                        . = ALIGN (0x4)
                0x20025810                        _ebss = .
                0x20025810                        __bss_end__ = _ebss

.dma_buffer     0x20000000     0x9a00
                0x20000000                        . = ALIGN (0x20)
                0x20000000                        __dma_buffer_start__ = .
 *(.dma_buffer)
 .dma_buffer    0x20000000     0x9a00 ./Core/Src/manchester_service.o
 *(.dma_buffer*)
                0x20009a00                        . = ALIGN (0x20)
                0x20009a00                        __dma_buffer_end__ = .

._user_heap_stack
                0x20025810      0x600
                0x20025810                        . = ALIGN (0x8)
                [!provide]                        PROVIDE (end = .)
                0x20025810                        PROVIDE (_end = .)
                0x20025a10                        . = (. + _Min_Heap_Size)
 *fill*         0x20025810      0x200 
                0x20025e10                        . = (. + _Min_Stack_Size)
 *fill*         0x20025a10      0x400 
                0x20025e10                        . = ALIGN (0x8)

/DISCARD/
 libc.a(*)
 libm.a(*)
 libgcc.a(*)

.ARM.attributes
                0x00000000       0x30
 *(.ARM.attributes)
 .ARM.attributes
                0x00000000       0x22 C:/ST/STM32CubeIDE_1.17.0/STM32CubeIDE/plugins/com.st.stm32cube.ide.mcu.externaltools.gnu-tools-for-stm32.12.3.rel1.win32_1.1.0.202410251130/tools/bin/../lib/gcc/arm-none-eabi/12.3.1/thumb/v7e-m+fp/hard/crti.o
 .ARM.attributes
                0x00000022       0x34 C:/ST/STM32CubeIDE_1.17.0/STM32CubeIDE/plugins/com.st.stm32cube.ide.mcu.externaltools.gnu-tools-for-stm32.12.3.rel1.win32_1.1.0.202410251130/tools/bin/../lib/gcc/arm-none-eabi/12.3.1/thumb/v7e-m+fp/hard/crtbegin.o
 .ARM.attributes
                0x00000056       0x34 ./Core/Src/main.o
 .ARM.attributes
                0x0000008a       0x34 ./Core/Src/manchester_bits.o
 .ARM.attributes
                0x000000be       0x34 ./Core/Src/manchester_crc.o
 .ARM.attributes
                0x000000f2       0x34 ./Core/Src/manchester_fec.o
 .ARM.attributes
                0x00000126       0x34 ./Core/Src/manchester_frame.o
 .ARM.attributes
                0x0000015a       0x34 ./Core/Src/manchester_hal_callbacks.o
 .ARM.attributes
                0x0000018e       0x34 ./Core/Src/manchester_line.o
 .ARM.attributes
                0x000001c2       0x34 ./Core/Src/manchester_rx_dsp.o
 .ARM.attributes
                0x000001f6       0x34 ./Core/Src/manchester_service.o
 .ARM.attributes
                0x0000022a       0x34 ./Core/Src/stm32f7xx_hal_msp.o
 .ARM.attributes
                0x0000025e       0x34 ./Core/Src/stm32f7xx_hal_timebase_tim.o
 .ARM.attributes
                0x00000292       0x34 ./Core/Src/stm32f7xx_it.o
 .ARM.attributes
                0x000002c6       0x34 ./Core/Src/sysmem.o
 .ARM.attributes
                0x000002fa       0x34 ./Core/Src/system_stm32f7xx.o
 .ARM.attributes
                0x0000032e       0x21 ./Core/Startup/startup_stm32f746zgtx.o
 .ARM.attributes
                0x0000034f       0x34 ./Drivers/STM32F7xx_HAL_Driver/Src/stm32f7xx_hal.o
 .ARM.attributes
                0x00000383       0x34 ./Drivers/STM32F7xx_HAL_Driver/Src/stm32f7xx_hal_cortex.o
 .ARM.attributes
                0x000003b7       0x34 ./Drivers/STM32F7xx_HAL_Driver/Src/stm32f7xx_hal_dma.o
 .ARM.attributes
                0x000003eb       0x34 ./Drivers/STM32F7xx_HAL_Driver/Src/stm32f7xx_hal_gpio.o
 .ARM.attributes
                0x0000041f       0x34 ./Drivers/STM32F7xx_HAL_Driver/Src/stm32f7xx_hal_pwr.o
 .ARM.attributes
                0x00000453       0x34 ./Drivers/STM32F7xx_HAL_Driver/Src/stm32f7xx_hal_pwr_ex.o
 .ARM.attributes
                0x00000487       0x34 ./Drivers/STM32F7xx_HAL_Driver/Src/stm32f7xx_hal_rcc.o
 .ARM.attributes
                0x000004bb       0x34 ./Drivers/STM32F7xx_HAL_Driver/Src/stm32f7xx_hal_rcc_ex.o
 .ARM.attributes
                0x000004ef       0x34 ./Drivers/STM32F7xx_HAL_Driver/Src/stm32f7xx_hal_spi.o
 .ARM.attributes
                0x00000523       0x34 ./Drivers/STM32F7xx_HAL_Driver/Src/stm32f7xx_hal_tim.o
 .ARM.attributes
                0x00000557       0x34 ./Drivers/STM32F7xx_HAL_Driver/Src/stm32f7xx_hal_tim_ex.o
 .ARM.attributes
                0x0000058b       0x34 ./Drivers/STM32F7xx_HAL_Driver/Src/stm32f7xx_hal_uart.o
 .ARM.attributes
                0x000005bf       0x34 ./Drivers/STM32F7xx_HAL_Driver/Src/stm32f7xx_hal_uart_ex.o
 .ARM.attributes
                0x000005f3       0x34 ./Middlewares/Third_Party/FreeRTOS/Source/CMSIS_RTOS_V2/cmsis_os2.o
 .ARM.attributes
                0x00000627       0x34 ./Middlewares/Third_Party/FreeRTOS/Source/list.o
 .ARM.attributes
                0x0000065b       0x34 ./Middlewares/Third_Party/FreeRTOS/Source/queue.o
 .ARM.attributes
                0x0000068f       0x34 ./Middlewares/Third_Party/FreeRTOS/Source/tasks.o
 .ARM.attributes
                0x000006c3       0x34 ./Middlewares/Third_Party/FreeRTOS/Source/timers.o
 .ARM.attributes
                0x000006f7       0x34 ./Middlewares/Third_Party/FreeRTOS/Source/portable/GCC/ARM_CM7/r0p1/port.o
 .ARM.attributes
                0x0000072b       0x34 ./Middlewares/Third_Party/FreeRTOS/Source/portable/MemMang/heap_4.o
 .ARM.attributes
                0x0000075f       0x34 C:/ST/STM32CubeIDE_1.17.0/STM32CubeIDE/plugins/com.st.stm32cube.ide.mcu.externaltools.gnu-tools-for-stm32.12.3.rel1.win32_1.1.0.202410251130/tools/bin/../lib/gcc/arm-none-eabi/12.3.1/../../../../arm-none-eabi/lib/thumb/v7e-m+fp/hard\libc_nano.a(libc_a-findfp.o)
 .ARM.attributes
                0x00000793       0x34 C:/ST/STM32CubeIDE_1.17.0/STM32CubeIDE/plugins/com.st.stm32cube.ide.mcu.externaltools.gnu-tools-for-stm32.12.3.rel1.win32_1.1.0.202410251130/tools/bin/../lib/gcc/arm-none-eabi/12.3.1/../../../../arm-none-eabi/lib/thumb/v7e-m+fp/hard\libc_nano.a(libc_a-snprintf.o)
 .ARM.attributes
                0x000007c7       0x34 C:/ST/STM32CubeIDE_1.17.0/STM32CubeIDE/plugins/com.st.stm32cube.ide.mcu.externaltools.gnu-tools-for-stm32.12.3.rel1.win32_1.1.0.202410251130/tools/bin/../lib/gcc/arm-none-eabi/12.3.1/../../../../arm-none-eabi/lib/thumb/v7e-m+fp/hard\libc_nano.a(libc_a-memset.o)
 .ARM.attributes
                0x000007fb       0x34 C:/ST/STM32CubeIDE_1.17.0/STM32CubeIDE/plugins/com.st.stm32cube.ide.mcu.externaltools.gnu-tools-for-stm32.12.3.rel1.win32_1.1.0.202410251130/tools/bin/../lib/gcc/arm-none-eabi/12.3.1/../../../../arm-none-eabi/lib/thumb/v7e-m+fp/hard\libc_nano.a(libc_a-reent.o)
 .ARM.attributes
                0x0000082f       0x34 C:/ST/STM32CubeIDE_1.17.0/STM32CubeIDE/plugins/com.st.stm32cube.ide.mcu.externaltools.gnu-tools-for-stm32.12.3.rel1.win32_1.1.0.202410251130/tools/bin/../lib/gcc/arm-none-eabi/12.3.1/../../../../arm-none-eabi/lib/thumb/v7e-m+fp/hard\libc_nano.a(libc_a-impure.o)
 .ARM.attributes
                0x00000863       0x34 C:/ST/STM32CubeIDE_1.17.0/STM32CubeIDE/plugins/com.st.stm32cube.ide.mcu.externaltools.gnu-tools-for-stm32.12.3.rel1.win32_1.1.0.202410251130/tools/bin/../lib/gcc/arm-none-eabi/12.3.1/../../../../arm-none-eabi/lib/thumb/v7e-m+fp/hard\libc_nano.a(libc_a-errno.o)
 .ARM.attributes
                0x00000897       0x34 C:/ST/STM32CubeIDE_1.17.0/STM32CubeIDE/plugins/com.st.stm32cube.ide.mcu.externaltools.gnu-tools-for-stm32.12.3.rel1.win32_1.1.0.202410251130/tools/bin/../lib/gcc/arm-none-eabi/12.3.1/../../../../arm-none-eabi/lib/thumb/v7e-m+fp/hard\libc_nano.a(libc_a-init.o)
 .ARM.attributes
                0x000008cb       0x34 C:/ST/STM32CubeIDE_1.17.0/STM32CubeIDE/plugins/com.st.stm32cube.ide.mcu.externaltools.gnu-tools-for-stm32.12.3.rel1.win32_1.1.0.202410251130/tools/bin/../lib/gcc/arm-none-eabi/12.3.1/../../../../arm-none-eabi/lib/thumb/v7e-m+fp/hard\libc_nano.a(libc_a-lock.o)
 .ARM.attributes
                0x000008ff       0x34 C:/ST/STM32CubeIDE_1.17.0/STM32CubeIDE/plugins/com.st.stm32cube.ide.mcu.externaltools.gnu-tools-for-stm32.12.3.rel1.win32_1.1.0.202410251130/tools/bin/../lib/gcc/arm-none-eabi/12.3.1/../../../../arm-none-eabi/lib/thumb/v7e-m+fp/hard\libc_nano.a(libc_a-memcpy-stub.o)
 .ARM.attributes
                0x00000933       0x34 C:/ST/STM32CubeIDE_1.17.0/STM32CubeIDE/plugins/com.st.stm32cube.ide.mcu.externaltools.gnu-tools-for-stm32.12.3.rel1.win32_1.1.0.202410251130/tools/bin/../lib/gcc/arm-none-eabi/12.3.1/../../../../arm-none-eabi/lib/thumb/v7e-m+fp/hard\libc_nano.a(libc_a-freer.o)
 .ARM.attributes
                0x00000967       0x34 C:/ST/STM32CubeIDE_1.17.0/STM32CubeIDE/plugins/com.st.stm32cube.ide.mcu.externaltools.gnu-tools-for-stm32.12.3.rel1.win32_1.1.0.202410251130/tools/bin/../lib/gcc/arm-none-eabi/12.3.1/../../../../arm-none-eabi/lib/thumb/v7e-m+fp/hard\libc_nano.a(libc_a-mallocr.o)
 .ARM.attributes
                0x0000099b       0x34 C:/ST/STM32CubeIDE_1.17.0/STM32CubeIDE/plugins/com.st.stm32cube.ide.mcu.externaltools.gnu-tools-for-stm32.12.3.rel1.win32_1.1.0.202410251130/tools/bin/../lib/gcc/arm-none-eabi/12.3.1/../../../../arm-none-eabi/lib/thumb/v7e-m+fp/hard\libc_nano.a(libc_a-mlock.o)
 .ARM.attributes
                0x000009cf       0x34 C:/ST/STM32CubeIDE_1.17.0/STM32CubeIDE/plugins/com.st.stm32cube.ide.mcu.externaltools.gnu-tools-for-stm32.12.3.rel1.win32_1.1.0.202410251130/tools/bin/../lib/gcc/arm-none-eabi/12.3.1/../../../../arm-none-eabi/lib/thumb/v7e-m+fp/hard\libc_nano.a(libc_a-nano-svfprintf.o)
 .ARM.attributes
                0x00000a03       0x34 C:/ST/STM32CubeIDE_1.17.0/STM32CubeIDE/plugins/com.st.stm32cube.ide.mcu.externaltools.gnu-tools-for-stm32.12.3.rel1.win32_1.1.0.202410251130/tools/bin/../lib/gcc/arm-none-eabi/12.3.1/../../../../arm-none-eabi/lib/thumb/v7e-m+fp/hard\libc_nano.a(libc_a-nano-vfprintf_i.o)
 .ARM.attributes
                0x00000a37       0x34 C:/ST/STM32CubeIDE_1.17.0/STM32CubeIDE/plugins/com.st.stm32cube.ide.mcu.externaltools.gnu-tools-for-stm32.12.3.rel1.win32_1.1.0.202410251130/tools/bin/../lib/gcc/arm-none-eabi/12.3.1/../../../../arm-none-eabi/lib/thumb/v7e-m+fp/hard\libc_nano.a(libc_a-memmove.o)
 .ARM.attributes
                0x00000a6b       0x34 C:/ST/STM32CubeIDE_1.17.0/STM32CubeIDE/plugins/com.st.stm32cube.ide.mcu.externaltools.gnu-tools-for-stm32.12.3.rel1.win32_1.1.0.202410251130/tools/bin/../lib/gcc/arm-none-eabi/12.3.1/../../../../arm-none-eabi/lib/thumb/v7e-m+fp/hard\libc_nano.a(libc_a-sbrkr.o)
 .ARM.attributes
                0x00000a9f       0x1c C:/ST/STM32CubeIDE_1.17.0/STM32CubeIDE/plugins/com.st.stm32cube.ide.mcu.externaltools.gnu-tools-for-stm32.12.3.rel1.win32_1.1.0.202410251130/tools/bin/../lib/gcc/arm-none-eabi/12.3.1/../../../../arm-none-eabi/lib/thumb/v7e-m+fp/hard\libc_nano.a(libc_a-memchr.o)
 .ARM.attributes